Archive member included to satisfy reference by file (symbol)

/home/src/eclipse-workspace/stm32f1_irdecode/libopencm3/lib/libopencm3_stm32f1.a(gpio.o)
                              ./src/cdcacm.o (gpio_set_mode)
/home/src/eclipse-workspace/stm32f1_irdecode/libopencm3/lib/libopencm3_stm32f1.a(gpio_common_all.o)
                              ./src/cdcacm.o (gpio_set)
/home/src/eclipse-workspace/stm32f1_irdecode/libopencm3/lib/libopencm3_stm32f1.a(rcc.o)
                              ./src/cdcacm.o (rcc_clock_setup_pll)
/home/src/eclipse-workspace/stm32f1_irdecode/libopencm3/lib/libopencm3_stm32f1.a(rcc_common_all.o)
                              ./src/cdcacm.o (rcc_periph_clock_enable)
/home/src/eclipse-workspace/stm32f1_irdecode/libopencm3/lib/libopencm3_stm32f1.a(timer.o)
                              ./src/cdcacm.o (timer_ic_set_polarity)
/home/src/eclipse-workspace/stm32f1_irdecode/libopencm3/lib/libopencm3_stm32f1.a(timer_common_all.o)
                              ./src/cdcacm.o (timer_enable_irq)
/home/src/eclipse-workspace/stm32f1_irdecode/libopencm3/lib/libopencm3_stm32f1.a(usb.o)
                              ./src/cdcacm.o (usbd_init)
/home/src/eclipse-workspace/stm32f1_irdecode/libopencm3/lib/libopencm3_stm32f1.a(usb_control.o)
                              ./src/cdcacm.o (usbd_register_control_callback)
/home/src/eclipse-workspace/stm32f1_irdecode/libopencm3/lib/libopencm3_stm32f1.a(usb_standard.o)
                              ./src/cdcacm.o (usbd_register_set_config_callback)
/home/src/eclipse-workspace/stm32f1_irdecode/libopencm3/lib/libopencm3_stm32f1.a(st_usbfs_v1.o)
                              ./src/cdcacm.o (st_usbfs_v1_usb_driver)
/home/src/eclipse-workspace/stm32f1_irdecode/libopencm3/lib/libopencm3_stm32f1.a(nvic.o)
                              ./src/cdcacm.o (nvic_enable_irq)
/home/src/eclipse-workspace/stm32f1_irdecode/libopencm3/lib/libopencm3_stm32f1.a(assert.o)
                              /home/src/eclipse-workspace/stm32f1_irdecode/libopencm3/lib/libopencm3_stm32f1.a(rcc.o) (cm3_assert_failed)
/home/src/eclipse-workspace/stm32f1_irdecode/libopencm3/lib/libopencm3_stm32f1.a(flash_common_all.o)
                              /home/src/eclipse-workspace/stm32f1_irdecode/libopencm3/lib/libopencm3_stm32f1.a(rcc.o) (flash_set_ws)
/home/src/eclipse-workspace/stm32f1_irdecode/libopencm3/lib/libopencm3_stm32f1.a(st_usbfs_core.o)
                              /home/src/eclipse-workspace/stm32f1_irdecode/libopencm3/lib/libopencm3_stm32f1.a(st_usbfs_v1.o) (st_usbfs_set_address)
/home/toolchain/gcc-arm-none-eabi-10.3-2021.10/bin/../lib/gcc/arm-none-eabi/10.3.1/../../../../arm-none-eabi/lib/thumb/v7-m/nofp/libg_nano.a(lib_a-errno.o)
                              ./system/src/newlib/sbrk.o (__errno)
/home/toolchain/gcc-arm-none-eabi-10.3-2021.10/bin/../lib/gcc/arm-none-eabi/10.3.1/../../../../arm-none-eabi/lib/thumb/v7-m/nofp/libg_nano.a(lib_a-impure.o)
                              /home/toolchain/gcc-arm-none-eabi-10.3-2021.10/bin/../lib/gcc/arm-none-eabi/10.3.1/../../../../arm-none-eabi/lib/thumb/v7-m/nofp/libg_nano.a(lib_a-errno.o) (_impure_ptr)
/home/toolchain/gcc-arm-none-eabi-10.3-2021.10/bin/../lib/gcc/arm-none-eabi/10.3.1/../../../../arm-none-eabi/lib/thumb/v7-m/nofp/libg_nano.a(lib_a-memcpy-stub.o)
                              /home/src/eclipse-workspace/stm32f1_irdecode/libopencm3/lib/libopencm3_stm32f1.a(usb_standard.o) (memcpy)
/home/toolchain/gcc-arm-none-eabi-10.3-2021.10/bin/../lib/gcc/arm-none-eabi/10.3.1/../../../../arm-none-eabi/lib/thumb/v7-m/nofp/libg_nano.a(lib_a-sprintf.o)
                              ./src/cdcacm.o (sprintf)
/home/toolchain/gcc-arm-none-eabi-10.3-2021.10/bin/../lib/gcc/arm-none-eabi/10.3.1/../../../../arm-none-eabi/lib/thumb/v7-m/nofp/libg_nano.a(lib_a-strlen.o)
                              ./src/cdcacm.o (strlen)
/home/toolchain/gcc-arm-none-eabi-10.3-2021.10/bin/../lib/gcc/arm-none-eabi/10.3.1/../../../../arm-none-eabi/lib/thumb/v7-m/nofp/libg_nano.a(lib_a-nano-svfprintf.o)
                              /home/toolchain/gcc-arm-none-eabi-10.3-2021.10/bin/../lib/gcc/arm-none-eabi/10.3.1/../../../../arm-none-eabi/lib/thumb/v7-m/nofp/libg_nano.a(lib_a-sprintf.o) (_svfprintf_r)
/home/toolchain/gcc-arm-none-eabi-10.3-2021.10/bin/../lib/gcc/arm-none-eabi/10.3.1/../../../../arm-none-eabi/lib/thumb/v7-m/nofp/libg_nano.a(lib_a-nano-vfprintf_i.o)
                              /home/toolchain/gcc-arm-none-eabi-10.3-2021.10/bin/../lib/gcc/arm-none-eabi/10.3.1/../../../../arm-none-eabi/lib/thumb/v7-m/nofp/libg_nano.a(lib_a-nano-svfprintf.o) (_printf_i)
/home/toolchain/gcc-arm-none-eabi-10.3-2021.10/bin/../lib/gcc/arm-none-eabi/10.3.1/../../../../arm-none-eabi/lib/thumb/v7-m/nofp/libg_nano.a(lib_a-memchr-stub.o)
                              /home/toolchain/gcc-arm-none-eabi-10.3-2021.10/bin/../lib/gcc/arm-none-eabi/10.3.1/../../../../arm-none-eabi/lib/thumb/v7-m/nofp/libg_nano.a(lib_a-nano-svfprintf.o) (memchr)
[...]
Memory Configuration

Name             Origin             Length             Attributes
RAM              0x0000000020000000 0x0000000000005000 xrw
CCMRAM           0x0000000000000000 0x0000000000000000 xrw
FLASH            0x0000000008000000 0x0000000000010000 xr
FLASHB1          0x0000000000000000 0x0000000000000000 xr
EXTMEMB0         0x0000000000000000 0x0000000000000000 xr
EXTMEMB1         0x0000000000000000 0x0000000000000000 xr
EXTMEMB2         0x0000000000000000 0x0000000000000000 xr
EXTMEMB3         0x0000000000000000 0x0000000000000000 xr
MEMORY_ARRAY     0x0000000000000000 0x0000000000000000 xrw
*default*        0x0000000000000000 0xffffffffffffffff

Linker script and memory map

LOAD ./system/src/stm32f1-hal/stm32f1xx_hal.o
LOAD ./system/src/stm32f1-hal/stm32f1xx_hal_cortex.o
LOAD ./system/src/stm32f1-hal/stm32f1xx_hal_flash.o
LOAD ./system/src/stm32f1-hal/stm32f1xx_hal_flash_ex.o
LOAD ./system/src/stm32f1-hal/stm32f1xx_hal_gpio.o
LOAD ./system/src/stm32f1-hal/stm32f1xx_hal_gpio_ex.o
LOAD ./system/src/stm32f1-hal/stm32f1xx_hal_iwdg.o
LOAD ./system/src/stm32f1-hal/stm32f1xx_hal_pwr.o
LOAD ./system/src/stm32f1-hal/stm32f1xx_hal_rcc.o
LOAD ./system/src/newlib/assert.o
LOAD ./system/src/newlib/cxx.o
LOAD ./system/src/newlib/exit.o
LOAD ./system/src/newlib/sbrk.o
LOAD ./system/src/newlib/startup.o
LOAD ./system/src/newlib/syscalls.o
LOAD ./system/src/diag/trace-impl.o
LOAD ./system/src/diag/trace.o
LOAD ./system/src/cortexm/exception-handlers.o
LOAD ./system/src/cortexm/initialize-hardware.o
LOAD ./system/src/cortexm/reset-hardware.o
LOAD ./system/src/cmsis/system_stm32f1xx.o
LOAD ./system/src/cmsis/vectors_stm32f103x6.o
LOAD ./src/cdcacm.o
LOAD ./src/initialize-hardware.o
LOAD ./src/main.o
LOAD ./src/stm32f1xx_hal_msp.o
LOAD ./src/write.o
LOAD /home/src/eclipse-workspace/stm32f1_irdecode/libopencm3/lib/libopencm3_stm32f1.a
LOAD /home/toolchain/gcc-arm-none-eabi-10.3-2021.10/bin/../lib/gcc/arm-none-eabi/10.3.1/../../../../arm-none-eabi/lib/thumb/v7-m/nofp/libstdc++_nano.a
LOAD /home/toolchain/gcc-arm-none-eabi-10.3-2021.10/bin/../lib/gcc/arm-none-eabi/10.3.1/../../../../arm-none-eabi/lib/thumb/v7-m/nofp/libm.a
START GROUP
LOAD /home/toolchain/gcc-arm-none-eabi-10.3-2021.10/bin/../lib/gcc/arm-none-eabi/10.3.1/thumb/v7-m/nofp/libgcc.a
LOAD /home/toolchain/gcc-arm-none-eabi-10.3-2021.10/bin/../lib/gcc/arm-none-eabi/10.3.1/../../../../arm-none-eabi/lib/thumb/v7-m/nofp/libg_nano.a
LOAD /home/toolchain/gcc-arm-none-eabi-10.3-2021.10/bin/../lib/gcc/arm-none-eabi/10.3.1/../../../../arm-none-eabi/lib/thumb/v7-m/nofp/libc_nano.a
END GROUP
START GROUP
LOAD /home/toolchain/gcc-arm-none-eabi-10.3-2021.10/bin/../lib/gcc/arm-none-eabi/10.3.1/thumb/v7-m/nofp/libgcc.a
LOAD /home/toolchain/gcc-arm-none-eabi-10.3-2021.10/bin/../lib/gcc/arm-none-eabi/10.3.1/../../../../arm-none-eabi/lib/thumb/v7-m/nofp/libc_nano.a
END GROUP
                0x0000000020005000                __stack = (ORIGIN (RAM) + LENGTH (RAM))
                0x0000000020005000                _estack = __stack
                0x0000000000000400                __Main_Stack_Size = 0x400
                [!provide]                        PROVIDE (_Main_Stack_Size = __Main_Stack_Size)
                0x0000000020004c00                __Main_Stack_Limit = (__stack - __Main_Stack_Size)
                [!provide]                        PROVIDE (_Main_Stack_Limit = __Main_Stack_Limit)
                0x0000000000000100                _Minimum_Stack_Size = 0x100
                0x0000000020002264                PROVIDE (_Heap_Begin = _end_noinit)
                0x0000000020004c00                PROVIDE (_Heap_Limit = (__stack - __Main_Stack_Size))

.isr_vector     0x0000000008000000      0x274
 FILL mask 0xff
                0x0000000008000000                __vectors_start = ABSOLUTE (.)
                0x0000000008000000                __vectors_start__ = ABSOLUTE (.)
 *(.isr_vector)
 .isr_vector    0x0000000008000000       0xec ./system/src/cmsis/vectors_stm32f103x6.o
                0x0000000008000000                __isr_vectors
 *(.cfmconfig)
 *(.after_vectors .after_vectors.*)
 .after_vectors
                0x00000000080000ec      0x114 ./system/src/newlib/startup.o
                0x00000000080000ec                _start
 .after_vectors
                0x0000000008000200       0x70 ./system/src/cortexm/exception-handlers.o
                0x0000000008000200                Reset_Handler
                0x0000000008000206                NMI_Handler
                0x000000000800020a                HardFault_Handler
                0x000000000800021e                HardFault_Handler_C
                0x0000000008000222                MemManage_Handler
                0x0000000008000226                BusFault_Handler
                0x000000000800023a                BusFault_Handler_C
                0x000000000800023e                UsageFault_Handler
                0x0000000008000252                UsageFault_Handler_C
                0x0000000008000256                SVC_Handler
                0x000000000800025a                DebugMon_Handler
                0x000000000800025e                PendSV_Handler
                0x0000000008000262                SysTick_Handler
 .after_vectors
                0x0000000008000270        0x4 ./system/src/cmsis/vectors_stm32f103x6.o
                0x0000000008000270                RTC_Alarm_IRQHandler
                0x0000000008000270                EXTI2_IRQHandler
                0x0000000008000270                PVD_IRQHandler
                0x0000000008000270                EXTI3_IRQHandler
                0x0000000008000270                EXTI0_IRQHandler
                0x0000000008000270                ADC1_2_IRQHandler
                0x0000000008000270                SPI1_IRQHandler
                0x0000000008000270                TAMPER_IRQHandler
                0x0000000008000270                DMA1_Channel4_IRQHandler
                0x0000000008000270                RTC_IRQHandler
                0x0000000008000270                DMA1_Channel7_IRQHandler
                0x0000000008000270                CAN1_RX1_IRQHandler
                0x0000000008000270                I2C1_EV_IRQHandler
                0x0000000008000270                DMA1_Channel6_IRQHandler
                0x0000000008000270                TIM3_IRQHandler
                0x0000000008000270                RCC_IRQHandler
                0x0000000008000270                TIM1_TRG_COM_IRQHandler
                0x0000000008000270                DMA1_Channel1_IRQHandler
                0x0000000008000270                Default_Handler
                0x0000000008000270                EXTI15_10_IRQHandler
                0x0000000008000270                EXTI9_5_IRQHandler
                0x0000000008000270                DMA1_Channel5_IRQHandler
                0x0000000008000270                EXTI4_IRQHandler
                0x0000000008000270                USB_LP_CAN1_RX0_IRQHandler
                0x0000000008000270                USB_HP_CAN1_TX_IRQHandler
                0x0000000008000270                DMA1_Channel3_IRQHandler
                0x0000000008000270                WWDG_IRQHandler
                0x0000000008000270                TIM2_IRQHandler
                0x0000000008000270                TIM1_BRK_IRQHandler
                0x0000000008000270                EXTI1_IRQHandler
                0x0000000008000270                USART2_IRQHandler
                0x0000000008000270                DMA1_Channel2_IRQHandler
                0x0000000008000270                CAN1_SCE_IRQHandler
                0x0000000008000270                FLASH_IRQHandler
                0x0000000008000270                USART1_IRQHandler
                0x0000000008000270                I2C1_ER_IRQHandler
                0x0000000008000270                USBWakeUp_IRQHandler

.inits          0x0000000008000274       0x28
                0x0000000008000274                __data_regions_array_start = .
                0x0000000008000274        0x4 LONG 0x800283c LOADADDR (.data)
                0x0000000008000278        0x4 LONG 0x20000000 ADDR (.data)
                0x000000000800027c        0x4 LONG 0x20000098 (ADDR (.data) + SIZEOF (.data))
                0x0000000008000280        0x4 LONG 0x800283c LOADADDR (.data_CCMRAM)
                0x0000000008000284        0x4 LONG 0x0 ADDR (.data_CCMRAM)
                0x0000000008000288        0x4 LONG 0x0 (ADDR (.data_CCMRAM) + SIZEOF (.data_CCMRAM))
                0x000000000800028c                __data_regions_array_end = .
                0x000000000800028c                __bss_regions_array_start = .
                0x000000000800028c        0x4 LONG 0x20000098 ADDR (.bss)
                0x0000000008000290        0x4 LONG 0x20002264 (ADDR (.bss) + SIZEOF (.bss))
                0x0000000008000294        0x4 LONG 0x0 ADDR (.bss_CCMRAM)
                0x0000000008000298        0x4 LONG 0x0 (ADDR (.bss_CCMRAM) + SIZEOF (.bss_CCMRAM))
                0x000000000800029c                __bss_regions_array_end = .
 *(.init)
 *(.fini)
                0x000000000800029c                . = ALIGN (0x4)
                0x000000000800029c                PROVIDE (__preinit_array_start = .)
 *(.preinit_array_sysinit .preinit_array_sysinit.*)
 *(.preinit_array_platform .preinit_array_platform.*)
 *(.preinit_array .preinit_array.*)
                0x000000000800029c                PROVIDE (__preinit_array_end = .)
                0x000000000800029c                . = ALIGN (0x4)
                0x000000000800029c                PROVIDE (__init_array_start = .)
 *(SORT_BY_NAME(.init_array.*))
 *(.init_array)
                0x000000000800029c                PROVIDE (__init_array_end = .)
                0x000000000800029c                . = ALIGN (0x4)
                0x000000000800029c                PROVIDE (__fini_array_start = .)
 *(SORT_BY_NAME(.fini_array.*))
 *(.fini_array)
                0x000000000800029c                PROVIDE (__fini_array_end = .)

.flashtext
 *(.flashtext .flashtext.*)

.text           0x000000000800029c     0x259f
 *(.text .text.*)
 .text.HAL_InitTick
                0x000000000800029c       0x4c ./system/src/stm32f1-hal/stm32f1xx_hal.o
                0x000000000800029c                HAL_InitTick
 .text.HAL_Init
                0x00000000080002e8       0x24 ./system/src/stm32f1-hal/stm32f1xx_hal.o
                0x00000000080002e8                HAL_Init
 .text.HAL_NVIC_SetPriorityGrouping
                0x000000000800030c       0x3c ./system/src/stm32f1-hal/stm32f1xx_hal_cortex.o
                0x000000000800030c                HAL_NVIC_SetPriorityGrouping
 .text.HAL_NVIC_SetPriority
                0x0000000008000348       0x8c ./system/src/stm32f1-hal/stm32f1xx_hal_cortex.o
                0x0000000008000348                HAL_NVIC_SetPriority
 .text.HAL_SYSTICK_Config
                0x00000000080003d4       0x28 ./system/src/stm32f1-hal/stm32f1xx_hal_cortex.o
                0x00000000080003d4                HAL_SYSTICK_Config
 .text.HAL_SYSTICK_CLKSourceConfig
                0x00000000080003fc       0x3c ./system/src/stm32f1-hal/stm32f1xx_hal_cortex.o
                0x00000000080003fc                HAL_SYSTICK_CLKSourceConfig
 .text.HAL_RCC_GetHCLKFreq
                0x0000000008000438        0xc ./system/src/stm32f1-hal/stm32f1xx_hal_rcc.o
                0x0000000008000438                HAL_RCC_GetHCLKFreq
 .text._exit    0x0000000008000444        0x2 ./system/src/newlib/exit.o
                0x0000000008000444                _exit
 *fill*         0x0000000008000446        0x2 
 .text._sbrk    0x0000000008000448       0x44 ./system/src/newlib/sbrk.o
                0x0000000008000448                _sbrk
 .text.__initialize_args
                0x000000000800048c       0x10 ./system/src/newlib/syscalls.o
                0x000000000800048c                __initialize_args
 .text.__initialize_hardware_early
                0x000000000800049c       0x18 ./system/src/cortexm/initialize-hardware.o
                0x000000000800049c                __initialize_hardware_early
 .text.SystemInit
                0x00000000080004b4        0x2 ./system/src/cmsis/system_stm32f1xx.o
                0x00000000080004b4                SystemInit
 *fill*         0x00000000080004b6        0x2 
 .text.SystemCoreClockUpdate
                0x00000000080004b8       0x94 ./system/src/cmsis/system_stm32f1xx.o
                0x00000000080004b8                SystemCoreClockUpdate
 .text.cdcacm_control_request
                0x000000000800054c       0x4e ./src/cdcacm.o
 *fill*         0x000000000800059a        0x2 
 .text.cdcacm_set_config
                0x000000000800059c       0x4c ./src/cdcacm.o
 .text.cdcacm_data_rx_cb
                0x00000000080005e8       0x14 ./src/cdcacm.o
 .text.led_init
                0x00000000080005fc       0x2c ./src/cdcacm.o
                0x00000000080005fc                led_init
 .text.tim1_init
                0x0000000008000628       0xac ./src/cdcacm.o
                0x0000000008000628                tim1_init
 .text.TIM1_CC_IRQHandler
                0x00000000080006d4       0xcc ./src/cdcacm.o
                0x00000000080006d4                TIM1_CC_IRQHandler
 .text.TIM1_UP_IRQHandler
                0x00000000080007a0       0x40 ./src/cdcacm.o
                0x00000000080007a0                TIM1_UP_IRQHandler
 .text.main     0x00000000080007e0      0x14c ./src/cdcacm.o
                0x00000000080007e0                main
 .text.SystemClock_Config
                0x000000000800092c       0x20 ./src/initialize-hardware.o
                0x000000000800092c                SystemClock_Config
 .text.__initialize_hardware
                0x000000000800094c       0x10 ./src/initialize-hardware.o
                0x000000000800094c                __initialize_hardware
 .text.assert_failed
                0x000000000800095c        0x2 ./src/initialize-hardware.o
                0x000000000800095c                assert_failed
 .text.HAL_MspInit
                0x000000000800095e        0x2 ./src/stm32f1xx_hal_msp.o
                0x000000000800095e                HAL_MspInit
 .text.gpio_set_mode
                0x0000000008000960       0x5e /home/src/eclipse-workspace/stm32f1_irdecode/libopencm3/lib/libopencm3_stm32f1.a(gpio.o)
                0x0000000008000960                gpio_set_mode
 .text.gpio_set
                0x00000000080009be        0x4 /home/src/eclipse-workspace/stm32f1_irdecode/libopencm3/lib/libopencm3_stm32f1.a(gpio_common_all.o)
                0x00000000080009be                gpio_set
 .text.gpio_clear
                0x00000000080009c2        0x6 /home/src/eclipse-workspace/stm32f1_irdecode/libopencm3/lib/libopencm3_stm32f1.a(gpio_common_all.o)
                0x00000000080009c2                gpio_clear
 .text.gpio_toggle
                0x00000000080009c8       0x12 /home/src/eclipse-workspace/stm32f1_irdecode/libopencm3/lib/libopencm3_stm32f1.a(gpio_common_all.o)
                0x00000000080009c8                gpio_toggle
 *fill*         0x00000000080009da        0x2 
 .text.rcc_osc_on.part.1
                0x00000000080009dc       0x10 /home/src/eclipse-workspace/stm32f1_irdecode/libopencm3/lib/libopencm3_stm32f1.a(rcc.o)
 .text.rcc_is_osc_ready
                0x00000000080009ec       0x5c /home/src/eclipse-workspace/stm32f1_irdecode/libopencm3/lib/libopencm3_stm32f1.a(rcc.o)
                0x00000000080009ec                rcc_is_osc_ready
 .text.rcc_wait_for_osc_ready
                0x0000000008000a48       0x10 /home/src/eclipse-workspace/stm32f1_irdecode/libopencm3/lib/libopencm3_stm32f1.a(rcc.o)
                0x0000000008000a48                rcc_wait_for_osc_ready
 .text.rcc_osc_on
                0x0000000008000a58       0x54 /home/src/eclipse-workspace/stm32f1_irdecode/libopencm3/lib/libopencm3_stm32f1.a(rcc.o)
                0x0000000008000a58                rcc_osc_on
 .text.rcc_set_sysclk_source
                0x0000000008000aac       0x14 /home/src/eclipse-workspace/stm32f1_irdecode/libopencm3/lib/libopencm3_stm32f1.a(rcc.o)
                0x0000000008000aac                rcc_set_sysclk_source
 .text.rcc_set_pll_multiplication_factor
                0x0000000008000ac0       0x14 /home/src/eclipse-workspace/stm32f1_irdecode/libopencm3/lib/libopencm3_stm32f1.a(rcc.o)
                0x0000000008000ac0                rcc_set_pll_multiplication_factor
 .text.rcc_set_pll2_multiplication_factor
                0x0000000008000ad4       0x14 /home/src/eclipse-workspace/stm32f1_irdecode/libopencm3/lib/libopencm3_stm32f1.a(rcc.o)
                0x0000000008000ad4                rcc_set_pll2_multiplication_factor
 .text.rcc_set_pll3_multiplication_factor
                0x0000000008000ae8       0x14 /home/src/eclipse-workspace/stm32f1_irdecode/libopencm3/lib/libopencm3_stm32f1.a(rcc.o)
                0x0000000008000ae8                rcc_set_pll3_multiplication_factor
 .text.rcc_set_pll_source
                0x0000000008000afc       0x14 /home/src/eclipse-workspace/stm32f1_irdecode/libopencm3/lib/libopencm3_stm32f1.a(rcc.o)
                0x0000000008000afc                rcc_set_pll_source
 .text.rcc_set_pllxtpre
                0x0000000008000b10       0x14 /home/src/eclipse-workspace/stm32f1_irdecode/libopencm3/lib/libopencm3_stm32f1.a(rcc.o)
                0x0000000008000b10                rcc_set_pllxtpre
 .text.rcc_set_adcpre
                0x0000000008000b24       0x14 /home/src/eclipse-workspace/stm32f1_irdecode/libopencm3/lib/libopencm3_stm32f1.a(rcc.o)
                0x0000000008000b24                rcc_set_adcpre
 .text.rcc_set_ppre2
                0x0000000008000b38       0x14 /home/src/eclipse-workspace/stm32f1_irdecode/libopencm3/lib/libopencm3_stm32f1.a(rcc.o)
                0x0000000008000b38                rcc_set_ppre2
 .text.rcc_set_ppre1
                0x0000000008000b4c       0x14 /home/src/eclipse-workspace/stm32f1_irdecode/libopencm3/lib/libopencm3_stm32f1.a(rcc.o)
                0x0000000008000b4c                rcc_set_ppre1
 .text.rcc_set_hpre
                0x0000000008000b60       0x14 /home/src/eclipse-workspace/stm32f1_irdecode/libopencm3/lib/libopencm3_stm32f1.a(rcc.o)
                0x0000000008000b60                rcc_set_hpre
 .text.rcc_set_usbpre
                0x0000000008000b74       0x18 /home/src/eclipse-workspace/stm32f1_irdecode/libopencm3/lib/libopencm3_stm32f1.a(rcc.o)
                0x0000000008000b74                rcc_set_usbpre
 .text.rcc_set_prediv1
                0x0000000008000b8c       0x14 /home/src/eclipse-workspace/stm32f1_irdecode/libopencm3/lib/libopencm3_stm32f1.a(rcc.o)
                0x0000000008000b8c                rcc_set_prediv1
 .text.rcc_set_prediv2
                0x0000000008000ba0       0x14 /home/src/eclipse-workspace/stm32f1_irdecode/libopencm3/lib/libopencm3_stm32f1.a(rcc.o)
                0x0000000008000ba0                rcc_set_prediv2
 .text.rcc_set_prediv1_source
                0x0000000008000bb4       0x18 /home/src/eclipse-workspace/stm32f1_irdecode/libopencm3/lib/libopencm3_stm32f1.a(rcc.o)
                0x0000000008000bb4                rcc_set_prediv1_source
 .text.rcc_clock_setup_pll
                0x0000000008000bcc       0xc8 /home/src/eclipse-workspace/stm32f1_irdecode/libopencm3/lib/libopencm3_stm32f1.a(rcc.o)
                0x0000000008000bcc                rcc_clock_setup_pll
 .text.rcc_periph_clock_enable
                0x0000000008000c94       0x1a /home/src/eclipse-workspace/stm32f1_irdecode/libopencm3/lib/libopencm3_stm32f1.a(rcc_common_all.o)
                0x0000000008000c94                rcc_periph_clock_enable
 .text.rcc_periph_reset_pulse
                0x0000000008000cae       0x22 /home/src/eclipse-workspace/stm32f1_irdecode/libopencm3/lib/libopencm3_stm32f1.a(rcc_common_all.o)
                0x0000000008000cae                rcc_periph_reset_pulse
 .text.timer_ic_set_polarity
                0x0000000008000cd0       0x18 /home/src/eclipse-workspace/stm32f1_irdecode/libopencm3/lib/libopencm3_stm32f1.a(timer.o)
                0x0000000008000cd0                timer_ic_set_polarity
 .text.timer_enable_irq
                0x0000000008000ce8        0x8 /home/src/eclipse-workspace/stm32f1_irdecode/libopencm3/lib/libopencm3_stm32f1.a(timer_common_all.o)
                0x0000000008000ce8                timer_enable_irq
 .text.timer_get_flag
                0x0000000008000cf0        0xc /home/src/eclipse-workspace/stm32f1_irdecode/libopencm3/lib/libopencm3_stm32f1.a(timer_common_all.o)
                0x0000000008000cf0                timer_get_flag
 .text.timer_clear_flag
                0x0000000008000cfc        0x6 /home/src/eclipse-workspace/stm32f1_irdecode/libopencm3/lib/libopencm3_stm32f1.a(timer_common_all.o)
                0x0000000008000cfc                timer_clear_flag
 .text.timer_set_mode
                0x0000000008000d02       0x12 /home/src/eclipse-workspace/stm32f1_irdecode/libopencm3/lib/libopencm3_stm32f1.a(timer_common_all.o)
                0x0000000008000d02                timer_set_mode
 .text.timer_disable_preload
                0x0000000008000d14        0xa /home/src/eclipse-workspace/stm32f1_irdecode/libopencm3/lib/libopencm3_stm32f1.a(timer_common_all.o)
                0x0000000008000d14                timer_disable_preload
 .text.timer_continuous_mode
                0x0000000008000d1e        0xa /home/src/eclipse-workspace/stm32f1_irdecode/libopencm3/lib/libopencm3_stm32f1.a(timer_common_all.o)
                0x0000000008000d1e                timer_continuous_mode
 .text.timer_enable_counter
                0x0000000008000d28        0xa /home/src/eclipse-workspace/stm32f1_irdecode/libopencm3/lib/libopencm3_stm32f1.a(timer_common_all.o)
                0x0000000008000d28                timer_enable_counter
 .text.timer_set_prescaler
                0x0000000008000d32        0x4 /home/src/eclipse-workspace/stm32f1_irdecode/libopencm3/lib/libopencm3_stm32f1.a(timer_common_all.o)
                0x0000000008000d32                timer_set_prescaler
 .text.timer_set_period
                0x0000000008000d36        0x4 /home/src/eclipse-workspace/stm32f1_irdecode/libopencm3/lib/libopencm3_stm32f1.a(timer_common_all.o)
                0x0000000008000d36                timer_set_period
 .text.timer_get_counter
                0x0000000008000d3a        0x4 /home/src/eclipse-workspace/stm32f1_irdecode/libopencm3/lib/libopencm3_stm32f1.a(timer_common_all.o)
                0x0000000008000d3a                timer_get_counter
 .text.timer_ic_set_filter
                0x0000000008000d3e       0x50 /home/src/eclipse-workspace/stm32f1_irdecode/libopencm3/lib/libopencm3_stm32f1.a(timer_common_all.o)
                0x0000000008000d3e                timer_ic_set_filter
 .text.timer_ic_set_prescaler
                0x0000000008000d8e       0x50 /home/src/eclipse-workspace/stm32f1_irdecode/libopencm3/lib/libopencm3_stm32f1.a(timer_common_all.o)
                0x0000000008000d8e                timer_ic_set_prescaler
 .text.timer_ic_set_input
                0x0000000008000dde       0x66 /home/src/eclipse-workspace/stm32f1_irdecode/libopencm3/lib/libopencm3_stm32f1.a(timer_common_all.o)
                0x0000000008000dde                timer_ic_set_input
 .text.timer_ic_enable
                0x0000000008000e44        0xe /home/src/eclipse-workspace/stm32f1_irdecode/libopencm3/lib/libopencm3_stm32f1.a(timer_common_all.o)
                0x0000000008000e44                timer_ic_enable
 *fill*         0x0000000008000e52        0x2 
 .text.usbd_init
                0x0000000008000e54       0x54 /home/src/eclipse-workspace/stm32f1_irdecode/libopencm3/lib/libopencm3_stm32f1.a(usb.o)
                0x0000000008000e54                usbd_init
 .text.usbd_poll
                0x0000000008000ea8        0x8 /home/src/eclipse-workspace/stm32f1_irdecode/libopencm3/lib/libopencm3_stm32f1.a(usb.o)
                0x0000000008000ea8                usbd_poll
 .text.usbd_ep_setup
                0x0000000008000eb0        0xe /home/src/eclipse-workspace/stm32f1_irdecode/libopencm3/lib/libopencm3_stm32f1.a(usb.o)
                0x0000000008000eb0                usbd_ep_setup
 .text._usbd_reset
                0x0000000008000ebe       0x32 /home/src/eclipse-workspace/stm32f1_irdecode/libopencm3/lib/libopencm3_stm32f1.a(usb.o)
                0x0000000008000ebe                _usbd_reset
 .text.usbd_ep_write_packet
                0x0000000008000ef0        0xe /home/src/eclipse-workspace/stm32f1_irdecode/libopencm3/lib/libopencm3_stm32f1.a(usb.o)
                0x0000000008000ef0                usbd_ep_write_packet
 .text.usbd_ep_read_packet
                0x0000000008000efe        0xe /home/src/eclipse-workspace/stm32f1_irdecode/libopencm3/lib/libopencm3_stm32f1.a(usb.o)
                0x0000000008000efe                usbd_ep_read_packet
 .text.usbd_ep_stall_set
                0x0000000008000f0c        0x8 /home/src/eclipse-workspace/stm32f1_irdecode/libopencm3/lib/libopencm3_stm32f1.a(usb.o)
                0x0000000008000f0c                usbd_ep_stall_set
 .text.usbd_ep_stall_get
                0x0000000008000f14        0x8 /home/src/eclipse-workspace/stm32f1_irdecode/libopencm3/lib/libopencm3_stm32f1.a(usb.o)
                0x0000000008000f14                usbd_ep_stall_get
 .text.usbd_ep_nak_set
                0x0000000008000f1c        0x8 /home/src/eclipse-workspace/stm32f1_irdecode/libopencm3/lib/libopencm3_stm32f1.a(usb.o)
                0x0000000008000f1c                usbd_ep_nak_set
 .text.usb_control_send_chunk
                0x0000000008000f24       0x52 /home/src/eclipse-workspace/stm32f1_irdecode/libopencm3/lib/libopencm3_stm32f1.a(usb_control.o)
 .text.usb_control_request_dispatch
                0x0000000008000f76       0x60 /home/src/eclipse-workspace/stm32f1_irdecode/libopencm3/lib/libopencm3_stm32f1.a(usb_control.o)
 .text.stall_transaction
                0x0000000008000fd6       0x14 /home/src/eclipse-workspace/stm32f1_irdecode/libopencm3/lib/libopencm3_stm32f1.a(usb_control.o)
 .text.usb_control_recv_chunk
                0x0000000008000fea       0x3c /home/src/eclipse-workspace/stm32f1_irdecode/libopencm3/lib/libopencm3_stm32f1.a(usb_control.o)
 .text.usb_control_setup_read
                0x0000000008001026       0x66 /home/src/eclipse-workspace/stm32f1_irdecode/libopencm3/lib/libopencm3_stm32f1.a(usb_control.o)
 .text.usbd_register_control_callback
                0x000000000800108c       0x2c /home/src/eclipse-workspace/stm32f1_irdecode/libopencm3/lib/libopencm3_stm32f1.a(usb_control.o)
                0x000000000800108c                usbd_register_control_callback
 .text._usbd_control_setup
                0x00000000080010b8       0x60 /home/src/eclipse-workspace/stm32f1_irdecode/libopencm3/lib/libopencm3_stm32f1.a(usb_control.o)
                0x00000000080010b8                _usbd_control_setup
 .text._usbd_control_out
                0x0000000008001118       0x82 /home/src/eclipse-workspace/stm32f1_irdecode/libopencm3/lib/libopencm3_stm32f1.a(usb_control.o)
                0x0000000008001118                _usbd_control_out
 .text._usbd_control_in
                0x000000000800119a       0x64 /home/src/eclipse-workspace/stm32f1_irdecode/libopencm3/lib/libopencm3_stm32f1.a(usb_control.o)
                0x000000000800119a                _usbd_control_in
 .text.usb_standard_set_address
                0x00000000080011fe       0x2a /home/src/eclipse-workspace/stm32f1_irdecode/libopencm3/lib/libopencm3_stm32f1.a(usb_standard.o)
 .text.usb_standard_set_configuration
                0x0000000008001228       0x92 /home/src/eclipse-workspace/stm32f1_irdecode/libopencm3/lib/libopencm3_stm32f1.a(usb_standard.o)
 .text.usb_standard_get_configuration
                0x00000000080012ba       0x22 /home/src/eclipse-workspace/stm32f1_irdecode/libopencm3/lib/libopencm3_stm32f1.a(usb_standard.o)
 .text.usb_standard_get_interface
                0x00000000080012dc       0x34 /home/src/eclipse-workspace/stm32f1_irdecode/libopencm3/lib/libopencm3_stm32f1.a(usb_standard.o)
 .text.usb_standard_device_get_status
                0x0000000008001310       0x18 /home/src/eclipse-workspace/stm32f1_irdecode/libopencm3/lib/libopencm3_stm32f1.a(usb_standard.o)
 .text.usb_standard_endpoint_get_status
                0x0000000008001328       0x2a /home/src/eclipse-workspace/stm32f1_irdecode/libopencm3/lib/libopencm3_stm32f1.a(usb_standard.o)
 .text.usb_standard_endpoint_stall
                0x0000000008001352       0x10 /home/src/eclipse-workspace/stm32f1_irdecode/libopencm3/lib/libopencm3_stm32f1.a(usb_standard.o)
 .text.usb_standard_endpoint_unstall
                0x0000000008001362       0x10 /home/src/eclipse-workspace/stm32f1_irdecode/libopencm3/lib/libopencm3_stm32f1.a(usb_standard.o)
 .text.usb_standard_set_interface
                0x0000000008001372       0x4e /home/src/eclipse-workspace/stm32f1_irdecode/libopencm3/lib/libopencm3_stm32f1.a(usb_standard.o)
 .text.usb_standard_get_descriptor
                0x00000000080013c0      0x290 /home/src/eclipse-workspace/stm32f1_irdecode/libopencm3/lib/libopencm3_stm32f1.a(usb_standard.o)
 .text.usb_standard_interface_get_status
                0x0000000008001650       0x18 /home/src/eclipse-workspace/stm32f1_irdecode/libopencm3/lib/libopencm3_stm32f1.a(usb_standard.o)
 .text.usbd_register_set_config_callback
                0x0000000008001668       0x28 /home/src/eclipse-workspace/stm32f1_irdecode/libopencm3/lib/libopencm3_stm32f1.a(usb_standard.o)
                0x0000000008001668                usbd_register_set_config_callback
 .text._usbd_standard_request_device
                0x0000000008001690       0x48 /home/src/eclipse-workspace/stm32f1_irdecode/libopencm3/lib/libopencm3_stm32f1.a(usb_standard.o)
                0x0000000008001690                _usbd_standard_request_device
 .text._usbd_standard_request_interface
                0x00000000080016d8       0x30 /home/src/eclipse-workspace/stm32f1_irdecode/libopencm3/lib/libopencm3_stm32f1.a(usb_standard.o)
                0x00000000080016d8                _usbd_standard_request_interface
 .text._usbd_standard_request_endpoint
                0x0000000008001708       0x3c /home/src/eclipse-workspace/stm32f1_irdecode/libopencm3/lib/libopencm3_stm32f1.a(usb_standard.o)
                0x0000000008001708                _usbd_standard_request_endpoint
 .text._usbd_standard_request
                0x0000000008001744       0x30 /home/src/eclipse-workspace/stm32f1_irdecode/libopencm3/lib/libopencm3_stm32f1.a(usb_standard.o)
                0x0000000008001744                _usbd_standard_request
 .text.st_usbfs_v1_usbd_init
                0x0000000008001774       0x30 /home/src/eclipse-workspace/stm32f1_irdecode/libopencm3/lib/libopencm3_stm32f1.a(st_usbfs_v1.o)
 .text.st_usbfs_copy_to_pm
                0x00000000080017a4       0x18 /home/src/eclipse-workspace/stm32f1_irdecode/libopencm3/lib/libopencm3_stm32f1.a(st_usbfs_v1.o)
                0x00000000080017a4                st_usbfs_copy_to_pm
 .text.st_usbfs_copy_from_pm
                0x00000000080017bc       0x26 /home/src/eclipse-workspace/stm32f1_irdecode/libopencm3/lib/libopencm3_stm32f1.a(st_usbfs_v1.o)
                0x00000000080017bc                st_usbfs_copy_from_pm
 .text.nvic_enable_irq
                0x00000000080017e2       0x1a /home/src/eclipse-workspace/stm32f1_irdecode/libopencm3/lib/libopencm3_stm32f1.a(nvic.o)
                0x00000000080017e2                nvic_enable_irq
 .text.flash_set_ws
                0x00000000080017fc       0x14 /home/src/eclipse-workspace/stm32f1_irdecode/libopencm3/lib/libopencm3_stm32f1.a(flash_common_all.o)
                0x00000000080017fc                flash_set_ws
 .text.st_usbfs_set_address
                0x0000000008001810       0x10 /home/src/eclipse-workspace/stm32f1_irdecode/libopencm3/lib/libopencm3_stm32f1.a(st_usbfs_core.o)
                0x0000000008001810                st_usbfs_set_address
 .text.st_usbfs_set_ep_rx_bufsize
                0x0000000008001820       0x3c /home/src/eclipse-workspace/stm32f1_irdecode/libopencm3/lib/libopencm3_stm32f1.a(st_usbfs_core.o)
                0x0000000008001820                st_usbfs_set_ep_rx_bufsize
 .text.st_usbfs_ep_setup
                0x000000000800185c      0x11c /home/src/eclipse-workspace/stm32f1_irdecode/libopencm3/lib/libopencm3_stm32f1.a(st_usbfs_core.o)
                0x000000000800185c                st_usbfs_ep_setup
 .text.st_usbfs_endpoints_reset
                0x0000000008001978       0x44 /home/src/eclipse-workspace/stm32f1_irdecode/libopencm3/lib/libopencm3_stm32f1.a(st_usbfs_core.o)
                0x0000000008001978                st_usbfs_endpoints_reset
 .text.st_usbfs_ep_stall_set
                0x00000000080019bc       0xbc /home/src/eclipse-workspace/stm32f1_irdecode/libopencm3/lib/libopencm3_stm32f1.a(st_usbfs_core.o)
                0x00000000080019bc                st_usbfs_ep_stall_set
 .text.st_usbfs_ep_stall_get
                0x0000000008001a78       0x38 /home/src/eclipse-workspace/stm32f1_irdecode/libopencm3/lib/libopencm3_stm32f1.a(st_usbfs_core.o)
                0x0000000008001a78                st_usbfs_ep_stall_get
 .text.st_usbfs_ep_nak_set
                0x0000000008001ab0       0x3c /home/src/eclipse-workspace/stm32f1_irdecode/libopencm3/lib/libopencm3_stm32f1.a(st_usbfs_core.o)
                0x0000000008001ab0                st_usbfs_ep_nak_set
 .text.st_usbfs_ep_write_packet
                0x0000000008001aec       0x7c /home/src/eclipse-workspace/stm32f1_irdecode/libopencm3/lib/libopencm3_stm32f1.a(st_usbfs_core.o)
                0x0000000008001aec                st_usbfs_ep_write_packet
 .text.st_usbfs_ep_read_packet
                0x0000000008001b68       0xa8 /home/src/eclipse-workspace/stm32f1_irdecode/libopencm3/lib/libopencm3_stm32f1.a(st_usbfs_core.o)
                0x0000000008001b68                st_usbfs_ep_read_packet
 .text.st_usbfs_poll
                0x0000000008001c10       0xe8 /home/src/eclipse-workspace/stm32f1_irdecode/libopencm3/lib/libopencm3_stm32f1.a(st_usbfs_core.o)
                0x0000000008001c10                st_usbfs_poll
 .text.__errno  0x0000000008001cf8        0xc /home/toolchain/gcc-arm-none-eabi-10.3-2021.10/bin/../lib/gcc/arm-none-eabi/10.3.1/../../../../arm-none-eabi/lib/thumb/v7-m/nofp/libg_nano.a(lib_a-errno.o)
                0x0000000008001cf8                __errno
 .text.memcpy   0x0000000008001d04       0x1c /home/toolchain/gcc-arm-none-eabi-10.3-2021.10/bin/../lib/gcc/arm-none-eabi/10.3.1/../../../../arm-none-eabi/lib/thumb/v7-m/nofp/libg_nano.a(lib_a-memcpy-stub.o)
                0x0000000008001d04                memcpy
 .text.sprintf  0x0000000008001d20       0x40 /home/toolchain/gcc-arm-none-eabi-10.3-2021.10/bin/../lib/gcc/arm-none-eabi/10.3.1/../../../../arm-none-eabi/lib/thumb/v7-m/nofp/libg_nano.a(lib_a-sprintf.o)
                0x0000000008001d20                sprintf
                0x0000000008001d20                siprintf
 .text          0x0000000008001d60       0x10 /home/toolchain/gcc-arm-none-eabi-10.3-2021.10/bin/../lib/gcc/arm-none-eabi/10.3.1/../../../../arm-none-eabi/lib/thumb/v7-m/nofp/libg_nano.a(lib_a-strlen.o)
                0x0000000008001d60                strlen
 .text.__ssputs_r
                0x0000000008001d70       0xb6 /home/toolchain/gcc-arm-none-eabi-10.3-2021.10/bin/../lib/gcc/arm-none-eabi/10.3.1/../../../../arm-none-eabi/lib/thumb/v7-m/nofp/libg_nano.a(lib_a-nano-svfprintf.o)
                0x0000000008001d70                __ssputs_r
 *fill*         0x0000000008001e26        0x2 
 .text._svfprintf_r
                0x0000000008001e28      0x200 /home/toolchain/gcc-arm-none-eabi-10.3-2021.10/bin/../lib/gcc/arm-none-eabi/10.3.1/../../../../arm-none-eabi/lib/thumb/v7-m/nofp/libg_nano.a(lib_a-nano-svfprintf.o)
                0x0000000008001e28                _svfprintf_r
                0x0000000008001e28                _svfiprintf_r
 .text._printf_common
                0x0000000008002028       0xde /home/toolchain/gcc-arm-none-eabi-10.3-2021.10/bin/../lib/gcc/arm-none-eabi/10.3.1/../../../../arm-none-eabi/lib/thumb/v7-m/nofp/libg_nano.a(lib_a-nano-vfprintf_i.o)
                0x0000000008002028                _printf_common
 *fill*         0x0000000008002106        0x2 
 .text._printf_i
                0x0000000008002108      0x24c /home/toolchain/gcc-arm-none-eabi-10.3-2021.10/bin/../lib/gcc/arm-none-eabi/10.3.1/../../../../arm-none-eabi/lib/thumb/v7-m/nofp/libg_nano.a(lib_a-nano-vfprintf_i.o)
                0x0000000008002108                _printf_i
 .text.memchr   0x0000000008002354       0x1c /home/toolchain/gcc-arm-none-eabi-10.3-2021.10/bin/../lib/gcc/arm-none-eabi/10.3.1/../../../../arm-none-eabi/lib/thumb/v7-m/nofp/libg_nano.a(lib_a-memchr-stub.o)
                0x0000000008002354                memchr
 .text.memmove  0x0000000008002370       0x34 /home/toolchain/gcc-arm-none-eabi-10.3-2021.10/bin/../lib/gcc/arm-none-eabi/10.3.1/../../../../arm-none-eabi/lib/thumb/v7-m/nofp/libg_nano.a(lib_a-memmove.o)
                0x0000000008002370                memmove
 .text._free_r  0x00000000080023a4       0x90 /home/toolchain/gcc-arm-none-eabi-10.3-2021.10/bin/../lib/gcc/arm-none-eabi/10.3.1/../../../../arm-none-eabi/lib/thumb/v7-m/nofp/libg_nano.a(lib_a-nano-freer.o)
                0x00000000080023a4                _free_r
 .text.sbrk_aligned
                0x0000000008002434       0x40 /home/toolchain/gcc-arm-none-eabi-10.3-2021.10/bin/../lib/gcc/arm-none-eabi/10.3.1/../../../../arm-none-eabi/lib/thumb/v7-m/nofp/libg_nano.a(lib_a-nano-mallocr.o)
 .text._malloc_r
                0x0000000008002474       0xe8 /home/toolchain/gcc-arm-none-eabi-10.3-2021.10/bin/../lib/gcc/arm-none-eabi/10.3.1/../../../../arm-none-eabi/lib/thumb/v7-m/nofp/libg_nano.a(lib_a-nano-mallocr.o)
                0x0000000008002474                _malloc_r
 .text._realloc_r
                0x000000000800255c       0x5e /home/toolchain/gcc-arm-none-eabi-10.3-2021.10/bin/../lib/gcc/arm-none-eabi/10.3.1/../../../../arm-none-eabi/lib/thumb/v7-m/nofp/libg_nano.a(lib_a-nano-reallocr.o)
                0x000000000800255c                _realloc_r
 *fill*         0x00000000080025ba        0x2 
 .text._sbrk_r  0x00000000080025bc       0x20 /home/toolchain/gcc-arm-none-eabi-10.3-2021.10/bin/../lib/gcc/arm-none-eabi/10.3.1/../../../../arm-none-eabi/lib/thumb/v7-m/nofp/libg_nano.a(lib_a-sbrkr.o)
                0x00000000080025bc                _sbrk_r
 .text.__malloc_lock
                0x00000000080025dc        0xc /home/toolchain/gcc-arm-none-eabi-10.3-2021.10/bin/../lib/gcc/arm-none-eabi/10.3.1/../../../../arm-none-eabi/lib/thumb/v7-m/nofp/libg_nano.a(lib_a-mlock.o)
                0x00000000080025dc                __malloc_lock
 .text.__malloc_unlock
                0x00000000080025e8        0xc /home/toolchain/gcc-arm-none-eabi-10.3-2021.10/bin/../lib/gcc/arm-none-eabi/10.3.1/../../../../arm-none-eabi/lib/thumb/v7-m/nofp/libg_nano.a(lib_a-mlock.o)
                0x00000000080025e8                __malloc_unlock
 .text._malloc_usable_size_r
                0x00000000080025f4       0x10 /home/toolchain/gcc-arm-none-eabi-10.3-2021.10/bin/../lib/gcc/arm-none-eabi/10.3.1/../../../../arm-none-eabi/lib/thumb/v7-m/nofp/libg_nano.a(lib_a-nano-msizer.o)
                0x00000000080025f4                _malloc_usable_size_r
 .text.__retarget_lock_acquire_recursive
                0x0000000008002604        0x2 /home/toolchain/gcc-arm-none-eabi-10.3-2021.10/bin/../lib/gcc/arm-none-eabi/10.3.1/../../../../arm-none-eabi/lib/thumb/v7-m/nofp/libg_nano.a(lib_a-lock.o)
                0x0000000008002604                __retarget_lock_acquire_recursive
 .text.__retarget_lock_release_recursive
                0x0000000008002606        0x2 /home/toolchain/gcc-arm-none-eabi-10.3-2021.10/bin/../lib/gcc/arm-none-eabi/10.3.1/../../../../arm-none-eabi/lib/thumb/v7-m/nofp/libg_nano.a(lib_a-lock.o)
                0x0000000008002606                __retarget_lock_release_recursive
 *(.rodata .rodata.* .constdata .constdata.*)
 .rodata.HAL_NVIC_SetPriorityGrouping.str1.4
                0x0000000008002608       0x31 ./system/src/stm32f1-hal/stm32f1xx_hal_cortex.o
 *fill*         0x0000000008002639        0x3 
 .rodata.AHBPrescTable
                0x000000000800263c       0x10 ./system/src/cmsis/system_stm32f1xx.o
                0x000000000800263c                AHBPrescTable
 .rodata.main.str1.4
                0x000000000800264c       0x10 ./src/cdcacm.o
 .rodata.str1.4
                0x000000000800265c       0x31 ./src/cdcacm.o
 *fill*         0x000000000800268d        0x3 
 .rodata.cdcacm_functional_descriptors
                0x0000000008002690       0x13 ./src/cdcacm.o
 *fill*         0x00000000080026a3        0x1 
 .rodata.comm_endp
                0x00000000080026a4        0xf ./src/cdcacm.o
 *fill*         0x00000000080026b3        0x1 
 .rodata.comm_iface
                0x00000000080026b4       0x15 ./src/cdcacm.o
 *fill*         0x00000000080026c9        0x3 
 .rodata.config
                0x00000000080026cc        0xd ./src/cdcacm.o
 *fill*         0x00000000080026d9        0x3 
 .rodata.data_endp
                0x00000000080026dc       0x1e ./src/cdcacm.o
 *fill*         0x00000000080026fa        0x2 
 .rodata.data_iface
                0x00000000080026fc       0x15 ./src/cdcacm.o
 *fill*         0x0000000008002711        0x3 
 .rodata.dev    0x0000000008002714       0x12 ./src/cdcacm.o
 *fill*         0x0000000008002726        0x2 
 .rodata.ifaces
                0x0000000008002728       0x20 ./src/cdcacm.o
 .rodata.rcc_hse_configs
                0x0000000008002748       0x8c /home/src/eclipse-workspace/stm32f1_irdecode/libopencm3/lib/libopencm3_stm32f1.a(rcc.o)
                0x0000000008002748                rcc_hse_configs
 .rodata.st_usbfs_v1_usb_driver
                0x00000000080027d4       0x34 /home/src/eclipse-workspace/stm32f1_irdecode/libopencm3/lib/libopencm3_stm32f1.a(st_usbfs_v1.o)
                0x00000000080027d4                st_usbfs_v1_usb_driver
 .rodata._svfprintf_r.str1.1
                0x0000000008002808       0x11 /home/toolchain/gcc-arm-none-eabi-10.3-2021.10/bin/../lib/gcc/arm-none-eabi/10.3.1/../../../../arm-none-eabi/lib/thumb/v7-m/nofp/libg_nano.a(lib_a-nano-svfprintf.o)
 .rodata._printf_i.str1.1
                0x0000000008002819       0x22 /home/toolchain/gcc-arm-none-eabi-10.3-2021.10/bin/../lib/gcc/arm-none-eabi/10.3.1/../../../../arm-none-eabi/lib/thumb/v7-m/nofp/libg_nano.a(lib_a-nano-vfprintf_i.o)
 *(vtable)
 *(.eh_frame*)
 *(.glue_7)
 .glue_7        0x000000000800283b        0x0 linker stubs
 *(.glue_7t)
 .glue_7t       0x000000000800283b        0x0 linker stubs

.vfp11_veneer   0x000000000800283c        0x0
 .vfp11_veneer  0x000000000800283c        0x0 linker stubs

.v4_bx          0x000000000800283c        0x0
 .v4_bx         0x000000000800283c        0x0 linker stubs

.iplt           0x000000000800283c        0x0
 .iplt          0x000000000800283c        0x0 ./system/src/stm32f1-hal/stm32f1xx_hal.o

.rel.dyn        0x000000000800283c        0x0
 .rel.iplt      0x000000000800283c        0x0 ./system/src/stm32f1-hal/stm32f1xx_hal.o

.ARM.extab
 *(.ARM.extab* .gnu.linkonce.armextab.*)
                0x000000000800283c                . = ALIGN (0x4)
                0x000000000800283c                __exidx_start = .

.ARM.exidx
 *(.ARM.exidx* .gnu.linkonce.armexidx.*)
                0x000000000800283c                __exidx_end = .
                0x000000000800283c                . = ALIGN (0x4)
                0x000000000800283c                _etext = .
                0x000000000800283c                __etext = .

.data_CCMRAM    0x0000000000000000        0x0 load address 0x000000000800283c
 FILL mask 0xff
 *(.data.CCMRAM .data.CCMRAM.*)
                0x0000000000000000                . = ALIGN (0x4)
                0x000000000800283c                _sidata = LOADADDR (.data)

.data           0x0000000020000000       0x98 load address 0x000000000800283c
 FILL mask 0xff
                0x0000000020000000                _sdata = .
                0x0000000020000000                __data_start__ = .
 *(.data_begin .data_begin.*)
 .data_begin    0x0000000020000000        0x4 ./system/src/newlib/startup.o
 *(.data .data.*)
 .data.uwTickFreq
                0x0000000020000004        0x1 ./system/src/stm32f1-hal/stm32f1xx_hal.o
                0x0000000020000004                uwTickFreq
 *fill*         0x0000000020000005        0x3 ff
 .data.uwTickPrio
                0x0000000020000008        0x4 ./system/src/stm32f1-hal/stm32f1xx_hal.o
                0x0000000020000008                uwTickPrio
 .data.argv.1   0x000000002000000c        0x8 ./system/src/newlib/syscalls.o
 .data.SystemCoreClock
                0x0000000020000014        0x4 ./system/src/cmsis/system_stm32f1xx.o
                0x0000000020000014                SystemCoreClock
 .data.usb_strings
                0x0000000020000018        0xc ./src/cdcacm.o
 .data.rcc_ahb_frequency
                0x0000000020000024        0x4 /home/src/eclipse-workspace/stm32f1_irdecode/libopencm3/lib/libopencm3_stm32f1.a(rcc.o)
                0x0000000020000024                rcc_ahb_frequency
 .data.rcc_apb1_frequency
                0x0000000020000028        0x4 /home/src/eclipse-workspace/stm32f1_irdecode/libopencm3/lib/libopencm3_stm32f1.a(rcc.o)
                0x0000000020000028                rcc_apb1_frequency
 .data.rcc_apb2_frequency
                0x000000002000002c        0x4 /home/src/eclipse-workspace/stm32f1_irdecode/libopencm3/lib/libopencm3_stm32f1.a(rcc.o)
                0x000000002000002c                rcc_apb2_frequency
 .data._impure_ptr
                0x0000000020000030        0x4 /home/toolchain/gcc-arm-none-eabi-10.3-2021.10/bin/../lib/gcc/arm-none-eabi/10.3.1/../../../../arm-none-eabi/lib/thumb/v7-m/nofp/libg_nano.a(lib_a-impure.o)
                0x0000000020000030                _impure_ptr
 .data.impure_data
                0x0000000020000034       0x60 /home/toolchain/gcc-arm-none-eabi-10.3-2021.10/bin/../lib/gcc/arm-none-eabi/10.3.1/../../../../arm-none-eabi/lib/thumb/v7-m/nofp/libg_nano.a(lib_a-impure.o)
 *(.data_end .data_end.*)
 .data_end      0x0000000020000094        0x4 ./system/src/newlib/startup.o
                0x0000000020000098                . = ALIGN (0x4)
                0x0000000020000098                _edata = .
                0x0000000020000098                __data_end__ = .

.igot.plt       0x0000000020000098        0x0 load address 0x00000000080028d4
 .igot.plt      0x0000000020000098        0x0 ./system/src/stm32f1-hal/stm32f1xx_hal.o

.bss_CCMRAM     0x0000000000000000        0x0
 *(.bss.CCMRAM .bss.CCMRAM.*)

.bss            0x0000000020000098     0x21cc
                0x0000000020000098                __bss_start__ = .
                0x0000000020000098                _sbss = .
 *(.bss_begin .bss_begin.*)
 .bss_begin     0x0000000020000098        0x4 ./system/src/newlib/startup.o
 *(.bss .bss.*)
 .bss.current_heap_end.0
                0x000000002000009c        0x4 ./system/src/newlib/sbrk.o
 .bss.errno     0x00000000200000a0        0x4 ./system/src/newlib/syscalls.o
                0x00000000200000a0                errno
 .bss.name.0    0x00000000200000a4        0x1 ./system/src/newlib/syscalls.o
 *fill*         0x00000000200000a5        0x3 
 .bss.g_captured
                0x00000000200000a8     0x2000 ./src/cdcacm.o
                0x00000000200000a8                g_captured
 .bss.g_captured_cnt
                0x00000000200020a8        0x4 ./src/cdcacm.o
                0x00000000200020a8                g_captured_cnt
 .bss.g_ovf     0x00000000200020ac        0x4 ./src/cdcacm.o
                0x00000000200020ac                g_ovf
 .bss.g_qend    0x00000000200020b0        0x4 ./src/cdcacm.o
                0x00000000200020b0                g_qend
 .bss.g_qstart  0x00000000200020b4        0x4 ./src/cdcacm.o
                0x00000000200020b4                g_qstart
 .bss.last      0x00000000200020b8        0x8 ./src/cdcacm.o
                0x00000000200020b8                last
 .bss.tickcnt   0x00000000200020c0        0x4 ./src/cdcacm.o
                0x00000000200020c0                tickcnt
 .bss.usbd_control_buffer
                0x00000000200020c4       0x80 ./src/cdcacm.o
                0x00000000200020c4                usbd_control_buffer
 .bss.usbd_dev  0x0000000020002144        0x4 ./src/cdcacm.o
 .bss.st_usbfs_dev
                0x0000000020002148      0x104 /home/src/eclipse-workspace/stm32f1_irdecode/libopencm3/lib/libopencm3_stm32f1.a(st_usbfs_core.o)
                0x0000000020002148                st_usbfs_dev
 .bss.st_usbfs_force_nak
                0x000000002000224c        0x8 /home/src/eclipse-workspace/stm32f1_irdecode/libopencm3/lib/libopencm3_stm32f1.a(st_usbfs_core.o)
                0x000000002000224c                st_usbfs_force_nak
 .bss.__malloc_free_list
                0x0000000020002254        0x4 /home/toolchain/gcc-arm-none-eabi-10.3-2021.10/bin/../lib/gcc/arm-none-eabi/10.3.1/../../../../arm-none-eabi/lib/thumb/v7-m/nofp/libg_nano.a(lib_a-nano-mallocr.o)
                0x0000000020002254                __malloc_free_list
 .bss.__malloc_sbrk_start
                0x0000000020002258        0x4 /home/toolchain/gcc-arm-none-eabi-10.3-2021.10/bin/../lib/gcc/arm-none-eabi/10.3.1/../../../../arm-none-eabi/lib/thumb/v7-m/nofp/libg_nano.a(lib_a-nano-mallocr.o)
                0x0000000020002258                __malloc_sbrk_start
 .bss.__lock___malloc_recursive_mutex
                0x000000002000225c        0x1 /home/toolchain/gcc-arm-none-eabi-10.3-2021.10/bin/../lib/gcc/arm-none-eabi/10.3.1/../../../../arm-none-eabi/lib/thumb/v7-m/nofp/libg_nano.a(lib_a-lock.o)
                0x000000002000225c                __lock___malloc_recursive_mutex
 *(COMMON)
 *(.bss_end .bss_end.*)
 *fill*         0x000000002000225d        0x3 
 .bss_end       0x0000000020002260        0x4 ./system/src/newlib/startup.o
                0x0000000020002264                . = ALIGN (0x4)
                0x0000000020002264                __bss_end__ = .
                0x0000000020002264                _ebss = .

.noinit_CCMRAM
 *(.noinit.CCMRAM .noinit.CCMRAM.*)

.noinit         0x0000000020002264        0x0
                0x0000000020002264                _noinit = .
 *(.noinit .noinit.*)
                0x0000000020002264                . = ALIGN (0x4)
                0x0000000020002264                _end_noinit = .
                [!provide]                        PROVIDE (end = _end_noinit)
                [!provide]                        PROVIDE (_end = _end_noinit)
                [!provide]                        PROVIDE (__end = _end_noinit)
                [!provide]                        PROVIDE (__end__ = _end_noinit)

._check_stack   0x0000000020002264      0x100
                0x0000000020002364                . = (. + _Minimum_Stack_Size)
 *fill*         0x0000000020002264      0x100 

.b1text
 *(.b1text)
 *(.b1rodata)
 *(.b1rodata.*)

.eb0text
 *(.eb0text)
 *(.eb0rodata)
 *(.eb0rodata.*)

.eb1text
 *(.eb1text)
 *(.eb1rodata)
 *(.eb1rodata.*)

.eb2text
 *(.eb2text)
 *(.eb2rodata)
 *(.eb2rodata.*)

.eb3text
 *(.eb3text)
 *(.eb3rodata)
 *(.eb3rodata.*)

.stab
 *(.stab)

.stabstr
 *(.stabstr)

.stab.excl
 *(.stab.excl)

.stab.exclstr
 *(.stab.exclstr)

.stab.index
 *(.stab.index)

.stab.indexstr
 *(.stab.indexstr)

.comment        0x0000000000000000       0xbf
 *(.comment)
 .comment       0x0000000000000000       0x49 ./system/src/stm32f1-hal/stm32f1xx_hal.o
                                         0x4a (size before relaxing)
 .comment       0x0000000000000049       0x4a ./system/src/stm32f1-hal/stm32f1xx_hal_cortex.o
 .comment       0x0000000000000049       0x4a ./system/src/stm32f1-hal/stm32f1xx_hal_rcc.o
 .comment       0x0000000000000049       0x4a ./system/src/newlib/exit.o
 .comment       0x0000000000000049       0x4a ./system/src/newlib/sbrk.o
 .comment       0x0000000000000049       0x4a ./system/src/newlib/startup.o
 .comment       0x0000000000000049       0x4a ./system/src/newlib/syscalls.o
 .comment       0x0000000000000049       0x4a ./system/src/cortexm/exception-handlers.o
 .comment       0x0000000000000049       0x4a ./system/src/cortexm/initialize-hardware.o
 .comment       0x0000000000000049       0x4a ./system/src/cmsis/system_stm32f1xx.o
 .comment       0x0000000000000049       0x4a ./system/src/cmsis/vectors_stm32f103x6.o
 .comment       0x0000000000000049       0x4a ./src/cdcacm.o
 .comment       0x0000000000000049       0x4a ./src/initialize-hardware.o
 .comment       0x0000000000000049       0x4a ./src/stm32f1xx_hal_msp.o
 .comment       0x0000000000000049       0x76 /home/src/eclipse-workspace/stm32f1_irdecode/libopencm3/lib/libopencm3_stm32f1.a(gpio.o)
                                         0x77 (size before relaxing)
 .comment       0x00000000000000bf       0x77 /home/src/eclipse-workspace/stm32f1_irdecode/libopencm3/lib/libopencm3_stm32f1.a(gpio_common_all.o)
 .comment       0x00000000000000bf       0x77 /home/src/eclipse-workspace/stm32f1_irdecode/libopencm3/lib/libopencm3_stm32f1.a(rcc.o)
 .comment       0x00000000000000bf       0x77 /home/src/eclipse-workspace/stm32f1_irdecode/libopencm3/lib/libopencm3_stm32f1.a(rcc_common_all.o)
 .comment       0x00000000000000bf       0x77 /home/src/eclipse-workspace/stm32f1_irdecode/libopencm3/lib/libopencm3_stm32f1.a(timer.o)
 .comment       0x00000000000000bf       0x77 /home/src/eclipse-workspace/stm32f1_irdecode/libopencm3/lib/libopencm3_stm32f1.a(timer_common_all.o)
 .comment       0x00000000000000bf       0x77 /home/src/eclipse-workspace/stm32f1_irdecode/libopencm3/lib/libopencm3_stm32f1.a(usb.o)
 .comment       0x00000000000000bf       0x77 /home/src/eclipse-workspace/stm32f1_irdecode/libopencm3/lib/libopencm3_stm32f1.a(usb_control.o)
 .comment       0x00000000000000bf       0x77 /home/src/eclipse-workspace/stm32f1_irdecode/libopencm3/lib/libopencm3_stm32f1.a(usb_standard.o)
 .comment       0x00000000000000bf       0x77 /home/src/eclipse-workspace/stm32f1_irdecode/libopencm3/lib/libopencm3_stm32f1.a(st_usbfs_v1.o)
 .comment       0x00000000000000bf       0x77 /home/src/eclipse-workspace/stm32f1_irdecode/libopencm3/lib/libopencm3_stm32f1.a(nvic.o)
 .comment       0x00000000000000bf       0x77 /home/src/eclipse-workspace/stm32f1_irdecode/libopencm3/lib/libopencm3_stm32f1.a(flash_common_all.o)
 .comment       0x00000000000000bf       0x77 /home/src/eclipse-workspace/stm32f1_irdecode/libopencm3/lib/libopencm3_stm32f1.a(st_usbfs_core.o)

.ARM.attributes
                0x0000000000000000       0x2b
 .ARM.attributes
                0x0000000000000000       0x2d ./system/src/stm32f1-hal/stm32f1xx_hal.o
 .ARM.attributes
                0x000000000000002d       0x2d ./system/src/stm32f1-hal/stm32f1xx_hal_cortex.o
 .ARM.attributes
                0x000000000000005a       0x2d ./system/src/stm32f1-hal/stm32f1xx_hal_rcc.o
 .ARM.attributes
                0x0000000000000087       0x2d ./system/src/newlib/exit.o
 .ARM.attributes
                0x00000000000000b4       0x2d ./system/src/newlib/sbrk.o
 .ARM.attributes
                0x00000000000000e1       0x2d ./system/src/newlib/startup.o
 .ARM.attributes
                0x000000000000010e       0x2d ./system/src/newlib/syscalls.o
 .ARM.attributes
                0x000000000000013b       0x2d ./system/src/cortexm/exception-handlers.o
 .ARM.attributes
                0x0000000000000168       0x2d ./system/src/cortexm/initialize-hardware.o
 .ARM.attributes
                0x0000000000000195       0x2d ./system/src/cmsis/system_stm32f1xx.o
 .ARM.attributes
                0x00000000000001c2       0x2d ./system/src/cmsis/vectors_stm32f103x6.o
 .ARM.attributes
                0x00000000000001ef       0x2d ./src/cdcacm.o
 .ARM.attributes
                0x000000000000021c       0x2d ./src/initialize-hardware.o
 .ARM.attributes
                0x0000000000000249       0x2d ./src/stm32f1xx_hal_msp.o
 .ARM.attributes
                0x0000000000000276       0x2d /home/src/eclipse-workspace/stm32f1_irdecode/libopencm3/lib/libopencm3_stm32f1.a(gpio.o)
 .ARM.attributes
                0x00000000000002a3       0x2d /home/src/eclipse-workspace/stm32f1_irdecode/libopencm3/lib/libopencm3_stm32f1.a(gpio_common_all.o)
 .ARM.attributes
                0x00000000000002d0       0x2d /home/src/eclipse-workspace/stm32f1_irdecode/libopencm3/lib/libopencm3_stm32f1.a(rcc.o)
 .ARM.attributes
                0x00000000000002fd       0x2d /home/src/eclipse-workspace/stm32f1_irdecode/libopencm3/lib/libopencm3_stm32f1.a(rcc_common_all.o)
 .ARM.attributes
                0x000000000000032a       0x2d /home/src/eclipse-workspace/stm32f1_irdecode/libopencm3/lib/libopencm3_stm32f1.a(timer.o)
 .ARM.attributes
                0x0000000000000357       0x2d /home/src/eclipse-workspace/stm32f1_irdecode/libopencm3/lib/libopencm3_stm32f1.a(timer_common_all.o)
 .ARM.attributes
                0x0000000000000384       0x2d /home/src/eclipse-workspace/stm32f1_irdecode/libopencm3/lib/libopencm3_stm32f1.a(usb.o)
 .ARM.attributes
                0x00000000000003b1       0x2d /home/src/eclipse-workspace/stm32f1_irdecode/libopencm3/lib/libopencm3_stm32f1.a(usb_control.o)
 .ARM.attributes
                0x00000000000003de       0x2d /home/src/eclipse-workspace/stm32f1_irdecode/libopencm3/lib/libopencm3_stm32f1.a(usb_standard.o)
 .ARM.attributes
                0x000000000000040b       0x2d /home/src/eclipse-workspace/stm32f1_irdecode/libopencm3/lib/libopencm3_stm32f1.a(st_usbfs_v1.o)
 .ARM.attributes
                0x0000000000000438       0x2d /home/src/eclipse-workspace/stm32f1_irdecode/libopencm3/lib/libopencm3_stm32f1.a(nvic.o)
 .ARM.attributes
                0x0000000000000465       0x2d /home/src/eclipse-workspace/stm32f1_irdecode/libopencm3/lib/libopencm3_stm32f1.a(flash_common_all.o)
 .ARM.attributes
                0x0000000000000492       0x2d /home/src/eclipse-workspace/stm32f1_irdecode/libopencm3/lib/libopencm3_stm32f1.a(st_usbfs_core.o)
 .ARM.attributes
                0x00000000000004bf       0x2d /home/toolchain/gcc-arm-none-eabi-10.3-2021.10/bin/../lib/gcc/arm-none-eabi/10.3.1/../../../../arm-none-eabi/lib/thumb/v7-m/nofp/libg_nano.a(lib_a-errno.o)
 .ARM.attributes
                0x00000000000004ec       0x2d /home/toolchain/gcc-arm-none-eabi-10.3-2021.10/bin/../lib/gcc/arm-none-eabi/10.3.1/../../../../arm-none-eabi/lib/thumb/v7-m/nofp/libg_nano.a(lib_a-impure.o)
 .ARM.attributes
                0x0000000000000519       0x2d /home/toolchain/gcc-arm-none-eabi-10.3-2021.10/bin/../lib/gcc/arm-none-eabi/10.3.1/../../../../arm-none-eabi/lib/thumb/v7-m/nofp/libg_nano.a(lib_a-memcpy-stub.o)
 .ARM.attributes
                0x0000000000000546       0x2d /home/toolchain/gcc-arm-none-eabi-10.3-2021.10/bin/../lib/gcc/arm-none-eabi/10.3.1/../../../../arm-none-eabi/lib/thumb/v7-m/nofp/libg_nano.a(lib_a-sprintf.o)
 .ARM.attributes
                0x0000000000000573       0x17 /home/toolchain/gcc-arm-none-eabi-10.3-2021.10/bin/../lib/gcc/arm-none-eabi/10.3.1/../../../../arm-none-eabi/lib/thumb/v7-m/nofp/libg_nano.a(lib_a-strlen.o)
 .ARM.attributes
                0x000000000000058a       0x2d /home/toolchain/gcc-arm-none-eabi-10.3-2021.10/bin/../lib/gcc/arm-none-eabi/10.3.1/../../../../arm-none-eabi/lib/thumb/v7-m/nofp/libg_nano.a(lib_a-nano-svfprintf.o)
 .ARM.attributes
                0x00000000000005b7       0x2d /home/toolchain/gcc-arm-none-eabi-10.3-2021.10/bin/../lib/gcc/arm-none-eabi/10.3.1/../../../../arm-none-eabi/lib/thumb/v7-m/nofp/libg_nano.a(lib_a-nano-vfprintf_i.o)
 .ARM.attributes
                0x00000000000005e4       0x2d /home/toolchain/gcc-arm-none-eabi-10.3-2021.10/bin/../lib/gcc/arm-none-eabi/10.3.1/../../../../arm-none-eabi/lib/thumb/v7-m/nofp/libg_nano.a(lib_a-memchr-stub.o)
 .ARM.attributes
                0x0000000000000611       0x2d /home/toolchain/gcc-arm-none-eabi-10.3-2021.10/bin/../lib/gcc/arm-none-eabi/10.3.1/../../../../arm-none-eabi/lib/thumb/v7-m/nofp/libg_nano.a(lib_a-memmove.o)
 .ARM.attributes
                0x000000000000063e       0x2d /home/toolchain/gcc-arm-none-eabi-10.3-2021.10/bin/../lib/gcc/arm-none-eabi/10.3.1/../../../../arm-none-eabi/lib/thumb/v7-m/nofp/libg_nano.a(lib_a-nano-freer.o)
 .ARM.attributes
                0x000000000000066b       0x2d /home/toolchain/gcc-arm-none-eabi-10.3-2021.10/bin/../lib/gcc/arm-none-eabi/10.3.1/../../../../arm-none-eabi/lib/thumb/v7-m/nofp/libg_nano.a(lib_a-nano-mallocr.o)
 .ARM.attributes
                0x0000000000000698       0x2d /home/toolchain/gcc-arm-none-eabi-10.3-2021.10/bin/../lib/gcc/arm-none-eabi/10.3.1/../../../../arm-none-eabi/lib/thumb/v7-m/nofp/libg_nano.a(lib_a-nano-reallocr.o)
 .ARM.attributes
                0x00000000000006c5       0x2d /home/toolchain/gcc-arm-none-eabi-10.3-2021.10/bin/../lib/gcc/arm-none-eabi/10.3.1/../../../../arm-none-eabi/lib/thumb/v7-m/nofp/libg_nano.a(lib_a-sbrkr.o)
 .ARM.attributes
                0x00000000000006f2       0x2d /home/toolchain/gcc-arm-none-eabi-10.3-2021.10/bin/../lib/gcc/arm-none-eabi/10.3.1/../../../../arm-none-eabi/lib/thumb/v7-m/nofp/libg_nano.a(lib_a-mlock.o)
 .ARM.attributes
                0x000000000000071f       0x2d /home/toolchain/gcc-arm-none-eabi-10.3-2021.10/bin/../lib/gcc/arm-none-eabi/10.3.1/../../../../arm-none-eabi/lib/thumb/v7-m/nofp/libg_nano.a(lib_a-nano-msizer.o)
 .ARM.attributes
                0x000000000000074c       0x2d /home/toolchain/gcc-arm-none-eabi-10.3-2021.10/bin/../lib/gcc/arm-none-eabi/10.3.1/../../../../arm-none-eabi/lib/thumb/v7-m/nofp/libg_nano.a(lib_a-lock.o)

.debug
 *(.debug)

.line
 *(.line)

.debug_srcinfo
 *(.debug_srcinfo)

.debug_sfnames
 *(.debug_sfnames)

.debug_aranges  0x0000000000000000      0xc20
 *(.debug_aranges)
 .debug_aranges
                0x0000000000000000       0xe0 ./system/src/stm32f1-hal/stm32f1xx_hal.o
 .debug_aranges
                0x00000000000000e0       0x90 ./system/src/stm32f1-hal/stm32f1xx_hal_cortex.o
 .debug_aranges
                0x0000000000000170       0x90 ./system/src/stm32f1-hal/stm32f1xx_hal_rcc.o
 .debug_aranges
                0x0000000000000200       0x28 ./system/src/newlib/exit.o
 .debug_aranges
                0x0000000000000228       0x20 ./system/src/newlib/sbrk.o
 .debug_aranges
                0x0000000000000248       0x40 ./system/src/newlib/startup.o
 .debug_aranges
                0x0000000000000288       0x30 ./system/src/newlib/syscalls.o
 .debug_aranges
                0x00000000000002b8       0x80 ./system/src/cortexm/exception-handlers.o
 .debug_aranges
                0x0000000000000338       0x28 ./system/src/cortexm/initialize-hardware.o
 .debug_aranges
                0x0000000000000360       0x28 ./system/src/cmsis/system_stm32f1xx.o
 .debug_aranges
                0x0000000000000388       0x20 ./system/src/cmsis/vectors_stm32f103x6.o
 .debug_aranges
                0x00000000000003a8       0x58 ./src/cdcacm.o
 .debug_aranges
                0x0000000000000400       0x30 ./src/initialize-hardware.o
 .debug_aranges
                0x0000000000000430       0x38 ./src/stm32f1xx_hal_msp.o
 .debug_aranges
                0x0000000000000468       0x38 /home/src/eclipse-workspace/stm32f1_irdecode/libopencm3/lib/libopencm3_stm32f1.a(gpio.o)
 .debug_aranges
                0x00000000000004a0       0x50 /home/src/eclipse-workspace/stm32f1_irdecode/libopencm3/lib/libopencm3_stm32f1.a(gpio_common_all.o)
 .debug_aranges
                0x00000000000004f0      0x178 /home/src/eclipse-workspace/stm32f1_irdecode/libopencm3/lib/libopencm3_stm32f1.a(rcc.o)
 .debug_aranges
                0x0000000000000668       0x70 /home/src/eclipse-workspace/stm32f1_irdecode/libopencm3/lib/libopencm3_stm32f1.a(rcc_common_all.o)
 .debug_aranges
                0x00000000000006d8       0x20 /home/src/eclipse-workspace/stm32f1_irdecode/libopencm3/lib/libopencm3_stm32f1.a(timer.o)
 .debug_aranges
                0x00000000000006f8      0x270 /home/src/eclipse-workspace/stm32f1_irdecode/libopencm3/lib/libopencm3_stm32f1.a(timer_common_all.o)
 .debug_aranges
                0x0000000000000968       0x90 /home/src/eclipse-workspace/stm32f1_irdecode/libopencm3/lib/libopencm3_stm32f1.a(usb.o)
 .debug_aranges
                0x00000000000009f8       0x60 /home/src/eclipse-workspace/stm32f1_irdecode/libopencm3/lib/libopencm3_stm32f1.a(usb_control.o)
 .debug_aranges
                0x0000000000000a58       0x98 /home/src/eclipse-workspace/stm32f1_irdecode/libopencm3/lib/libopencm3_stm32f1.a(usb_standard.o)
 .debug_aranges
                0x0000000000000af0       0x30 /home/src/eclipse-workspace/stm32f1_irdecode/libopencm3/lib/libopencm3_stm32f1.a(st_usbfs_v1.o)
 .debug_aranges
                0x0000000000000b20       0x60 /home/src/eclipse-workspace/stm32f1_irdecode/libopencm3/lib/libopencm3_stm32f1.a(nvic.o)
 .debug_aranges
                0x0000000000000b80       0x38 /home/src/eclipse-workspace/stm32f1_irdecode/libopencm3/lib/libopencm3_stm32f1.a(flash_common_all.o)
 .debug_aranges
                0x0000000000000bb8       0x68 /home/src/eclipse-workspace/stm32f1_irdecode/libopencm3/lib/libopencm3_stm32f1.a(st_usbfs_core.o)

.debug_pubnames
 *(.debug_pubnames)

.debug_info     0x0000000000000000     0xfae8
 *(.debug_info .gnu.linkonce.wi.*)
 .debug_info    0x0000000000000000      0x7b9 ./system/src/stm32f1-hal/stm32f1xx_hal.o
 .debug_info    0x00000000000007b9      0xeaa ./system/src/stm32f1-hal/stm32f1xx_hal_cortex.o
 .debug_info    0x0000000000001663      0xcbd ./system/src/stm32f1-hal/stm32f1xx_hal_rcc.o
 .debug_info    0x0000000000002320       0xf2 ./system/src/newlib/exit.o
 .debug_info    0x0000000000002412      0x112 ./system/src/newlib/sbrk.o
 .debug_info    0x0000000000002524      0x4ae ./system/src/newlib/startup.o
 .debug_info    0x00000000000029d2      0x1d5 ./system/src/newlib/syscalls.o
 .debug_info    0x0000000000002ba7      0x27d ./system/src/cortexm/exception-handlers.o
 .debug_info    0x0000000000002e24      0x2b3 ./system/src/cortexm/initialize-hardware.o
 .debug_info    0x00000000000030d7      0x234 ./system/src/cmsis/system_stm32f1xx.o
 .debug_info    0x000000000000330b       0xcd ./system/src/cmsis/vectors_stm32f103x6.o
 .debug_info    0x00000000000033d8     0x1735 ./src/cdcacm.o
 .debug_info    0x0000000000004b0d      0x1af ./src/initialize-hardware.o
 .debug_info    0x0000000000004cbc       0xbf ./src/stm32f1xx_hal_msp.o
 .debug_info    0x0000000000004d7b      0x216 /home/src/eclipse-workspace/stm32f1_irdecode/libopencm3/lib/libopencm3_stm32f1.a(gpio.o)
 .debug_info    0x0000000000004f91      0x266 /home/src/eclipse-workspace/stm32f1_irdecode/libopencm3/lib/libopencm3_stm32f1.a(gpio_common_all.o)
 .debug_info    0x00000000000051f7     0x16d8 /home/src/eclipse-workspace/stm32f1_irdecode/libopencm3/lib/libopencm3_stm32f1.a(rcc.o)
 .debug_info    0x00000000000068cf      0x7d2 /home/src/eclipse-workspace/stm32f1_irdecode/libopencm3/lib/libopencm3_stm32f1.a(rcc_common_all.o)
 .debug_info    0x00000000000070a1      0x115 /home/src/eclipse-workspace/stm32f1_irdecode/libopencm3/lib/libopencm3_stm32f1.a(timer.o)
 .debug_info    0x00000000000071b6     0x12cc /home/src/eclipse-workspace/stm32f1_irdecode/libopencm3/lib/libopencm3_stm32f1.a(timer_common_all.o)
 .debug_info    0x0000000000008482     0x1859 /home/src/eclipse-workspace/stm32f1_irdecode/libopencm3/lib/libopencm3_stm32f1.a(usb.o)
 .debug_info    0x0000000000009cdb     0x194d /home/src/eclipse-workspace/stm32f1_irdecode/libopencm3/lib/libopencm3_stm32f1.a(usb_control.o)
 .debug_info    0x000000000000b628     0x1fc9 /home/src/eclipse-workspace/stm32f1_irdecode/libopencm3/lib/libopencm3_stm32f1.a(usb_standard.o)
 .debug_info    0x000000000000d5f1      0xf5f /home/src/eclipse-workspace/stm32f1_irdecode/libopencm3/lib/libopencm3_stm32f1.a(st_usbfs_v1.o)
 .debug_info    0x000000000000e550      0x251 /home/src/eclipse-workspace/stm32f1_irdecode/libopencm3/lib/libopencm3_stm32f1.a(nvic.o)
 .debug_info    0x000000000000e7a1       0xfc /home/src/eclipse-workspace/stm32f1_irdecode/libopencm3/lib/libopencm3_stm32f1.a(flash_common_all.o)
 .debug_info    0x000000000000e89d     0x124b /home/src/eclipse-workspace/stm32f1_irdecode/libopencm3/lib/libopencm3_stm32f1.a(st_usbfs_core.o)

.debug_abbrev   0x0000000000000000     0x3226
 *(.debug_abbrev)
 .debug_abbrev  0x0000000000000000      0x1f7 ./system/src/stm32f1-hal/stm32f1xx_hal.o
 .debug_abbrev  0x00000000000001f7      0x361 ./system/src/stm32f1-hal/stm32f1xx_hal_cortex.o
 .debug_abbrev  0x0000000000000558      0x27d ./system/src/stm32f1-hal/stm32f1xx_hal_rcc.o
 .debug_abbrev  0x00000000000007d5       0xab ./system/src/newlib/exit.o
 .debug_abbrev  0x0000000000000880       0xcd ./system/src/newlib/sbrk.o
 .debug_abbrev  0x000000000000094d      0x1b1 ./system/src/newlib/startup.o
 .debug_abbrev  0x0000000000000afe      0x10e ./system/src/newlib/syscalls.o
 .debug_abbrev  0x0000000000000c0c      0x114 ./system/src/cortexm/exception-handlers.o
 .debug_abbrev  0x0000000000000d20       0xe9 ./system/src/cortexm/initialize-hardware.o
 .debug_abbrev  0x0000000000000e09      0x141 ./system/src/cmsis/system_stm32f1xx.o
 .debug_abbrev  0x0000000000000f4a       0xa5 ./system/src/cmsis/vectors_stm32f103x6.o
 .debug_abbrev  0x0000000000000fef      0x37f ./src/cdcacm.o
 .debug_abbrev  0x000000000000136e       0xef ./src/initialize-hardware.o
 .debug_abbrev  0x000000000000145d       0x47 ./src/stm32f1xx_hal_msp.o
 .debug_abbrev  0x00000000000014a4       0xd0 /home/src/eclipse-workspace/stm32f1_irdecode/libopencm3/lib/libopencm3_stm32f1.a(gpio.o)
 .debug_abbrev  0x0000000000001574      0x116 /home/src/eclipse-workspace/stm32f1_irdecode/libopencm3/lib/libopencm3_stm32f1.a(gpio_common_all.o)
 .debug_abbrev  0x000000000000168a      0x2df /home/src/eclipse-workspace/stm32f1_irdecode/libopencm3/lib/libopencm3_stm32f1.a(rcc.o)
 .debug_abbrev  0x0000000000001969      0x1c5 /home/src/eclipse-workspace/stm32f1_irdecode/libopencm3/lib/libopencm3_stm32f1.a(rcc_common_all.o)
 .debug_abbrev  0x0000000000001b2e       0xbf /home/src/eclipse-workspace/stm32f1_irdecode/libopencm3/lib/libopencm3_stm32f1.a(timer.o)
 .debug_abbrev  0x0000000000001bed      0x1ef /home/src/eclipse-workspace/stm32f1_irdecode/libopencm3/lib/libopencm3_stm32f1.a(timer_common_all.o)
 .debug_abbrev  0x0000000000001ddc      0x347 /home/src/eclipse-workspace/stm32f1_irdecode/libopencm3/lib/libopencm3_stm32f1.a(usb.o)
 .debug_abbrev  0x0000000000002123      0x48b /home/src/eclipse-workspace/stm32f1_irdecode/libopencm3/lib/libopencm3_stm32f1.a(usb_control.o)
 .debug_abbrev  0x00000000000025ae      0x5a8 /home/src/eclipse-workspace/stm32f1_irdecode/libopencm3/lib/libopencm3_stm32f1.a(usb_standard.o)
 .debug_abbrev  0x0000000000002b56      0x28a /home/src/eclipse-workspace/stm32f1_irdecode/libopencm3/lib/libopencm3_stm32f1.a(st_usbfs_v1.o)
 .debug_abbrev  0x0000000000002de0       0xb5 /home/src/eclipse-workspace/stm32f1_irdecode/libopencm3/lib/libopencm3_stm32f1.a(nvic.o)
 .debug_abbrev  0x0000000000002e95       0x9a /home/src/eclipse-workspace/stm32f1_irdecode/libopencm3/lib/libopencm3_stm32f1.a(flash_common_all.o)
 .debug_abbrev  0x0000000000002f2f      0x2f7 /home/src/eclipse-workspace/stm32f1_irdecode/libopencm3/lib/libopencm3_stm32f1.a(st_usbfs_core.o)

.debug_line     0x0000000000000000     0xc115
 *(.debug_line)
 .debug_line    0x0000000000000000      0x91d ./system/src/stm32f1-hal/stm32f1xx_hal.o
 .debug_line    0x000000000000091d      0xb49 ./system/src/stm32f1-hal/stm32f1xx_hal_cortex.o
 .debug_line    0x0000000000001466     0x1194 ./system/src/stm32f1-hal/stm32f1xx_hal_rcc.o
 .debug_line    0x00000000000025fa      0x358 ./system/src/newlib/exit.o
 .debug_line    0x0000000000002952      0x337 ./system/src/newlib/sbrk.o
 .debug_line    0x0000000000002c89      0x5b5 ./system/src/newlib/startup.o
 .debug_line    0x000000000000323e      0x440 ./system/src/newlib/syscalls.o
 .debug_line    0x000000000000367e      0xa35 ./system/src/cortexm/exception-handlers.o
 .debug_line    0x00000000000040b3      0x629 ./system/src/cortexm/initialize-hardware.o
 .debug_line    0x00000000000046dc      0x6aa ./system/src/cmsis/system_stm32f1xx.o
 .debug_line    0x0000000000004d86      0x112 ./system/src/cmsis/vectors_stm32f103x6.o
 .debug_line    0x0000000000004e98      0x804 ./src/cdcacm.o
 .debug_line    0x000000000000569c      0x871 ./src/initialize-hardware.o
 .debug_line    0x0000000000005f0d      0x619 ./src/stm32f1xx_hal_msp.o
 .debug_line    0x0000000000006526      0x3c9 /home/src/eclipse-workspace/stm32f1_irdecode/libopencm3/lib/libopencm3_stm32f1.a(gpio.o)
 .debug_line    0x00000000000068ef      0x3ec /home/src/eclipse-workspace/stm32f1_irdecode/libopencm3/lib/libopencm3_stm32f1.a(gpio_common_all.o)
 .debug_line    0x0000000000006cdb      0xe3e /home/src/eclipse-workspace/stm32f1_irdecode/libopencm3/lib/libopencm3_stm32f1.a(rcc.o)
 .debug_line    0x0000000000007b19      0x4a7 /home/src/eclipse-workspace/stm32f1_irdecode/libopencm3/lib/libopencm3_stm32f1.a(rcc_common_all.o)
 .debug_line    0x0000000000007fc0      0x301 /home/src/eclipse-workspace/stm32f1_irdecode/libopencm3/lib/libopencm3_stm32f1.a(timer.o)
 .debug_line    0x00000000000082c1     0x10ef /home/src/eclipse-workspace/stm32f1_irdecode/libopencm3/lib/libopencm3_stm32f1.a(timer_common_all.o)
 .debug_line    0x00000000000093b0      0x572 /home/src/eclipse-workspace/stm32f1_irdecode/libopencm3/lib/libopencm3_stm32f1.a(usb.o)
 .debug_line    0x0000000000009922      0x73d /home/src/eclipse-workspace/stm32f1_irdecode/libopencm3/lib/libopencm3_stm32f1.a(usb_control.o)
 .debug_line    0x000000000000a05f      0xc5d /home/src/eclipse-workspace/stm32f1_irdecode/libopencm3/lib/libopencm3_stm32f1.a(usb_standard.o)
 .debug_line    0x000000000000acbc      0x462 /home/src/eclipse-workspace/stm32f1_irdecode/libopencm3/lib/libopencm3_stm32f1.a(st_usbfs_v1.o)
 .debug_line    0x000000000000b11e      0x40e /home/src/eclipse-workspace/stm32f1_irdecode/libopencm3/lib/libopencm3_stm32f1.a(nvic.o)
 .debug_line    0x000000000000b52c      0x39d /home/src/eclipse-workspace/stm32f1_irdecode/libopencm3/lib/libopencm3_stm32f1.a(flash_common_all.o)
 .debug_line    0x000000000000b8c9      0x84c /home/src/eclipse-workspace/stm32f1_irdecode/libopencm3/lib/libopencm3_stm32f1.a(st_usbfs_core.o)

.debug_frame    0x0000000000000000     0x1dc0
 *(.debug_frame)
 .debug_frame   0x0000000000000000      0x1d0 ./system/src/stm32f1-hal/stm32f1xx_hal.o
 .debug_frame   0x00000000000001d0      0x164 ./system/src/stm32f1-hal/stm32f1xx_hal_cortex.o
 .debug_frame   0x0000000000000334      0x1a8 ./system/src/stm32f1-hal/stm32f1xx_hal_rcc.o
 .debug_frame   0x00000000000004dc       0x38 ./system/src/newlib/exit.o
 .debug_frame   0x0000000000000514       0x28 ./system/src/newlib/sbrk.o
 .debug_frame   0x000000000000053c       0x7c ./system/src/newlib/startup.o
 .debug_frame   0x00000000000005b8       0x50 ./system/src/newlib/syscalls.o
 .debug_frame   0x0000000000000608       0xe8 ./system/src/cortexm/exception-handlers.o
 .debug_frame   0x00000000000006f0       0x40 ./system/src/cortexm/initialize-hardware.o
 .debug_frame   0x0000000000000730       0x30 ./system/src/cmsis/system_stm32f1xx.o
 .debug_frame   0x0000000000000760       0x20 ./system/src/cmsis/vectors_stm32f103x6.o
 .debug_frame   0x0000000000000780       0xec ./src/cdcacm.o
 .debug_frame   0x000000000000086c       0x50 ./src/initialize-hardware.o
 .debug_frame   0x00000000000008bc       0x50 ./src/stm32f1xx_hal_msp.o
 .debug_frame   0x000000000000090c       0x60 /home/src/eclipse-workspace/stm32f1_irdecode/libopencm3/lib/libopencm3_stm32f1.a(gpio.o)
 .debug_frame   0x000000000000096c       0x80 /home/src/eclipse-workspace/stm32f1_irdecode/libopencm3/lib/libopencm3_stm32f1.a(gpio_common_all.o)
 .debug_frame   0x00000000000009ec      0x328 /home/src/eclipse-workspace/stm32f1_irdecode/libopencm3/lib/libopencm3_stm32f1.a(rcc.o)
 .debug_frame   0x0000000000000d14       0xe0 /home/src/eclipse-workspace/stm32f1_irdecode/libopencm3/lib/libopencm3_stm32f1.a(rcc_common_all.o)
 .debug_frame   0x0000000000000df4       0x20 /home/src/eclipse-workspace/stm32f1_irdecode/libopencm3/lib/libopencm3_stm32f1.a(timer.o)
 .debug_frame   0x0000000000000e14      0x4e0 /home/src/eclipse-workspace/stm32f1_irdecode/libopencm3/lib/libopencm3_stm32f1.a(timer_common_all.o)
 .debug_frame   0x00000000000012f4      0x14c /home/src/eclipse-workspace/stm32f1_irdecode/libopencm3/lib/libopencm3_stm32f1.a(usb.o)
 .debug_frame   0x0000000000001440      0x164 /home/src/eclipse-workspace/stm32f1_irdecode/libopencm3/lib/libopencm3_stm32f1.a(usb_control.o)
 .debug_frame   0x00000000000015a4      0x1e4 /home/src/eclipse-workspace/stm32f1_irdecode/libopencm3/lib/libopencm3_stm32f1.a(usb_standard.o)
 .debug_frame   0x0000000000001788       0x54 /home/src/eclipse-workspace/stm32f1_irdecode/libopencm3/lib/libopencm3_stm32f1.a(st_usbfs_v1.o)
 .debug_frame   0x00000000000017dc       0xa0 /home/src/eclipse-workspace/stm32f1_irdecode/libopencm3/lib/libopencm3_stm32f1.a(nvic.o)
 .debug_frame   0x000000000000187c       0x50 /home/src/eclipse-workspace/stm32f1_irdecode/libopencm3/lib/libopencm3_stm32f1.a(flash_common_all.o)
 .debug_frame   0x00000000000018cc      0x114 /home/src/eclipse-workspace/stm32f1_irdecode/libopencm3/lib/libopencm3_stm32f1.a(st_usbfs_core.o)
 .debug_frame   0x00000000000019e0       0x20 /home/toolchain/gcc-arm-none-eabi-10.3-2021.10/bin/../lib/gcc/arm-none-eabi/10.3.1/../../../../arm-none-eabi/lib/thumb/v7-m/nofp/libg_nano.a(lib_a-errno.o)
 .debug_frame   0x0000000000001a00       0x28 /home/toolchain/gcc-arm-none-eabi-10.3-2021.10/bin/../lib/gcc/arm-none-eabi/10.3.1/../../../../arm-none-eabi/lib/thumb/v7-m/nofp/libg_nano.a(lib_a-memcpy-stub.o)
 .debug_frame   0x0000000000001a28       0x6c /home/toolchain/gcc-arm-none-eabi-10.3-2021.10/bin/../lib/gcc/arm-none-eabi/10.3.1/../../../../arm-none-eabi/lib/thumb/v7-m/nofp/libg_nano.a(lib_a-sprintf.o)
 .debug_frame   0x0000000000001a94       0x90 /home/toolchain/gcc-arm-none-eabi-10.3-2021.10/bin/../lib/gcc/arm-none-eabi/10.3.1/../../../../arm-none-eabi/lib/thumb/v7-m/nofp/libg_nano.a(lib_a-nano-svfprintf.o)
 .debug_frame   0x0000000000001b24       0x60 /home/toolchain/gcc-arm-none-eabi-10.3-2021.10/bin/../lib/gcc/arm-none-eabi/10.3.1/../../../../arm-none-eabi/lib/thumb/v7-m/nofp/libg_nano.a(lib_a-nano-vfprintf_i.o)
 .debug_frame   0x0000000000001b84       0x28 /home/toolchain/gcc-arm-none-eabi-10.3-2021.10/bin/../lib/gcc/arm-none-eabi/10.3.1/../../../../arm-none-eabi/lib/thumb/v7-m/nofp/libg_nano.a(lib_a-memchr-stub.o)
 .debug_frame   0x0000000000001bac       0x28 /home/toolchain/gcc-arm-none-eabi-10.3-2021.10/bin/../lib/gcc/arm-none-eabi/10.3.1/../../../../arm-none-eabi/lib/thumb/v7-m/nofp/libg_nano.a(lib_a-memmove.o)
 .debug_frame   0x0000000000001bd4       0x38 /home/toolchain/gcc-arm-none-eabi-10.3-2021.10/bin/../lib/gcc/arm-none-eabi/10.3.1/../../../../arm-none-eabi/lib/thumb/v7-m/nofp/libg_nano.a(lib_a-nano-freer.o)
 .debug_frame   0x0000000000001c0c       0x4c /home/toolchain/gcc-arm-none-eabi-10.3-2021.10/bin/../lib/gcc/arm-none-eabi/10.3.1/../../../../arm-none-eabi/lib/thumb/v7-m/nofp/libg_nano.a(lib_a-nano-mallocr.o)
 .debug_frame   0x0000000000001c58       0x3c /home/toolchain/gcc-arm-none-eabi-10.3-2021.10/bin/../lib/gcc/arm-none-eabi/10.3.1/../../../../arm-none-eabi/lib/thumb/v7-m/nofp/libg_nano.a(lib_a-nano-reallocr.o)
 .debug_frame   0x0000000000001c94       0x2c /home/toolchain/gcc-arm-none-eabi-10.3-2021.10/bin/../lib/gcc/arm-none-eabi/10.3.1/../../../../arm-none-eabi/lib/thumb/v7-m/nofp/libg_nano.a(lib_a-sbrkr.o)
 .debug_frame   0x0000000000001cc0       0x30 /home/toolchain/gcc-arm-none-eabi-10.3-2021.10/bin/../lib/gcc/arm-none-eabi/10.3.1/../../../../arm-none-eabi/lib/thumb/v7-m/nofp/libg_nano.a(lib_a-mlock.o)
 .debug_frame   0x0000000000001cf0       0x20 /home/toolchain/gcc-arm-none-eabi-10.3-2021.10/bin/../lib/gcc/arm-none-eabi/10.3.1/../../../../arm-none-eabi/lib/thumb/v7-m/nofp/libg_nano.a(lib_a-nano-msizer.o)
 .debug_frame   0x0000000000001d10       0xb0 /home/toolchain/gcc-arm-none-eabi-10.3-2021.10/bin/../lib/gcc/arm-none-eabi/10.3.1/../../../../arm-none-eabi/lib/thumb/v7-m/nofp/libg_nano.a(lib_a-lock.o)

.debug_str      0x0000000000000000    0xad043
 *(.debug_str)
 .debug_str     0x0000000000000000    0x936f4 ./system/src/stm32f1-hal/stm32f1xx_hal.o
                                      0x93b8b (size before relaxing)
 .debug_str     0x00000000000936f4      0x2b2 ./system/src/stm32f1-hal/stm32f1xx_hal_cortex.o
                                      0x93ac5 (size before relaxing)
 .debug_str     0x00000000000939a6      0x3b9 ./system/src/stm32f1-hal/stm32f1xx_hal_rcc.o
                                      0x938ae (size before relaxing)
 .debug_str     0x0000000000093d5f     0x4695 ./system/src/newlib/exit.o
                                       0x7782 (size before relaxing)
 .debug_str     0x00000000000983f4      0x4dd ./system/src/newlib/sbrk.o
                                       0x6b63 (size before relaxing)
 .debug_str     0x00000000000988d1      0x25f ./system/src/newlib/startup.o
                                       0x6369 (size before relaxing)
 .debug_str     0x0000000000098b30     0x1504 ./system/src/newlib/syscalls.o
                                       0x80b0 (size before relaxing)
 .debug_str     0x000000000009a034      0x1f4 ./system/src/cortexm/exception-handlers.o
                                      0x97ba0 (size before relaxing)
 .debug_str     0x000000000009a228       0x5d ./system/src/cortexm/initialize-hardware.o
                                      0x934c9 (size before relaxing)
 .debug_str     0x000000000009a285       0x39 ./system/src/cmsis/system_stm32f1xx.o
                                      0x9348e (size before relaxing)
 .debug_str     0x000000000009a2be       0x59 ./system/src/cmsis/vectors_stm32f103x6.o
                                       0x3823 (size before relaxing)
 .debug_str     0x000000000009a317     0xd0af ./src/cdcacm.o
                                      0x138a1 (size before relaxing)
 .debug_str     0x00000000000a73c6       0x44 ./src/initialize-hardware.o
                                      0x96a8a (size before relaxing)
 .debug_str     0x00000000000a740a       0x3d ./src/stm32f1xx_hal_msp.o
                                      0x93409 (size before relaxing)
 .debug_str     0x00000000000a7447      0xede /home/src/eclipse-workspace/stm32f1_irdecode/libopencm3/lib/libopencm3_stm32f1.a(gpio.o)
                                       0x862f (size before relaxing)
 .debug_str     0x00000000000a8325       0x60 /home/src/eclipse-workspace/stm32f1_irdecode/libopencm3/lib/libopencm3_stm32f1.a(gpio_common_all.o)
                                       0x8623 (size before relaxing)
 .debug_str     0x00000000000a8385      0xd23 /home/src/eclipse-workspace/stm32f1_irdecode/libopencm3/lib/libopencm3_stm32f1.a(rcc.o)
                                       0x8284 (size before relaxing)
 .debug_str     0x00000000000a90a8      0x186 /home/src/eclipse-workspace/stm32f1_irdecode/libopencm3/lib/libopencm3_stm32f1.a(rcc_common_all.o)
                                       0x7a9a (size before relaxing)
 .debug_str     0x00000000000a922e       0x19 /home/src/eclipse-workspace/stm32f1_irdecode/libopencm3/lib/libopencm3_stm32f1.a(timer.o)
                                       0x8e1c (size before relaxing)
 .debug_str     0x00000000000a9247      0x7e2 /home/src/eclipse-workspace/stm32f1_irdecode/libopencm3/lib/libopencm3_stm32f1.a(timer_common_all.o)
                                       0xc036 (size before relaxing)
 .debug_str     0x00000000000a9a29      0x909 /home/src/eclipse-workspace/stm32f1_irdecode/libopencm3/lib/libopencm3_stm32f1.a(usb.o)
                                       0x8059 (size before relaxing)
 .debug_str     0x00000000000aa332      0x105 /home/src/eclipse-workspace/stm32f1_irdecode/libopencm3/lib/libopencm3_stm32f1.a(usb_control.o)
                                       0x807e (size before relaxing)
 .debug_str     0x00000000000aa437      0x2b5 /home/src/eclipse-workspace/stm32f1_irdecode/libopencm3/lib/libopencm3_stm32f1.a(usb_standard.o)
                                       0x81b1 (size before relaxing)
 .debug_str     0x00000000000aa6ec     0x1594 /home/src/eclipse-workspace/stm32f1_irdecode/libopencm3/lib/libopencm3_stm32f1.a(st_usbfs_v1.o)
                                       0x9c7b (size before relaxing)
 .debug_str     0x00000000000abc80     0x1246 /home/src/eclipse-workspace/stm32f1_irdecode/libopencm3/lib/libopencm3_stm32f1.a(nvic.o)
                                       0x5c47 (size before relaxing)
 .debug_str     0x00000000000acec6       0x64 /home/src/eclipse-workspace/stm32f1_irdecode/libopencm3/lib/libopencm3_stm32f1.a(flash_common_all.o)
                                       0x5568 (size before relaxing)
 .debug_str     0x00000000000acf2a      0x119 /home/src/eclipse-workspace/stm32f1_irdecode/libopencm3/lib/libopencm3_stm32f1.a(st_usbfs_core.o)
                                       0x9b97 (size before relaxing)

.debug_loc      0x0000000000000000     0x545d
 *(.debug_loc)
 .debug_loc     0x0000000000000000      0x130 ./system/src/stm32f1-hal/stm32f1xx_hal.o
 .debug_loc     0x0000000000000130      0x8cd ./system/src/stm32f1-hal/stm32f1xx_hal_cortex.o
 .debug_loc     0x00000000000009fd      0x71c ./system/src/stm32f1-hal/stm32f1xx_hal_rcc.o
 .debug_loc     0x0000000000001119       0x15 ./system/src/newlib/exit.o
 .debug_loc     0x000000000000112e       0x97 ./system/src/newlib/sbrk.o
 .debug_loc     0x00000000000011c5      0x2de ./system/src/newlib/startup.o
 .debug_loc     0x00000000000014a3       0x6f ./system/src/newlib/syscalls.o
 .debug_loc     0x0000000000001512       0xff ./system/src/cmsis/system_stm32f1xx.o
 .debug_loc     0x0000000000001611      0x25b ./src/cdcacm.o
 .debug_loc     0x000000000000186c       0x2a ./src/initialize-hardware.o
 .debug_loc     0x0000000000001896      0x170 /home/src/eclipse-workspace/stm32f1_irdecode/libopencm3/lib/libopencm3_stm32f1.a(gpio.o)
 .debug_loc     0x0000000000001a06       0xbe /home/src/eclipse-workspace/stm32f1_irdecode/libopencm3/lib/libopencm3_stm32f1.a(gpio_common_all.o)
 .debug_loc     0x0000000000001ac4      0x662 /home/src/eclipse-workspace/stm32f1_irdecode/libopencm3/lib/libopencm3_stm32f1.a(rcc.o)
 .debug_loc     0x0000000000002126      0x16a /home/src/eclipse-workspace/stm32f1_irdecode/libopencm3/lib/libopencm3_stm32f1.a(rcc_common_all.o)
 .debug_loc     0x0000000000002290       0x25 /home/src/eclipse-workspace/stm32f1_irdecode/libopencm3/lib/libopencm3_stm32f1.a(timer.o)
 .debug_loc     0x00000000000022b5      0x48d /home/src/eclipse-workspace/stm32f1_irdecode/libopencm3/lib/libopencm3_stm32f1.a(timer_common_all.o)
 .debug_loc     0x0000000000002742      0x544 /home/src/eclipse-workspace/stm32f1_irdecode/libopencm3/lib/libopencm3_stm32f1.a(usb.o)
 .debug_loc     0x0000000000002c86      0x81a /home/src/eclipse-workspace/stm32f1_irdecode/libopencm3/lib/libopencm3_stm32f1.a(usb_control.o)
 .debug_loc     0x00000000000034a0     0x13fc /home/src/eclipse-workspace/stm32f1_irdecode/libopencm3/lib/libopencm3_stm32f1.a(usb_standard.o)
 .debug_loc     0x000000000000489c      0x1b5 /home/src/eclipse-workspace/stm32f1_irdecode/libopencm3/lib/libopencm3_stm32f1.a(st_usbfs_v1.o)
 .debug_loc     0x0000000000004a51      0x14d /home/src/eclipse-workspace/stm32f1_irdecode/libopencm3/lib/libopencm3_stm32f1.a(nvic.o)
 .debug_loc     0x0000000000004b9e       0x47 /home/src/eclipse-workspace/stm32f1_irdecode/libopencm3/lib/libopencm3_stm32f1.a(flash_common_all.o)
 .debug_loc     0x0000000000004be5      0x878 /home/src/eclipse-workspace/stm32f1_irdecode/libopencm3/lib/libopencm3_stm32f1.a(st_usbfs_core.o)

.debug_macinfo
 *(.debug_macinfo)

.debug_weaknames
 *(.debug_weaknames)

.debug_funcnames
 *(.debug_funcnames)

.debug_typenames
 *(.debug_typenames)

.debug_varnames
 *(.debug_varnames)
OUTPUT(stm32f1_irdecode.elf elf32-littlearm)
LOAD linker stubs

.debug_ranges   0x0000000000000000      0xd58
 .debug_ranges  0x0000000000000000       0xd0 ./system/src/stm32f1-hal/stm32f1xx_hal.o
 .debug_ranges  0x00000000000000d0      0x110 ./system/src/stm32f1-hal/stm32f1xx_hal_cortex.o
 .debug_ranges  0x00000000000001e0       0xa0 ./system/src/stm32f1-hal/stm32f1xx_hal_rcc.o
 .debug_ranges  0x0000000000000280       0x18 ./system/src/newlib/exit.o
 .debug_ranges  0x0000000000000298       0x10 ./system/src/newlib/sbrk.o
 .debug_ranges  0x00000000000002a8       0x30 ./system/src/newlib/startup.o
 .debug_ranges  0x00000000000002d8       0x20 ./system/src/newlib/syscalls.o
 .debug_ranges  0x00000000000002f8       0x70 ./system/src/cortexm/exception-handlers.o
 .debug_ranges  0x0000000000000368       0x18 ./system/src/cortexm/initialize-hardware.o
 .debug_ranges  0x0000000000000380       0x18 ./system/src/cmsis/system_stm32f1xx.o
 .debug_ranges  0x0000000000000398       0x10 ./system/src/cmsis/vectors_stm32f103x6.o
 .debug_ranges  0x00000000000003a8       0x60 ./src/cdcacm.o
 .debug_ranges  0x0000000000000408       0x20 ./src/initialize-hardware.o
 .debug_ranges  0x0000000000000428       0x28 ./src/stm32f1xx_hal_msp.o
 .debug_ranges  0x0000000000000450       0x28 /home/src/eclipse-workspace/stm32f1_irdecode/libopencm3/lib/libopencm3_stm32f1.a(gpio.o)
 .debug_ranges  0x0000000000000478       0x40 /home/src/eclipse-workspace/stm32f1_irdecode/libopencm3/lib/libopencm3_stm32f1.a(gpio_common_all.o)
 .debug_ranges  0x00000000000004b8      0x208 /home/src/eclipse-workspace/stm32f1_irdecode/libopencm3/lib/libopencm3_stm32f1.a(rcc.o)
 .debug_ranges  0x00000000000006c0       0x60 /home/src/eclipse-workspace/stm32f1_irdecode/libopencm3/lib/libopencm3_stm32f1.a(rcc_common_all.o)
 .debug_ranges  0x0000000000000720       0x10 /home/src/eclipse-workspace/stm32f1_irdecode/libopencm3/lib/libopencm3_stm32f1.a(timer.o)
 .debug_ranges  0x0000000000000730      0x260 /home/src/eclipse-workspace/stm32f1_irdecode/libopencm3/lib/libopencm3_stm32f1.a(timer_common_all.o)
 .debug_ranges  0x0000000000000990       0x80 /home/src/eclipse-workspace/stm32f1_irdecode/libopencm3/lib/libopencm3_stm32f1.a(usb.o)
 .debug_ranges  0x0000000000000a10       0x90 /home/src/eclipse-workspace/stm32f1_irdecode/libopencm3/lib/libopencm3_stm32f1.a(usb_control.o)
 .debug_ranges  0x0000000000000aa0      0x100 /home/src/eclipse-workspace/stm32f1_irdecode/libopencm3/lib/libopencm3_stm32f1.a(usb_standard.o)
 .debug_ranges  0x0000000000000ba0       0x20 /home/src/eclipse-workspace/stm32f1_irdecode/libopencm3/lib/libopencm3_stm32f1.a(st_usbfs_v1.o)
 .debug_ranges  0x0000000000000bc0       0x50 /home/src/eclipse-workspace/stm32f1_irdecode/libopencm3/lib/libopencm3_stm32f1.a(nvic.o)
 .debug_ranges  0x0000000000000c10       0x28 /home/src/eclipse-workspace/stm32f1_irdecode/libopencm3/lib/libopencm3_stm32f1.a(flash_common_all.o)
 .debug_ranges  0x0000000000000c38      0x120 /home/src/eclipse-workspace/stm32f1_irdecode/libopencm3/lib/libopencm3_stm32f1.a(st_usbfs_core.o)

.debug_macro    0x0000000000000000    0x1f1ae
 .debug_macro   0x0000000000000000      0x2a6 ./system/src/stm32f1-hal/stm32f1xx_hal.o
 .debug_macro   0x00000000000002a6      0xa78 ./system/src/stm32f1-hal/stm32f1xx_hal.o
 .debug_macro   0x0000000000000d1e      0x2c8 ./system/src/stm32f1-hal/stm32f1xx_hal.o
 .debug_macro   0x0000000000000fe6       0x28 ./system/src/stm32f1-hal/stm32f1xx_hal.o
 .debug_macro   0x000000000000100e       0x22 ./system/src/stm32f1-hal/stm32f1xx_hal.o
 .debug_macro   0x0000000000001030      0x34e ./system/src/stm32f1-hal/stm32f1xx_hal.o
 .debug_macro   0x000000000000137e       0x1c ./system/src/stm32f1-hal/stm32f1xx_hal.o
 .debug_macro   0x000000000000139a       0x22 ./system/src/stm32f1-hal/stm32f1xx_hal.o
 .debug_macro   0x00000000000013bc       0xbd ./system/src/stm32f1-hal/stm32f1xx_hal.o
 .debug_macro   0x0000000000001479      0xd23 ./system/src/stm32f1-hal/stm32f1xx_hal.o
 .debug_macro   0x000000000000219c     0xde6e ./system/src/stm32f1-hal/stm32f1xx_hal.o
 .debug_macro   0x000000000001000a       0x43 ./system/src/stm32f1-hal/stm32f1xx_hal.o
 .debug_macro   0x000000000001004d     0x3468 ./system/src/stm32f1-hal/stm32f1xx_hal.o
 .debug_macro   0x00000000000134b5      0x174 ./system/src/stm32f1-hal/stm32f1xx_hal.o
 .debug_macro   0x0000000000013629       0x5c ./system/src/stm32f1-hal/stm32f1xx_hal.o
 .debug_macro   0x0000000000013685      0x5be ./system/src/stm32f1-hal/stm32f1xx_hal.o
 .debug_macro   0x0000000000013c43      0x1b7 ./system/src/stm32f1-hal/stm32f1xx_hal.o
 .debug_macro   0x0000000000013dfa      0x1cb ./system/src/stm32f1-hal/stm32f1xx_hal.o
 .debug_macro   0x0000000000013fc5      0x114 ./system/src/stm32f1-hal/stm32f1xx_hal.o
 .debug_macro   0x00000000000140d9      0x1b2 ./system/src/stm32f1-hal/stm32f1xx_hal.o
 .debug_macro   0x000000000001428b       0x27 ./system/src/stm32f1-hal/stm32f1xx_hal.o
 .debug_macro   0x00000000000142b2      0x12f ./system/src/stm32f1-hal/stm32f1xx_hal.o
 .debug_macro   0x00000000000143e1      0x1bc ./system/src/stm32f1-hal/stm32f1xx_hal.o
 .debug_macro   0x000000000001459d       0x34 ./system/src/stm32f1-hal/stm32f1xx_hal.o
 .debug_macro   0x00000000000145d1       0x3c ./system/src/stm32f1-hal/stm32f1xx_hal.o
 .debug_macro   0x000000000001460d      0x408 ./system/src/stm32f1-hal/stm32f1xx_hal.o
 .debug_macro   0x0000000000014a15       0x57 ./system/src/stm32f1-hal/stm32f1xx_hal.o
 .debug_macro   0x0000000000014a6c      0x46a ./system/src/stm32f1-hal/stm32f1xx_hal.o
 .debug_macro   0x0000000000014ed6      0x1b5 ./system/src/stm32f1-hal/stm32f1xx_hal.o
 .debug_macro   0x000000000001508b       0x22 ./system/src/stm32f1-hal/stm32f1xx_hal.o
 .debug_macro   0x00000000000150ad       0x88 ./system/src/stm32f1-hal/stm32f1xx_hal.o
 .debug_macro   0x0000000000015135      0x183 ./system/src/stm32f1-hal/stm32f1xx_hal.o
 .debug_macro   0x00000000000152b8      0x287 ./system/src/stm32f1-hal/stm32f1xx_hal.o
 .debug_macro   0x000000000001553f       0x78 ./system/src/stm32f1-hal/stm32f1xx_hal.o
 .debug_macro   0x00000000000155b7      0x141 ./system/src/stm32f1-hal/stm32f1xx_hal.o
 .debug_macro   0x00000000000156f8      0x1ef ./system/src/stm32f1-hal/stm32f1xx_hal.o
 .debug_macro   0x00000000000158e7       0xec ./system/src/stm32f1-hal/stm32f1xx_hal.o
 .debug_macro   0x00000000000159d3      0x217 ./system/src/stm32f1-hal/stm32f1xx_hal.o
 .debug_macro   0x0000000000015bea      0x8d1 ./system/src/stm32f1-hal/stm32f1xx_hal.o
 .debug_macro   0x00000000000164bb      0x26b ./system/src/stm32f1-hal/stm32f1xx_hal.o
 .debug_macro   0x0000000000016726      0x217 ./system/src/stm32f1-hal/stm32f1xx_hal.o
 .debug_macro   0x000000000001693d      0x1a7 ./system/src/stm32f1-hal/stm32f1xx_hal.o