Archive member included to satisfy reference by file (symbol)

/home/src/eclipse-workspace/stm32f1_irdecode/libopencm3/lib/libopencm3_stm32f1.a(gpio.o)
                              ./src/cdcacm.o (gpio_set_mode)
/home/src/eclipse-workspace/stm32f1_irdecode/libopencm3/lib/libopencm3_stm32f1.a(gpio_common_all.o)
                              ./src/cdcacm.o (gpio_set)
/home/src/eclipse-workspace/stm32f1_irdecode/libopencm3/lib/libopencm3_stm32f1.a(rcc.o)
                              ./src/cdcacm.o (rcc_clock_setup_pll)
/home/src/eclipse-workspace/stm32f1_irdecode/libopencm3/lib/libopencm3_stm32f1.a(rcc_common_all.o)
                              ./src/cdcacm.o (rcc_periph_clock_enable)
/home/src/eclipse-workspace/stm32f1_irdecode/libopencm3/lib/libopencm3_stm32f1.a(timer.o)
                              ./src/cdcacm.o (timer_ic_set_polarity)
/home/src/eclipse-workspace/stm32f1_irdecode/libopencm3/lib/libopencm3_stm32f1.a(timer_common_all.o)
                              ./src/cdcacm.o (timer_enable_irq)
/home/src/eclipse-workspace/stm32f1_irdecode/libopencm3/lib/libopencm3_stm32f1.a(usb.o)
                              ./src/cdcacm.o (usbd_init)
/home/src/eclipse-workspace/stm32f1_irdecode/libopencm3/lib/libopencm3_stm32f1.a(usb_control.o)
                              ./src/cdcacm.o (usbd_register_control_callback)
/home/src/eclipse-workspace/stm32f1_irdecode/libopencm3/lib/libopencm3_stm32f1.a(usb_standard.o)
                              ./src/cdcacm.o (usbd_register_set_config_callback)
/home/src/eclipse-workspace/stm32f1_irdecode/libopencm3/lib/libopencm3_stm32f1.a(st_usbfs_v1.o)
                              ./src/cdcacm.o (st_usbfs_v1_usb_driver)
/home/src/eclipse-workspace/stm32f1_irdecode/libopencm3/lib/libopencm3_stm32f1.a(nvic.o)
                              ./src/cdcacm.o (nvic_enable_irq)
/home/src/eclipse-workspace/stm32f1_irdecode/libopencm3/lib/libopencm3_stm32f1.a(assert.o)
                              /home/src/eclipse-workspace/stm32f1_irdecode/libopencm3/lib/libopencm3_stm32f1.a(rcc.o) (cm3_assert_failed)
/home/src/eclipse-workspace/stm32f1_irdecode/libopencm3/lib/libopencm3_stm32f1.a(flash_common_all.o)
                              /home/src/eclipse-workspace/stm32f1_irdecode/libopencm3/lib/libopencm3_stm32f1.a(rcc.o) (flash_set_ws)
/home/src/eclipse-workspace/stm32f1_irdecode/libopencm3/lib/libopencm3_stm32f1.a(st_usbfs_core.o)
                              /home/src/eclipse-workspace/stm32f1_irdecode/libopencm3/lib/libopencm3_stm32f1.a(st_usbfs_v1.o) (st_usbfs_set_address)
/home/toolchain/gcc-arm-none-eabi-10.3-2021.10/bin/../lib/gcc/arm-none-eabi/10.3.1/../../../../arm-none-eabi/lib/thumb/v7-m/nofp/libg_nano.a(lib_a-errno.o)
                              ./system/src/newlib/sbrk.o (__errno)
/home/toolchain/gcc-arm-none-eabi-10.3-2021.10/bin/../lib/gcc/arm-none-eabi/10.3.1/../../../../arm-none-eabi/lib/thumb/v7-m/nofp/libg_nano.a(lib_a-impure.o)
                              /home/toolchain/gcc-arm-none-eabi-10.3-2021.10/bin/../lib/gcc/arm-none-eabi/10.3.1/../../../../arm-none-eabi/lib/thumb/v7-m/nofp/libg_nano.a(lib_a-errno.o) (_impure_ptr)
/home/toolchain/gcc-arm-none-eabi-10.3-2021.10/bin/../lib/gcc/arm-none-eabi/10.3.1/../../../../arm-none-eabi/lib/thumb/v7-m/nofp/libg_nano.a(lib_a-memcpy-stub.o)
                              /home/src/eclipse-workspace/stm32f1_irdecode/libopencm3/lib/libopencm3_stm32f1.a(usb_standard.o) (memcpy)
/home/toolchain/gcc-arm-none-eabi-10.3-2021.10/bin/../lib/gcc/arm-none-eabi/10.3.1/../../../../arm-none-eabi/lib/thumb/v7-m/nofp/libg_nano.a(lib_a-sprintf.o)
                              ./src/cdcacm.o (sprintf)
/home/toolchain/gcc-arm-none-eabi-10.3-2021.10/bin/../lib/gcc/arm-none-eabi/10.3.1/../../../../arm-none-eabi/lib/thumb/v7-m/nofp/libg_nano.a(lib_a-strlen.o)
                              ./src/cdcacm.o (strlen)
/home/toolchain/gcc-arm-none-eabi-10.3-2021.10/bin/../lib/gcc/arm-none-eabi/10.3.1/../../../../arm-none-eabi/lib/thumb/v7-m/nofp/libg_nano.a(lib_a-nano-svfprintf.o)
                              /home/toolchain/gcc-arm-none-eabi-10.3-2021.10/bin/../lib/gcc/arm-none-eabi/10.3.1/../../../../arm-none-eabi/lib/thumb/v7-m/nofp/libg_nano.a(lib_a-sprintf.o) (_svfprintf_r)
/home/toolchain/gcc-arm-none-eabi-10.3-2021.10/bin/../lib/gcc/arm-none-eabi/10.3.1/../../../../arm-none-eabi/lib/thumb/v7-m/nofp/libg_nano.a(lib_a-nano-vfprintf_i.o)
                              /home/toolchain/gcc-arm-none-eabi-10.3-2021.10/bin/../lib/gcc/arm-none-eabi/10.3.1/../../../../arm-none-eabi/lib/thumb/v7-m/nofp/libg_nano.a(lib_a-nano-svfprintf.o) (_printf_i)
/home/toolchain/gcc-arm-none-eabi-10.3-2021.10/bin/../lib/gcc/arm-none-eabi/10.3.1/../../../../arm-none-eabi/lib/thumb/v7-m/nofp/libg_nano.a(lib_a-memchr-stub.o)
                              /home/toolchain/gcc-arm-none-eabi-10.3-2021.10/bin/../lib/gcc/arm-none-eabi/10.3.1/../../../../arm-none-eabi/lib/thumb/v7-m/nofp/libg_nano.a(lib_a-nano-svfprintf.o) (memchr)
[...]
Memory Configuration

Name             Origin             Length             Attributes
RAM              0x0000000020000000 0x0000000000005000 xrw
CCMRAM           0x0000000000000000 0x0000000000000000 xrw
FLASH            0x0000000008000000 0x0000000000010000 xr
FLASHB1          0x0000000000000000 0x0000000000000000 xr
EXTMEMB0         0x0000000000000000 0x0000000000000000 xr
EXTMEMB1         0x0000000000000000 0x0000000000000000 xr
EXTMEMB2         0x0000000000000000 0x0000000000000000 xr
EXTMEMB3         0x0000000000000000 0x0000000000000000 xr
MEMORY_ARRAY     0x0000000000000000 0x0000000000000000 xrw
*default*        0x0000000000000000 0xffffffffffffffff

Linker script and memory map

LOAD ./system/src/stm32f1-hal/stm32f1xx_hal.o
LOAD ./system/src/stm32f1-hal/stm32f1xx_hal_cortex.o
LOAD ./system/src/stm32f1-hal/stm32f1xx_hal_flash.o
LOAD ./system/src/stm32f1-hal/stm32f1xx_hal_flash_ex.o
LOAD ./system/src/stm32f1-hal/stm32f1xx_hal_gpio.o
LOAD ./system/src/stm32f1-hal/stm32f1xx_hal_gpio_ex.o
LOAD ./system/src/stm32f1-hal/stm32f1xx_hal_iwdg.o
LOAD ./system/src/stm32f1-hal/stm32f1xx_hal_pwr.o
LOAD ./system/src/stm32f1-hal/stm32f1xx_hal_rcc.o
LOAD ./system/src/newlib/assert.o
LOAD ./system/src/newlib/cxx.o
LOAD ./system/src/newlib/exit.o
LOAD ./system/src/newlib/sbrk.o
LOAD ./system/src/newlib/startup.o
LOAD ./system/src/newlib/syscalls.o
LOAD ./system/src/diag/trace-impl.o
LOAD ./system/src/diag/trace.o
LOAD ./system/src/cortexm/exception-handlers.o
LOAD ./system/src/cortexm/initialize-hardware.o
LOAD ./system/src/cortexm/reset-hardware.o
LOAD ./system/src/cmsis/system_stm32f1xx.o
LOAD ./system/src/cmsis/vectors_stm32f103x6.o
LOAD ./src/cdcacm.o
LOAD ./src/initialize-hardware.o
LOAD ./src/main.o
LOAD ./src/stm32f1xx_hal_msp.o
LOAD ./src/write.o
LOAD /home/src/eclipse-workspace/stm32f1_irdecode/libopencm3/lib/libopencm3_stm32f1.a
LOAD /home/toolchain/gcc-arm-none-eabi-10.3-2021.10/bin/../lib/gcc/arm-none-eabi/10.3.1/../../../../arm-none-eabi/lib/thumb/v7-m/nofp/libstdc++_nano.a
LOAD /home/toolchain/gcc-arm-none-eabi-10.3-2021.10/bin/../lib/gcc/arm-none-eabi/10.3.1/../../../../arm-none-eabi/lib/thumb/v7-m/nofp/libm.a
START GROUP
LOAD /home/toolchain/gcc-arm-none-eabi-10.3-2021.10/bin/../lib/gcc/arm-none-eabi/10.3.1/thumb/v7-m/nofp/libgcc.a
LOAD /home/toolchain/gcc-arm-none-eabi-10.3-2021.10/bin/../lib/gcc/arm-none-eabi/10.3.1/../../../../arm-none-eabi/lib/thumb/v7-m/nofp/libg_nano.a
LOAD /home/toolchain/gcc-arm-none-eabi-10.3-2021.10/bin/../lib/gcc/arm-none-eabi/10.3.1/../../../../arm-none-eabi/lib/thumb/v7-m/nofp/libc_nano.a
END GROUP
START GROUP
LOAD /home/toolchain/gcc-arm-none-eabi-10.3-2021.10/bin/../lib/gcc/arm-none-eabi/10.3.1/thumb/v7-m/nofp/libgcc.a
LOAD /home/toolchain/gcc-arm-none-eabi-10.3-2021.10/bin/../lib/gcc/arm-none-eabi/10.3.1/../../../../arm-none-eabi/lib/thumb/v7-m/nofp/libc_nano.a
END GROUP
                0x0000000020005000                __stack = (ORIGIN (RAM) + LENGTH (RAM))
                0x0000000020005000                _estack = __stack
                0x0000000000000400                __Main_Stack_Size = 0x400
                [!provide]                        PROVIDE (_Main_Stack_Size = __Main_Stack_Size)
                0x0000000020004c00                __Main_Stack_Limit = (__stack - __Main_Stack_Size)
                [!provide]                        PROVIDE (_Main_Stack_Limit = __Main_Stack_Limit)
                0x0000000000000100                _Minimum_Stack_Size = 0x100
                0x0000000020004250                PROVIDE (_Heap_Begin = _end_noinit)
                0x0000000020004c00                PROVIDE (_Heap_Limit = (__stack - __Main_Stack_Size))

.isr_vector     0x0000000008000000      0x2f0
 FILL mask 0xff
                0x0000000008000000                __vectors_start = ABSOLUTE (.)
                0x0000000008000000                __vectors_start__ = ABSOLUTE (.)
 *(.isr_vector)
 .isr_vector    0x0000000008000000       0xec ./system/src/cmsis/vectors_stm32f103x6.o
                0x0000000008000000                __isr_vectors
 *(.cfmconfig)
 *(.after_vectors .after_vectors.*)
 .after_vectors
                0x00000000080000ec      0x18c ./system/src/newlib/startup.o
                0x00000000080000ec                _start
 .after_vectors
                0x0000000008000278       0x74 ./system/src/cortexm/exception-handlers.o
                0x0000000008000278                Reset_Handler
                0x000000000800027c                NMI_Handler
                0x0000000008000280                HardFault_Handler
                0x0000000008000294                HardFault_Handler_C
                0x0000000008000298                MemManage_Handler
                0x000000000800029c                BusFault_Handler
                0x00000000080002b0                BusFault_Handler_C
                0x00000000080002b4                UsageFault_Handler
                0x00000000080002c8                UsageFault_Handler_C
                0x00000000080002cc                SVC_Handler
                0x00000000080002d0                DebugMon_Handler
                0x00000000080002d4                PendSV_Handler
                0x00000000080002d8                SysTick_Handler
 .after_vectors
                0x00000000080002ec        0x4 ./system/src/cmsis/vectors_stm32f103x6.o
                0x00000000080002ec                RTC_Alarm_IRQHandler
                0x00000000080002ec                EXTI2_IRQHandler
                0x00000000080002ec                PVD_IRQHandler
                0x00000000080002ec                EXTI3_IRQHandler
                0x00000000080002ec                EXTI0_IRQHandler
                0x00000000080002ec                ADC1_2_IRQHandler
                0x00000000080002ec                SPI1_IRQHandler
                0x00000000080002ec                TAMPER_IRQHandler
                0x00000000080002ec                DMA1_Channel4_IRQHandler
                0x00000000080002ec                RTC_IRQHandler
                0x00000000080002ec                DMA1_Channel7_IRQHandler
                0x00000000080002ec                CAN1_RX1_IRQHandler
                0x00000000080002ec                I2C1_EV_IRQHandler
                0x00000000080002ec                DMA1_Channel6_IRQHandler
                0x00000000080002ec                TIM3_IRQHandler
                0x00000000080002ec                RCC_IRQHandler
                0x00000000080002ec                TIM1_TRG_COM_IRQHandler
                0x00000000080002ec                DMA1_Channel1_IRQHandler
                0x00000000080002ec                Default_Handler
                0x00000000080002ec                EXTI15_10_IRQHandler
                0x00000000080002ec                EXTI9_5_IRQHandler
                0x00000000080002ec                DMA1_Channel5_IRQHandler
                0x00000000080002ec                EXTI4_IRQHandler
                0x00000000080002ec                USB_LP_CAN1_RX0_IRQHandler
                0x00000000080002ec                USB_HP_CAN1_TX_IRQHandler
                0x00000000080002ec                DMA1_Channel3_IRQHandler
                0x00000000080002ec                WWDG_IRQHandler
                0x00000000080002ec                TIM2_IRQHandler
                0x00000000080002ec                TIM1_BRK_IRQHandler
                0x00000000080002ec                EXTI1_IRQHandler
                0x00000000080002ec                USART2_IRQHandler
                0x00000000080002ec                DMA1_Channel2_IRQHandler
                0x00000000080002ec                CAN1_SCE_IRQHandler
                0x00000000080002ec                FLASH_IRQHandler
                0x00000000080002ec                USART1_IRQHandler
                0x00000000080002ec                I2C1_ER_IRQHandler
                0x00000000080002ec                USBWakeUp_IRQHandler

.inits          0x00000000080002f0       0x28
                0x00000000080002f0                __data_regions_array_start = .
                0x00000000080002f0        0x4 LONG 0x8002c2c LOADADDR (.data)
                0x00000000080002f4        0x4 LONG 0x20000000 ADDR (.data)
                0x00000000080002f8        0x4 LONG 0x20000090 (ADDR (.data) + SIZEOF (.data))
                0x00000000080002fc        0x4 LONG 0x8002c2c LOADADDR (.data_CCMRAM)
                0x0000000008000300        0x4 LONG 0x0 ADDR (.data_CCMRAM)
                0x0000000008000304        0x4 LONG 0x0 (ADDR (.data_CCMRAM) + SIZEOF (.data_CCMRAM))
                0x0000000008000308                __data_regions_array_end = .
                0x0000000008000308                __bss_regions_array_start = .
                0x0000000008000308        0x4 LONG 0x20000090 ADDR (.bss)
                0x000000000800030c        0x4 LONG 0x20004250 (ADDR (.bss) + SIZEOF (.bss))
                0x0000000008000310        0x4 LONG 0x0 ADDR (.bss_CCMRAM)
                0x0000000008000314        0x4 LONG 0x0 (ADDR (.bss_CCMRAM) + SIZEOF (.bss_CCMRAM))
                0x0000000008000318                __bss_regions_array_end = .
 *(.init)
 *(.fini)
                0x0000000008000318                . = ALIGN (0x4)
                0x0000000008000318                PROVIDE (__preinit_array_start = .)
 *(.preinit_array_sysinit .preinit_array_sysinit.*)
 *(.preinit_array_platform .preinit_array_platform.*)
 *(.preinit_array .preinit_array.*)
                0x0000000008000318                PROVIDE (__preinit_array_end = .)
                0x0000000008000318                . = ALIGN (0x4)
                0x0000000008000318                PROVIDE (__init_array_start = .)
 *(SORT_BY_NAME(.init_array.*))
 *(.init_array)
                0x0000000008000318                PROVIDE (__init_array_end = .)
                0x0000000008000318                . = ALIGN (0x4)
                0x0000000008000318                PROVIDE (__fini_array_start = .)
 *(SORT_BY_NAME(.fini_array.*))
 *(.fini_array)
                0x0000000008000318                PROVIDE (__fini_array_end = .)

.flashtext
 *(.flashtext .flashtext.*)

.text           0x0000000008000318     0x2913
 *(.text .text.*)
 .text.HAL_InitTick
                0x0000000008000318       0x48 ./system/src/stm32f1-hal/stm32f1xx_hal.o
                0x0000000008000318                HAL_InitTick
 .text.HAL_Init
                0x0000000008000360       0x24 ./system/src/stm32f1-hal/stm32f1xx_hal.o
                0x0000000008000360                HAL_Init
 .text.HAL_NVIC_SetPriorityGrouping
                0x0000000008000384       0x24 ./system/src/stm32f1-hal/stm32f1xx_hal_cortex.o
                0x0000000008000384                HAL_NVIC_SetPriorityGrouping
 .text.HAL_NVIC_SetPriority
                0x00000000080003a8       0x7c ./system/src/stm32f1-hal/stm32f1xx_hal_cortex.o
                0x00000000080003a8                HAL_NVIC_SetPriority
 .text.HAL_SYSTICK_Config
                0x0000000008000424       0x30 ./system/src/stm32f1-hal/stm32f1xx_hal_cortex.o
                0x0000000008000424                HAL_SYSTICK_Config
 .text.HAL_SYSTICK_CLKSourceConfig
                0x0000000008000454       0x18 ./system/src/stm32f1-hal/stm32f1xx_hal_cortex.o
                0x0000000008000454                HAL_SYSTICK_CLKSourceConfig
 .text.HAL_RCC_GetHCLKFreq
                0x000000000800046c        0xc ./system/src/stm32f1-hal/stm32f1xx_hal_rcc.o
                0x000000000800046c                HAL_RCC_GetHCLKFreq
 .text._exit    0x0000000008000478        0x8 ./system/src/newlib/exit.o
                0x0000000008000478                _exit
 .text._sbrk    0x0000000008000480       0x40 ./system/src/newlib/sbrk.o
                0x0000000008000480                _sbrk
 .text.__initialize_args
                0x00000000080004c0       0x10 ./system/src/newlib/syscalls.o
                0x00000000080004c0                __initialize_args
 .text.__initialize_hardware_early
                0x00000000080004d0       0x18 ./system/src/cortexm/initialize-hardware.o
                0x00000000080004d0                __initialize_hardware_early
 .text.__reset_hardware
                0x00000000080004e8       0x24 ./system/src/cortexm/reset-hardware.o
                0x00000000080004e8                __reset_hardware
 .text.SystemInit
                0x000000000800050c        0x4 ./system/src/cmsis/system_stm32f1xx.o
                0x000000000800050c                SystemInit
 .text.SystemCoreClockUpdate
                0x0000000008000510       0x5c ./system/src/cmsis/system_stm32f1xx.o
                0x0000000008000510                SystemCoreClockUpdate
 .text.cdcacm_control_request
                0x000000000800056c       0x20 ./src/cdcacm.o
 .text.cdcacm_set_config
                0x000000000800058c       0x4c ./src/cdcacm.o
 .text.cdcacm_data_rx_cb
                0x00000000080005d8       0x14 ./src/cdcacm.o
 .text.led_init
                0x00000000080005ec       0x2c ./src/cdcacm.o
                0x00000000080005ec                led_init
 .text.tim1_init
                0x0000000008000618      0x114 ./src/cdcacm.o
                0x0000000008000618                tim1_init
 .text.TIM1_CC_IRQHandler
                0x000000000800072c      0x108 ./src/cdcacm.o
                0x000000000800072c                TIM1_CC_IRQHandler
 .text.TIM1_UP_IRQHandler
                0x0000000008000834       0x38 ./src/cdcacm.o
                0x0000000008000834                TIM1_UP_IRQHandler
 .text.tim2_out_init
                0x000000000800086c       0xa4 ./src/cdcacm.o
                0x000000000800086c                tim2_out_init
 .text.startup.main
                0x0000000008000910      0x1ec ./src/cdcacm.o
                0x0000000008000910                main
 .text.SystemClock_Config
                0x0000000008000afc       0x20 ./src/initialize-hardware.o
                0x0000000008000afc                SystemClock_Config
 .text.__initialize_hardware
                0x0000000008000b1c       0x14 ./src/initialize-hardware.o
                0x0000000008000b1c                __initialize_hardware
 .text.HAL_MspInit
                0x0000000008000b30        0x4 ./src/stm32f1xx_hal_msp.o
                0x0000000008000b30                HAL_MspInit
 .text.gpio_set_mode
                0x0000000008000b34       0x5e /home/src/eclipse-workspace/stm32f1_irdecode/libopencm3/lib/libopencm3_stm32f1.a(gpio.o)
                0x0000000008000b34                gpio_set_mode
 *fill*         0x0000000008000b92        0x2 
 .text.gpio_primary_remap
                0x0000000008000b94       0x14 /home/src/eclipse-workspace/stm32f1_irdecode/libopencm3/lib/libopencm3_stm32f1.a(gpio.o)
                0x0000000008000b94                gpio_primary_remap
 .text.gpio_set
                0x0000000008000ba8        0x4 /home/src/eclipse-workspace/stm32f1_irdecode/libopencm3/lib/libopencm3_stm32f1.a(gpio_common_all.o)
                0x0000000008000ba8                gpio_set
 .text.gpio_clear
                0x0000000008000bac        0x6 /home/src/eclipse-workspace/stm32f1_irdecode/libopencm3/lib/libopencm3_stm32f1.a(gpio_common_all.o)
                0x0000000008000bac                gpio_clear
 .text.gpio_toggle
                0x0000000008000bb2       0x12 /home/src/eclipse-workspace/stm32f1_irdecode/libopencm3/lib/libopencm3_stm32f1.a(gpio_common_all.o)
                0x0000000008000bb2                gpio_toggle
 .text.rcc_osc_on.part.1
                0x0000000008000bc4       0x10 /home/src/eclipse-workspace/stm32f1_irdecode/libopencm3/lib/libopencm3_stm32f1.a(rcc.o)
 .text.rcc_is_osc_ready
                0x0000000008000bd4       0x5c /home/src/eclipse-workspace/stm32f1_irdecode/libopencm3/lib/libopencm3_stm32f1.a(rcc.o)
                0x0000000008000bd4                rcc_is_osc_ready
 .text.rcc_wait_for_osc_ready
                0x0000000008000c30       0x10 /home/src/eclipse-workspace/stm32f1_irdecode/libopencm3/lib/libopencm3_stm32f1.a(rcc.o)
                0x0000000008000c30                rcc_wait_for_osc_ready
 .text.rcc_osc_on
                0x0000000008000c40       0x54 /home/src/eclipse-workspace/stm32f1_irdecode/libopencm3/lib/libopencm3_stm32f1.a(rcc.o)
                0x0000000008000c40                rcc_osc_on
 .text.rcc_set_sysclk_source
                0x0000000008000c94       0x14 /home/src/eclipse-workspace/stm32f1_irdecode/libopencm3/lib/libopencm3_stm32f1.a(rcc.o)
                0x0000000008000c94                rcc_set_sysclk_source
 .text.rcc_set_pll_multiplication_factor
                0x0000000008000ca8       0x14 /home/src/eclipse-workspace/stm32f1_irdecode/libopencm3/lib/libopencm3_stm32f1.a(rcc.o)
                0x0000000008000ca8                rcc_set_pll_multiplication_factor
 .text.rcc_set_pll2_multiplication_factor
                0x0000000008000cbc       0x14 /home/src/eclipse-workspace/stm32f1_irdecode/libopencm3/lib/libopencm3_stm32f1.a(rcc.o)
                0x0000000008000cbc                rcc_set_pll2_multiplication_factor
 .text.rcc_set_pll3_multiplication_factor
                0x0000000008000cd0       0x14 /home/src/eclipse-workspace/stm32f1_irdecode/libopencm3/lib/libopencm3_stm32f1.a(rcc.o)
                0x0000000008000cd0                rcc_set_pll3_multiplication_factor
 .text.rcc_set_pll_source
                0x0000000008000ce4       0x14 /home/src/eclipse-workspace/stm32f1_irdecode/libopencm3/lib/libopencm3_stm32f1.a(rcc.o)
                0x0000000008000ce4                rcc_set_pll_source
 .text.rcc_set_pllxtpre
                0x0000000008000cf8       0x14 /home/src/eclipse-workspace/stm32f1_irdecode/libopencm3/lib/libopencm3_stm32f1.a(rcc.o)
                0x0000000008000cf8                rcc_set_pllxtpre
 .text.rcc_set_adcpre
                0x0000000008000d0c       0x14 /home/src/eclipse-workspace/stm32f1_irdecode/libopencm3/lib/libopencm3_stm32f1.a(rcc.o)
                0x0000000008000d0c                rcc_set_adcpre
 .text.rcc_set_ppre2
                0x0000000008000d20       0x14 /home/src/eclipse-workspace/stm32f1_irdecode/libopencm3/lib/libopencm3_stm32f1.a(rcc.o)
                0x0000000008000d20                rcc_set_ppre2
 .text.rcc_set_ppre1
                0x0000000008000d34       0x14 /home/src/eclipse-workspace/stm32f1_irdecode/libopencm3/lib/libopencm3_stm32f1.a(rcc.o)
                0x0000000008000d34                rcc_set_ppre1
 .text.rcc_set_hpre
                0x0000000008000d48       0x14 /home/src/eclipse-workspace/stm32f1_irdecode/libopencm3/lib/libopencm3_stm32f1.a(rcc.o)
                0x0000000008000d48                rcc_set_hpre
 .text.rcc_set_usbpre
                0x0000000008000d5c       0x18 /home/src/eclipse-workspace/stm32f1_irdecode/libopencm3/lib/libopencm3_stm32f1.a(rcc.o)
                0x0000000008000d5c                rcc_set_usbpre
 .text.rcc_set_prediv1
                0x0000000008000d74       0x14 /home/src/eclipse-workspace/stm32f1_irdecode/libopencm3/lib/libopencm3_stm32f1.a(rcc.o)
                0x0000000008000d74                rcc_set_prediv1
 .text.rcc_set_prediv2
                0x0000000008000d88       0x14 /home/src/eclipse-workspace/stm32f1_irdecode/libopencm3/lib/libopencm3_stm32f1.a(rcc.o)
                0x0000000008000d88                rcc_set_prediv2
 .text.rcc_set_prediv1_source
                0x0000000008000d9c       0x18 /home/src/eclipse-workspace/stm32f1_irdecode/libopencm3/lib/libopencm3_stm32f1.a(rcc.o)
                0x0000000008000d9c                rcc_set_prediv1_source
 .text.rcc_clock_setup_pll
                0x0000000008000db4       0xc8 /home/src/eclipse-workspace/stm32f1_irdecode/libopencm3/lib/libopencm3_stm32f1.a(rcc.o)
                0x0000000008000db4                rcc_clock_setup_pll
 .text.rcc_periph_clock_enable
                0x0000000008000e7c       0x1a /home/src/eclipse-workspace/stm32f1_irdecode/libopencm3/lib/libopencm3_stm32f1.a(rcc_common_all.o)
                0x0000000008000e7c                rcc_periph_clock_enable
 .text.rcc_periph_reset_pulse
                0x0000000008000e96       0x22 /home/src/eclipse-workspace/stm32f1_irdecode/libopencm3/lib/libopencm3_stm32f1.a(rcc_common_all.o)
                0x0000000008000e96                rcc_periph_reset_pulse
 .text.timer_ic_set_polarity
                0x0000000008000eb8       0x18 /home/src/eclipse-workspace/stm32f1_irdecode/libopencm3/lib/libopencm3_stm32f1.a(timer.o)
                0x0000000008000eb8                timer_ic_set_polarity
 .text.timer_enable_irq
                0x0000000008000ed0        0x8 /home/src/eclipse-workspace/stm32f1_irdecode/libopencm3/lib/libopencm3_stm32f1.a(timer_common_all.o)
                0x0000000008000ed0                timer_enable_irq
 .text.timer_get_flag
                0x0000000008000ed8        0xc /home/src/eclipse-workspace/stm32f1_irdecode/libopencm3/lib/libopencm3_stm32f1.a(timer_common_all.o)
                0x0000000008000ed8                timer_get_flag
 .text.timer_clear_flag
                0x0000000008000ee4        0x6 /home/src/eclipse-workspace/stm32f1_irdecode/libopencm3/lib/libopencm3_stm32f1.a(timer_common_all.o)
                0x0000000008000ee4                timer_clear_flag
 .text.timer_set_mode
                0x0000000008000eea       0x12 /home/src/eclipse-workspace/stm32f1_irdecode/libopencm3/lib/libopencm3_stm32f1.a(timer_common_all.o)
                0x0000000008000eea                timer_set_mode
 .text.timer_disable_preload
                0x0000000008000efc        0xa /home/src/eclipse-workspace/stm32f1_irdecode/libopencm3/lib/libopencm3_stm32f1.a(timer_common_all.o)
                0x0000000008000efc                timer_disable_preload
 .text.timer_continuous_mode
                0x0000000008000f06        0xa /home/src/eclipse-workspace/stm32f1_irdecode/libopencm3/lib/libopencm3_stm32f1.a(timer_common_all.o)
                0x0000000008000f06                timer_continuous_mode
 .text.timer_enable_counter
                0x0000000008000f10        0xa /home/src/eclipse-workspace/stm32f1_irdecode/libopencm3/lib/libopencm3_stm32f1.a(timer_common_all.o)
                0x0000000008000f10                timer_enable_counter
 .text.timer_set_ti1_ch123_xor
                0x0000000008000f1a        0xa /home/src/eclipse-workspace/stm32f1_irdecode/libopencm3/lib/libopencm3_stm32f1.a(timer_common_all.o)
                0x0000000008000f1a                timer_set_ti1_ch123_xor
 .text.timer_set_prescaler
                0x0000000008000f24        0x4 /home/src/eclipse-workspace/stm32f1_irdecode/libopencm3/lib/libopencm3_stm32f1.a(timer_common_all.o)
                0x0000000008000f24                timer_set_prescaler
 .text.timer_set_period
                0x0000000008000f28        0x4 /home/src/eclipse-workspace/stm32f1_irdecode/libopencm3/lib/libopencm3_stm32f1.a(timer_common_all.o)
                0x0000000008000f28                timer_set_period
 .text.timer_set_oc_mode
                0x0000000008000f2c      0x18c /home/src/eclipse-workspace/stm32f1_irdecode/libopencm3/lib/libopencm3_stm32f1.a(timer_common_all.o)
                0x0000000008000f2c                timer_set_oc_mode
 .text.timer_enable_oc_output
                0x00000000080010b8       0x4a /home/src/eclipse-workspace/stm32f1_irdecode/libopencm3/lib/libopencm3_stm32f1.a(timer_common_all.o)
                0x00000000080010b8                timer_enable_oc_output
 .text.timer_set_oc_value
                0x0000000008001102       0x20 /home/src/eclipse-workspace/stm32f1_irdecode/libopencm3/lib/libopencm3_stm32f1.a(timer_common_all.o)
                0x0000000008001102                timer_set_oc_value
 .text.timer_enable_break_main_output
                0x0000000008001122        0xa /home/src/eclipse-workspace/stm32f1_irdecode/libopencm3/lib/libopencm3_stm32f1.a(timer_common_all.o)
                0x0000000008001122                timer_enable_break_main_output
 .text.timer_ic_set_filter
                0x000000000800112c       0x50 /home/src/eclipse-workspace/stm32f1_irdecode/libopencm3/lib/libopencm3_stm32f1.a(timer_common_all.o)
                0x000000000800112c                timer_ic_set_filter
 .text.timer_ic_set_prescaler
                0x000000000800117c       0x50 /home/src/eclipse-workspace/stm32f1_irdecode/libopencm3/lib/libopencm3_stm32f1.a(timer_common_all.o)
                0x000000000800117c                timer_ic_set_prescaler
 .text.timer_ic_set_input
                0x00000000080011cc       0x66 /home/src/eclipse-workspace/stm32f1_irdecode/libopencm3/lib/libopencm3_stm32f1.a(timer_common_all.o)
                0x00000000080011cc                timer_ic_set_input
 .text.timer_ic_enable
                0x0000000008001232        0xe /home/src/eclipse-workspace/stm32f1_irdecode/libopencm3/lib/libopencm3_stm32f1.a(timer_common_all.o)
                0x0000000008001232                timer_ic_enable
 .text.usbd_init
                0x0000000008001240       0x54 /home/src/eclipse-workspace/stm32f1_irdecode/libopencm3/lib/libopencm3_stm32f1.a(usb.o)
                0x0000000008001240                usbd_init
 .text.usbd_poll
                0x0000000008001294        0x8 /home/src/eclipse-workspace/stm32f1_irdecode/libopencm3/lib/libopencm3_stm32f1.a(usb.o)
                0x0000000008001294                usbd_poll
 .text.usbd_ep_setup
                0x000000000800129c        0xe /home/src/eclipse-workspace/stm32f1_irdecode/libopencm3/lib/libopencm3_stm32f1.a(usb.o)
                0x000000000800129c                usbd_ep_setup
 .text._usbd_reset
                0x00000000080012aa       0x32 /home/src/eclipse-workspace/stm32f1_irdecode/libopencm3/lib/libopencm3_stm32f1.a(usb.o)
                0x00000000080012aa                _usbd_reset
 .text.usbd_ep_write_packet
                0x00000000080012dc        0xe /home/src/eclipse-workspace/stm32f1_irdecode/libopencm3/lib/libopencm3_stm32f1.a(usb.o)
                0x00000000080012dc                usbd_ep_write_packet
 .text.usbd_ep_read_packet
                0x00000000080012ea        0xe /home/src/eclipse-workspace/stm32f1_irdecode/libopencm3/lib/libopencm3_stm32f1.a(usb.o)
                0x00000000080012ea                usbd_ep_read_packet
 .text.usbd_ep_stall_set
                0x00000000080012f8        0x8 /home/src/eclipse-workspace/stm32f1_irdecode/libopencm3/lib/libopencm3_stm32f1.a(usb.o)
                0x00000000080012f8                usbd_ep_stall_set
 .text.usbd_ep_stall_get
                0x0000000008001300        0x8 /home/src/eclipse-workspace/stm32f1_irdecode/libopencm3/lib/libopencm3_stm32f1.a(usb.o)
                0x0000000008001300                usbd_ep_stall_get
 .text.usbd_ep_nak_set
                0x0000000008001308        0x8 /home/src/eclipse-workspace/stm32f1_irdecode/libopencm3/lib/libopencm3_stm32f1.a(usb.o)
                0x0000000008001308                usbd_ep_nak_set
 .text.usb_control_send_chunk
                0x0000000008001310       0x52 /home/src/eclipse-workspace/stm32f1_irdecode/libopencm3/lib/libopencm3_stm32f1.a(usb_control.o)
 .text.usb_control_request_dispatch
                0x0000000008001362       0x60 /home/src/eclipse-workspace/stm32f1_irdecode/libopencm3/lib/libopencm3_stm32f1.a(usb_control.o)
 .text.stall_transaction
                0x00000000080013c2       0x14 /home/src/eclipse-workspace/stm32f1_irdecode/libopencm3/lib/libopencm3_stm32f1.a(usb_control.o)
 .text.usb_control_recv_chunk
                0x00000000080013d6       0x3c /home/src/eclipse-workspace/stm32f1_irdecode/libopencm3/lib/libopencm3_stm32f1.a(usb_control.o)
 .text.usb_control_setup_read
                0x0000000008001412       0x66 /home/src/eclipse-workspace/stm32f1_irdecode/libopencm3/lib/libopencm3_stm32f1.a(usb_control.o)
 .text.usbd_register_control_callback
                0x0000000008001478       0x2c /home/src/eclipse-workspace/stm32f1_irdecode/libopencm3/lib/libopencm3_stm32f1.a(usb_control.o)
                0x0000000008001478                usbd_register_control_callback
 .text._usbd_control_setup
                0x00000000080014a4       0x60 /home/src/eclipse-workspace/stm32f1_irdecode/libopencm3/lib/libopencm3_stm32f1.a(usb_control.o)
                0x00000000080014a4                _usbd_control_setup
 .text._usbd_control_out
                0x0000000008001504       0x82 /home/src/eclipse-workspace/stm32f1_irdecode/libopencm3/lib/libopencm3_stm32f1.a(usb_control.o)
                0x0000000008001504                _usbd_control_out
 .text._usbd_control_in
                0x0000000008001586       0x64 /home/src/eclipse-workspace/stm32f1_irdecode/libopencm3/lib/libopencm3_stm32f1.a(usb_control.o)
                0x0000000008001586                _usbd_control_in
 .text.usb_standard_set_address
                0x00000000080015ea       0x2a /home/src/eclipse-workspace/stm32f1_irdecode/libopencm3/lib/libopencm3_stm32f1.a(usb_standard.o)
 .text.usb_standard_set_configuration
                0x0000000008001614       0x92 /home/src/eclipse-workspace/stm32f1_irdecode/libopencm3/lib/libopencm3_stm32f1.a(usb_standard.o)
 .text.usb_standard_get_configuration
                0x00000000080016a6       0x22 /home/src/eclipse-workspace/stm32f1_irdecode/libopencm3/lib/libopencm3_stm32f1.a(usb_standard.o)
 .text.usb_standard_get_interface
                0x00000000080016c8       0x34 /home/src/eclipse-workspace/stm32f1_irdecode/libopencm3/lib/libopencm3_stm32f1.a(usb_standard.o)
 .text.usb_standard_device_get_status
                0x00000000080016fc       0x18 /home/src/eclipse-workspace/stm32f1_irdecode/libopencm3/lib/libopencm3_stm32f1.a(usb_standard.o)
 .text.usb_standard_endpoint_get_status
                0x0000000008001714       0x2a /home/src/eclipse-workspace/stm32f1_irdecode/libopencm3/lib/libopencm3_stm32f1.a(usb_standard.o)
 .text.usb_standard_endpoint_stall
                0x000000000800173e       0x10 /home/src/eclipse-workspace/stm32f1_irdecode/libopencm3/lib/libopencm3_stm32f1.a(usb_standard.o)
 .text.usb_standard_endpoint_unstall
                0x000000000800174e       0x10 /home/src/eclipse-workspace/stm32f1_irdecode/libopencm3/lib/libopencm3_stm32f1.a(usb_standard.o)
 .text.usb_standard_set_interface
                0x000000000800175e       0x4e /home/src/eclipse-workspace/stm32f1_irdecode/libopencm3/lib/libopencm3_stm32f1.a(usb_standard.o)
 .text.usb_standard_get_descriptor
                0x00000000080017ac      0x290 /home/src/eclipse-workspace/stm32f1_irdecode/libopencm3/lib/libopencm3_stm32f1.a(usb_standard.o)
 .text.usb_standard_interface_get_status
                0x0000000008001a3c       0x18 /home/src/eclipse-workspace/stm32f1_irdecode/libopencm3/lib/libopencm3_stm32f1.a(usb_standard.o)
 .text.usbd_register_set_config_callback
                0x0000000008001a54       0x28 /home/src/eclipse-workspace/stm32f1_irdecode/libopencm3/lib/libopencm3_stm32f1.a(usb_standard.o)
                0x0000000008001a54                usbd_register_set_config_callback
 .text._usbd_standard_request_device
                0x0000000008001a7c       0x48 /home/src/eclipse-workspace/stm32f1_irdecode/libopencm3/lib/libopencm3_stm32f1.a(usb_standard.o)
                0x0000000008001a7c                _usbd_standard_request_device
 .text._usbd_standard_request_interface
                0x0000000008001ac4       0x30 /home/src/eclipse-workspace/stm32f1_irdecode/libopencm3/lib/libopencm3_stm32f1.a(usb_standard.o)
                0x0000000008001ac4                _usbd_standard_request_interface
 .text._usbd_standard_request_endpoint
                0x0000000008001af4       0x3c /home/src/eclipse-workspace/stm32f1_irdecode/libopencm3/lib/libopencm3_stm32f1.a(usb_standard.o)
                0x0000000008001af4                _usbd_standard_request_endpoint
 .text._usbd_standard_request
                0x0000000008001b30       0x30 /home/src/eclipse-workspace/stm32f1_irdecode/libopencm3/lib/libopencm3_stm32f1.a(usb_standard.o)
                0x0000000008001b30                _usbd_standard_request
 .text.st_usbfs_v1_usbd_init
                0x0000000008001b60       0x30 /home/src/eclipse-workspace/stm32f1_irdecode/libopencm3/lib/libopencm3_stm32f1.a(st_usbfs_v1.o)
 .text.st_usbfs_copy_to_pm
                0x0000000008001b90       0x18 /home/src/eclipse-workspace/stm32f1_irdecode/libopencm3/lib/libopencm3_stm32f1.a(st_usbfs_v1.o)
                0x0000000008001b90                st_usbfs_copy_to_pm
 .text.st_usbfs_copy_from_pm
                0x0000000008001ba8       0x26 /home/src/eclipse-workspace/stm32f1_irdecode/libopencm3/lib/libopencm3_stm32f1.a(st_usbfs_v1.o)
                0x0000000008001ba8                st_usbfs_copy_from_pm
 .text.nvic_enable_irq
                0x0000000008001bce       0x1a /home/src/eclipse-workspace/stm32f1_irdecode/libopencm3/lib/libopencm3_stm32f1.a(nvic.o)
                0x0000000008001bce                nvic_enable_irq
 .text.flash_set_ws
                0x0000000008001be8       0x14 /home/src/eclipse-workspace/stm32f1_irdecode/libopencm3/lib/libopencm3_stm32f1.a(flash_common_all.o)
                0x0000000008001be8                flash_set_ws
 .text.st_usbfs_set_address
                0x0000000008001bfc       0x10 /home/src/eclipse-workspace/stm32f1_irdecode/libopencm3/lib/libopencm3_stm32f1.a(st_usbfs_core.o)
                0x0000000008001bfc                st_usbfs_set_address
 .text.st_usbfs_set_ep_rx_bufsize
                0x0000000008001c0c       0x3c /home/src/eclipse-workspace/stm32f1_irdecode/libopencm3/lib/libopencm3_stm32f1.a(st_usbfs_core.o)
                0x0000000008001c0c                st_usbfs_set_ep_rx_bufsize
 .text.st_usbfs_ep_setup
                0x0000000008001c48      0x11c /home/src/eclipse-workspace/stm32f1_irdecode/libopencm3/lib/libopencm3_stm32f1.a(st_usbfs_core.o)
                0x0000000008001c48                st_usbfs_ep_setup
 .text.st_usbfs_endpoints_reset
                0x0000000008001d64       0x44 /home/src/eclipse-workspace/stm32f1_irdecode/libopencm3/lib/libopencm3_stm32f1.a(st_usbfs_core.o)
                0x0000000008001d64                st_usbfs_endpoints_reset
 .text.st_usbfs_ep_stall_set
                0x0000000008001da8       0xbc /home/src/eclipse-workspace/stm32f1_irdecode/libopencm3/lib/libopencm3_stm32f1.a(st_usbfs_core.o)
                0x0000000008001da8                st_usbfs_ep_stall_set
 .text.st_usbfs_ep_stall_get
                0x0000000008001e64       0x38 /home/src/eclipse-workspace/stm32f1_irdecode/libopencm3/lib/libopencm3_stm32f1.a(st_usbfs_core.o)
                0x0000000008001e64                st_usbfs_ep_stall_get
 .text.st_usbfs_ep_nak_set
                0x0000000008001e9c       0x3c /home/src/eclipse-workspace/stm32f1_irdecode/libopencm3/lib/libopencm3_stm32f1.a(st_usbfs_core.o)
                0x0000000008001e9c                st_usbfs_ep_nak_set
 .text.st_usbfs_ep_write_packet
                0x0000000008001ed8       0x7c /home/src/eclipse-workspace/stm32f1_irdecode/libopencm3/lib/libopencm3_stm32f1.a(st_usbfs_core.o)
                0x0000000008001ed8                st_usbfs_ep_write_packet
 .text.st_usbfs_ep_read_packet
                0x0000000008001f54       0xa8 /home/src/eclipse-workspace/stm32f1_irdecode/libopencm3/lib/libopencm3_stm32f1.a(st_usbfs_core.o)
                0x0000000008001f54                st_usbfs_ep_read_packet
 .text.st_usbfs_poll
                0x0000000008001ffc       0xe8 /home/src/eclipse-workspace/stm32f1_irdecode/libopencm3/lib/libopencm3_stm32f1.a(st_usbfs_core.o)
                0x0000000008001ffc                st_usbfs_poll
 .text.__errno  0x00000000080020e4        0xc /home/toolchain/gcc-arm-none-eabi-10.3-2021.10/bin/../lib/gcc/arm-none-eabi/10.3.1/../../../../arm-none-eabi/lib/thumb/v7-m/nofp/libg_nano.a(lib_a-errno.o)
                0x00000000080020e4                __errno
 .text.memcpy   0x00000000080020f0       0x1c /home/toolchain/gcc-arm-none-eabi-10.3-2021.10/bin/../lib/gcc/arm-none-eabi/10.3.1/../../../../arm-none-eabi/lib/thumb/v7-m/nofp/libg_nano.a(lib_a-memcpy-stub.o)
                0x00000000080020f0                memcpy
 .text.sprintf  0x000000000800210c       0x40 /home/toolchain/gcc-arm-none-eabi-10.3-2021.10/bin/../lib/gcc/arm-none-eabi/10.3.1/../../../../arm-none-eabi/lib/thumb/v7-m/nofp/libg_nano.a(lib_a-sprintf.o)
                0x000000000800210c                sprintf
                0x000000000800210c                siprintf
 .text          0x000000000800214c       0x10 /home/toolchain/gcc-arm-none-eabi-10.3-2021.10/bin/../lib/gcc/arm-none-eabi/10.3.1/../../../../arm-none-eabi/lib/thumb/v7-m/nofp/libg_nano.a(lib_a-strlen.o)
                0x000000000800214c                strlen
 .text.__ssputs_r
                0x000000000800215c       0xb6 /home/toolchain/gcc-arm-none-eabi-10.3-2021.10/bin/../lib/gcc/arm-none-eabi/10.3.1/../../../../arm-none-eabi/lib/thumb/v7-m/nofp/libg_nano.a(lib_a-nano-svfprintf.o)
                0x000000000800215c                __ssputs_r
 *fill*         0x0000000008002212        0x2 
 .text._svfprintf_r
                0x0000000008002214      0x200 /home/toolchain/gcc-arm-none-eabi-10.3-2021.10/bin/../lib/gcc/arm-none-eabi/10.3.1/../../../../arm-none-eabi/lib/thumb/v7-m/nofp/libg_nano.a(lib_a-nano-svfprintf.o)
                0x0000000008002214                _svfprintf_r
                0x0000000008002214                _svfiprintf_r
 .text._printf_common
                0x0000000008002414       0xde /home/toolchain/gcc-arm-none-eabi-10.3-2021.10/bin/../lib/gcc/arm-none-eabi/10.3.1/../../../../arm-none-eabi/lib/thumb/v7-m/nofp/libg_nano.a(lib_a-nano-vfprintf_i.o)
                0x0000000008002414                _printf_common
 *fill*         0x00000000080024f2        0x2 
 .text._printf_i
                0x00000000080024f4      0x24c /home/toolchain/gcc-arm-none-eabi-10.3-2021.10/bin/../lib/gcc/arm-none-eabi/10.3.1/../../../../arm-none-eabi/lib/thumb/v7-m/nofp/libg_nano.a(lib_a-nano-vfprintf_i.o)
                0x00000000080024f4                _printf_i
 .text.memchr   0x0000000008002740       0x1c /home/toolchain/gcc-arm-none-eabi-10.3-2021.10/bin/../lib/gcc/arm-none-eabi/10.3.1/../../../../arm-none-eabi/lib/thumb/v7-m/nofp/libg_nano.a(lib_a-memchr-stub.o)
                0x0000000008002740                memchr
 .text.memmove  0x000000000800275c       0x34 /home/toolchain/gcc-arm-none-eabi-10.3-2021.10/bin/../lib/gcc/arm-none-eabi/10.3.1/../../../../arm-none-eabi/lib/thumb/v7-m/nofp/libg_nano.a(lib_a-memmove.o)
                0x000000000800275c                memmove
 .text._free_r  0x0000000008002790       0x90 /home/toolchain/gcc-arm-none-eabi-10.3-2021.10/bin/../lib/gcc/arm-none-eabi/10.3.1/../../../../arm-none-eabi/lib/thumb/v7-m/nofp/libg_nano.a(lib_a-nano-freer.o)
                0x0000000008002790                _free_r
 .text.sbrk_aligned
                0x0000000008002820       0x40 /home/toolchain/gcc-arm-none-eabi-10.3-2021.10/bin/../lib/gcc/arm-none-eabi/10.3.1/../../../../arm-none-eabi/lib/thumb/v7-m/nofp/libg_nano.a(lib_a-nano-mallocr.o)
 .text._malloc_r
                0x0000000008002860       0xe8 /home/toolchain/gcc-arm-none-eabi-10.3-2021.10/bin/../lib/gcc/arm-none-eabi/10.3.1/../../../../arm-none-eabi/lib/thumb/v7-m/nofp/libg_nano.a(lib_a-nano-mallocr.o)
                0x0000000008002860                _malloc_r
 .text._realloc_r
                0x0000000008002948       0x5e /home/toolchain/gcc-arm-none-eabi-10.3-2021.10/bin/../lib/gcc/arm-none-eabi/10.3.1/../../../../arm-none-eabi/lib/thumb/v7-m/nofp/libg_nano.a(lib_a-nano-reallocr.o)
                0x0000000008002948                _realloc_r
 *fill*         0x00000000080029a6        0x2 
 .text._sbrk_r  0x00000000080029a8       0x20 /home/toolchain/gcc-arm-none-eabi-10.3-2021.10/bin/../lib/gcc/arm-none-eabi/10.3.1/../../../../arm-none-eabi/lib/thumb/v7-m/nofp/libg_nano.a(lib_a-sbrkr.o)
                0x00000000080029a8                _sbrk_r
 .text.__malloc_lock
                0x00000000080029c8        0xc /home/toolchain/gcc-arm-none-eabi-10.3-2021.10/bin/../lib/gcc/arm-none-eabi/10.3.1/../../../../arm-none-eabi/lib/thumb/v7-m/nofp/libg_nano.a(lib_a-mlock.o)
                0x00000000080029c8                __malloc_lock
 .text.__malloc_unlock
                0x00000000080029d4        0xc /home/toolchain/gcc-arm-none-eabi-10.3-2021.10/bin/../lib/gcc/arm-none-eabi/10.3.1/../../../../arm-none-eabi/lib/thumb/v7-m/nofp/libg_nano.a(lib_a-mlock.o)
                0x00000000080029d4                __malloc_unlock
 .text._malloc_usable_size_r
                0x00000000080029e0       0x10 /home/toolchain/gcc-arm-none-eabi-10.3-2021.10/bin/../lib/gcc/arm-none-eabi/10.3.1/../../../../arm-none-eabi/lib/thumb/v7-m/nofp/libg_nano.a(lib_a-nano-msizer.o)
                0x00000000080029e0                _malloc_usable_size_r
 .text.__retarget_lock_acquire_recursive
                0x00000000080029f0        0x2 /home/toolchain/gcc-arm-none-eabi-10.3-2021.10/bin/../lib/gcc/arm-none-eabi/10.3.1/../../../../arm-none-eabi/lib/thumb/v7-m/nofp/libg_nano.a(lib_a-lock.o)
                0x00000000080029f0                __retarget_lock_acquire_recursive
 .text.__retarget_lock_release_recursive
                0x00000000080029f2        0x2 /home/toolchain/gcc-arm-none-eabi-10.3-2021.10/bin/../lib/gcc/arm-none-eabi/10.3.1/../../../../arm-none-eabi/lib/thumb/v7-m/nofp/libg_nano.a(lib_a-lock.o)
                0x00000000080029f2                __retarget_lock_release_recursive
 *(.rodata .rodata.* .constdata .constdata.*)
 .rodata.AHBPrescTable
                0x00000000080029f4       0x10 ./system/src/cmsis/system_stm32f1xx.o
                0x00000000080029f4                AHBPrescTable
 .rodata.main.str1.4
                0x0000000008002a04       0x45 ./src/cdcacm.o
 *fill*         0x0000000008002a49        0x3 
 .rodata.str1.4
                0x0000000008002a4c       0x31 ./src/cdcacm.o
 *fill*         0x0000000008002a7d        0x3 
 .rodata.cdcacm_functional_descriptors
                0x0000000008002a80       0x13 ./src/cdcacm.o
 *fill*         0x0000000008002a93        0x1 
 .rodata.comm_endp
                0x0000000008002a94        0xf ./src/cdcacm.o
 *fill*         0x0000000008002aa3        0x1 
 .rodata.comm_iface
                0x0000000008002aa4       0x15 ./src/cdcacm.o
 *fill*         0x0000000008002ab9        0x3 
 .rodata.config
                0x0000000008002abc        0xd ./src/cdcacm.o
 *fill*         0x0000000008002ac9        0x3 
 .rodata.data_endp
                0x0000000008002acc       0x1e ./src/cdcacm.o
 *fill*         0x0000000008002aea        0x2 
 .rodata.data_iface
                0x0000000008002aec       0x15 ./src/cdcacm.o
 *fill*         0x0000000008002b01        0x3 
 .rodata.dev    0x0000000008002b04       0x12 ./src/cdcacm.o
 *fill*         0x0000000008002b16        0x2 
 .rodata.ifaces
                0x0000000008002b18       0x20 ./src/cdcacm.o
 .rodata.rcc_hse_configs
                0x0000000008002b38       0x8c /home/src/eclipse-workspace/stm32f1_irdecode/libopencm3/lib/libopencm3_stm32f1.a(rcc.o)
                0x0000000008002b38                rcc_hse_configs
 .rodata.st_usbfs_v1_usb_driver
                0x0000000008002bc4       0x34 /home/src/eclipse-workspace/stm32f1_irdecode/libopencm3/lib/libopencm3_stm32f1.a(st_usbfs_v1.o)
                0x0000000008002bc4                st_usbfs_v1_usb_driver
 .rodata._svfprintf_r.str1.1
                0x0000000008002bf8       0x11 /home/toolchain/gcc-arm-none-eabi-10.3-2021.10/bin/../lib/gcc/arm-none-eabi/10.3.1/../../../../arm-none-eabi/lib/thumb/v7-m/nofp/libg_nano.a(lib_a-nano-svfprintf.o)
 .rodata._printf_i.str1.1
                0x0000000008002c09       0x22 /home/toolchain/gcc-arm-none-eabi-10.3-2021.10/bin/../lib/gcc/arm-none-eabi/10.3.1/../../../../arm-none-eabi/lib/thumb/v7-m/nofp/libg_nano.a(lib_a-nano-vfprintf_i.o)
 *(vtable)
 *(.eh_frame*)
 *(.glue_7)
 .glue_7        0x0000000008002c2b        0x0 linker stubs
 *(.glue_7t)
 .glue_7t       0x0000000008002c2b        0x0 linker stubs

.vfp11_veneer   0x0000000008002c2c        0x0
 .vfp11_veneer  0x0000000008002c2c        0x0 linker stubs

.v4_bx          0x0000000008002c2c        0x0
 .v4_bx         0x0000000008002c2c        0x0 linker stubs

.iplt           0x0000000008002c2c        0x0
 .iplt          0x0000000008002c2c        0x0 ./system/src/stm32f1-hal/stm32f1xx_hal.o

.rel.dyn        0x0000000008002c2c        0x0
 .rel.iplt      0x0000000008002c2c        0x0 ./system/src/stm32f1-hal/stm32f1xx_hal.o

.ARM.extab
 *(.ARM.extab* .gnu.linkonce.armextab.*)
                0x0000000008002c2c                . = ALIGN (0x4)
                0x0000000008002c2c                __exidx_start = .

.ARM.exidx
 *(.ARM.exidx* .gnu.linkonce.armexidx.*)
                0x0000000008002c2c                __exidx_end = .
                0x0000000008002c2c                . = ALIGN (0x4)
                0x0000000008002c2c                _etext = .
                0x0000000008002c2c                __etext = .

.data_CCMRAM    0x0000000000000000        0x0 load address 0x0000000008002c2c
 FILL mask 0xff
 *(.data.CCMRAM .data.CCMRAM.*)
                0x0000000000000000                . = ALIGN (0x4)
                0x0000000008002c2c                _sidata = LOADADDR (.data)

.data           0x0000000020000000       0x90 load address 0x0000000008002c2c
 FILL mask 0xff
                0x0000000020000000                _sdata = .
                0x0000000020000000                __data_start__ = .
 *(.data_begin .data_begin.*)
 *(.data .data.*)
 .data.uwTickFreq
                0x0000000020000000        0x1 ./system/src/stm32f1-hal/stm32f1xx_hal.o
                0x0000000020000000                uwTickFreq
 *fill*         0x0000000020000001        0x3 ff
 .data.uwTickPrio
                0x0000000020000004        0x4 ./system/src/stm32f1-hal/stm32f1xx_hal.o
                0x0000000020000004                uwTickPrio
 .data.argv.1   0x0000000020000008        0x8 ./system/src/newlib/syscalls.o
 .data.SystemCoreClock
                0x0000000020000010        0x4 ./system/src/cmsis/system_stm32f1xx.o
                0x0000000020000010                SystemCoreClock
 .data.usb_strings
                0x0000000020000014        0xc ./src/cdcacm.o
 .data.rcc_ahb_frequency
                0x0000000020000020        0x4 /home/src/eclipse-workspace/stm32f1_irdecode/libopencm3/lib/libopencm3_stm32f1.a(rcc.o)
                0x0000000020000020                rcc_ahb_frequency
 .data.rcc_apb1_frequency
                0x0000000020000024        0x4 /home/src/eclipse-workspace/stm32f1_irdecode/libopencm3/lib/libopencm3_stm32f1.a(rcc.o)
                0x0000000020000024                rcc_apb1_frequency
 .data.rcc_apb2_frequency
                0x0000000020000028        0x4 /home/src/eclipse-workspace/stm32f1_irdecode/libopencm3/lib/libopencm3_stm32f1.a(rcc.o)
                0x0000000020000028                rcc_apb2_frequency
 .data._impure_ptr
                0x000000002000002c        0x4 /home/toolchain/gcc-arm-none-eabi-10.3-2021.10/bin/../lib/gcc/arm-none-eabi/10.3.1/../../../../arm-none-eabi/lib/thumb/v7-m/nofp/libg_nano.a(lib_a-impure.o)
                0x000000002000002c                _impure_ptr
 .data.impure_data
                0x0000000020000030       0x60 /home/toolchain/gcc-arm-none-eabi-10.3-2021.10/bin/../lib/gcc/arm-none-eabi/10.3.1/../../../../arm-none-eabi/lib/thumb/v7-m/nofp/libg_nano.a(lib_a-impure.o)
 *(.data_end .data_end.*)
                0x0000000020000090                . = ALIGN (0x4)
                0x0000000020000090                _edata = .
                0x0000000020000090                __data_end__ = .

.igot.plt       0x0000000020000090        0x0 load address 0x0000000008002cbc
 .igot.plt      0x0000000020000090        0x0 ./system/src/stm32f1-hal/stm32f1xx_hal.o

.bss_CCMRAM     0x0000000000000000        0x0
 *(.bss.CCMRAM .bss.CCMRAM.*)

.bss            0x0000000020000090     0x41c0
                0x0000000020000090                __bss_start__ = .
                0x0000000020000090                _sbss = .
 *(.bss_begin .bss_begin.*)
 *(.bss .bss.*)
 .bss.current_heap_end.0
                0x0000000020000090        0x4 ./system/src/newlib/sbrk.o
 .bss.errno     0x0000000020000094        0x4 ./system/src/newlib/syscalls.o
                0x0000000020000094                errno
 .bss.name.0    0x0000000020000098        0x1 ./system/src/newlib/syscalls.o
 *fill*         0x0000000020000099        0x7 
 .bss.g_captured
                0x00000000200000a0     0x4000 ./src/cdcacm.o
                0x00000000200000a0                g_captured
 .bss.g_first_time
                0x00000000200040a0        0x1 ./src/cdcacm.o
                0x00000000200040a0                g_first_time
 *fill*         0x00000000200040a1        0x3 
 .bss.g_ovf     0x00000000200040a4        0x4 ./src/cdcacm.o
                0x00000000200040a4                g_ovf
 .bss.g_qend    0x00000000200040a8        0x4 ./src/cdcacm.o
                0x00000000200040a8                g_qend
 .bss.g_qstart  0x00000000200040ac        0x4 ./src/cdcacm.o
                0x00000000200040ac                g_qstart
 .bss.tickcnt   0x00000000200040b0        0x4 ./src/cdcacm.o
                0x00000000200040b0                tickcnt
 .bss.usbd_control_buffer
                0x00000000200040b4       0x80 ./src/cdcacm.o
                0x00000000200040b4                usbd_control_buffer
 .bss.usbd_dev  0x0000000020004134        0x4 ./src/cdcacm.o
 .bss.st_usbfs_dev
                0x0000000020004138      0x104 /home/src/eclipse-workspace/stm32f1_irdecode/libopencm3/lib/libopencm3_stm32f1.a(st_usbfs_core.o)
                0x0000000020004138                st_usbfs_dev
 .bss.st_usbfs_force_nak
                0x000000002000423c        0x8 /home/src/eclipse-workspace/stm32f1_irdecode/libopencm3/lib/libopencm3_stm32f1.a(st_usbfs_core.o)
                0x000000002000423c                st_usbfs_force_nak
 .bss.__malloc_free_list
                0x0000000020004244        0x4 /home/toolchain/gcc-arm-none-eabi-10.3-2021.10/bin/../lib/gcc/arm-none-eabi/10.3.1/../../../../arm-none-eabi/lib/thumb/v7-m/nofp/libg_nano.a(lib_a-nano-mallocr.o)
                0x0000000020004244                __malloc_free_list
 .bss.__malloc_sbrk_start
                0x0000000020004248        0x4 /home/toolchain/gcc-arm-none-eabi-10.3-2021.10/bin/../lib/gcc/arm-none-eabi/10.3.1/../../../../arm-none-eabi/lib/thumb/v7-m/nofp/libg_nano.a(lib_a-nano-mallocr.o)
                0x0000000020004248                __malloc_sbrk_start
 .bss.__lock___malloc_recursive_mutex
                0x000000002000424c        0x1 /home/toolchain/gcc-arm-none-eabi-10.3-2021.10/bin/../lib/gcc/arm-none-eabi/10.3.1/../../../../arm-none-eabi/lib/thumb/v7-m/nofp/libg_nano.a(lib_a-lock.o)
                0x000000002000424c                __lock___malloc_recursive_mutex
 *(COMMON)
 *(.bss_end .bss_end.*)
                0x0000000020004250                . = ALIGN (0x4)
 *fill*         0x000000002000424d        0x3 
                0x0000000020004250                __bss_end__ = .
                0x0000000020004250                _ebss = .

.noinit_CCMRAM
 *(.noinit.CCMRAM .noinit.CCMRAM.*)

.noinit         0x0000000020004250        0x0
                0x0000000020004250                _noinit = .
 *(.noinit .noinit.*)
                0x0000000020004250                . = ALIGN (0x4)
                0x0000000020004250                _end_noinit = .
                [!provide]                        PROVIDE (end = _end_noinit)
                [!provide]                        PROVIDE (_end = _end_noinit)
                [!provide]                        PROVIDE (__end = _end_noinit)
                [!provide]                        PROVIDE (__end__ = _end_noinit)

._check_stack   0x0000000020004250      0x100
                0x0000000020004350                . = (. + _Minimum_Stack_Size)
 *fill*         0x0000000020004250      0x100 

.b1text
 *(.b1text)
 *(.b1rodata)
 *(.b1rodata.*)

.eb0text
 *(.eb0text)
 *(.eb0rodata)
 *(.eb0rodata.*)

.eb1text
 *(.eb1text)
 *(.eb1rodata)
 *(.eb1rodata.*)

.eb2text
 *(.eb2text)
 *(.eb2rodata)
 *(.eb2rodata.*)

.eb3text
 *(.eb3text)
 *(.eb3rodata)
 *(.eb3rodata.*)

.stab
 *(.stab)

.stabstr
 *(.stabstr)

.stab.excl
 *(.stab.excl)

.stab.exclstr
 *(.stab.exclstr)

.stab.index
 *(.stab.index)

.stab.indexstr
 *(.stab.indexstr)

.comment        0x0000000000000000       0xbf
 *(.comment)
 .comment       0x0000000000000000       0x49 ./system/src/stm32f1-hal/stm32f1xx_hal.o
                                         0x4a (size before relaxing)
 .comment       0x0000000000000049       0x4a ./system/src/stm32f1-hal/stm32f1xx_hal_cortex.o
 .comment       0x0000000000000049       0x4a ./system/src/stm32f1-hal/stm32f1xx_hal_rcc.o
 .comment       0x0000000000000049       0x4a ./system/src/newlib/exit.o
 .comment       0x0000000000000049       0x4a ./system/src/newlib/sbrk.o
 .comment       0x0000000000000049       0x4a ./system/src/newlib/startup.o
 .comment       0x0000000000000049       0x4a ./system/src/newlib/syscalls.o
 .comment       0x0000000000000049       0x4a ./system/src/cortexm/exception-handlers.o
 .comment       0x0000000000000049       0x4a ./system/src/cortexm/initialize-hardware.o
 .comment       0x0000000000000049       0x4a ./system/src/cortexm/reset-hardware.o
 .comment       0x0000000000000049       0x4a ./system/src/cmsis/system_stm32f1xx.o
 .comment       0x0000000000000049       0x4a ./system/src/cmsis/vectors_stm32f103x6.o
 .comment       0x0000000000000049       0x4a ./src/cdcacm.o
 .comment       0x0000000000000049       0x4a ./src/initialize-hardware.o
 .comment       0x0000000000000049       0x4a ./src/stm32f1xx_hal_msp.o
 .comment       0x0000000000000049       0x76 /home/src/eclipse-workspace/stm32f1_irdecode/libopencm3/lib/libopencm3_stm32f1.a(gpio.o)
                                         0x77 (size before relaxing)
 .comment       0x00000000000000bf       0x77 /home/src/eclipse-workspace/stm32f1_irdecode/libopencm3/lib/libopencm3_stm32f1.a(gpio_common_all.o)
 .comment       0x00000000000000bf       0x77 /home/src/eclipse-workspace/stm32f1_irdecode/libopencm3/lib/libopencm3_stm32f1.a(rcc.o)
 .comment       0x00000000000000bf       0x77 /home/src/eclipse-workspace/stm32f1_irdecode/libopencm3/lib/libopencm3_stm32f1.a(rcc_common_all.o)
 .comment       0x00000000000000bf       0x77 /home/src/eclipse-workspace/stm32f1_irdecode/libopencm3/lib/libopencm3_stm32f1.a(timer.o)
 .comment       0x00000000000000bf       0x77 /home/src/eclipse-workspace/stm32f1_irdecode/libopencm3/lib/libopencm3_stm32f1.a(timer_common_all.o)
 .comment       0x00000000000000bf       0x77 /home/src/eclipse-workspace/stm32f1_irdecode/libopencm3/lib/libopencm3_stm32f1.a(usb.o)
 .comment       0x00000000000000bf       0x77 /home/src/eclipse-workspace/stm32f1_irdecode/libopencm3/lib/libopencm3_stm32f1.a(usb_control.o)
 .comment       0x00000000000000bf       0x77 /home/src/eclipse-workspace/stm32f1_irdecode/libopencm3/lib/libopencm3_stm32f1.a(usb_standard.o)
 .comment       0x00000000000000bf       0x77 /home/src/eclipse-workspace/stm32f1_irdecode/libopencm3/lib/libopencm3_stm32f1.a(st_usbfs_v1.o)
 .comment       0x00000000000000bf       0x77 /home/src/eclipse-workspace/stm32f1_irdecode/libopencm3/lib/libopencm3_stm32f1.a(nvic.o)
 .comment       0x00000000000000bf       0x77 /home/src/eclipse-workspace/stm32f1_irdecode/libopencm3/lib/libopencm3_stm32f1.a(flash_common_all.o)
 .comment       0x00000000000000bf       0x77 /home/src/eclipse-workspace/stm32f1_irdecode/libopencm3/lib/libopencm3_stm32f1.a(st_usbfs_core.o)

.ARM.attributes
                0x0000000000000000       0x2b
 .ARM.attributes
                0x0000000000000000       0x29 ./system/src/stm32f1-hal/stm32f1xx_hal.o
 .ARM.attributes
                0x0000000000000029       0x29 ./system/src/stm32f1-hal/stm32f1xx_hal_cortex.o
 .ARM.attributes
                0x0000000000000052       0x29 ./system/src/stm32f1-hal/stm32f1xx_hal_rcc.o
 .ARM.attributes
                0x000000000000007b       0x29 ./system/src/newlib/exit.o
 .ARM.attributes
                0x00000000000000a4       0x29 ./system/src/newlib/sbrk.o
 .ARM.attributes
                0x00000000000000cd       0x29 ./system/src/newlib/startup.o
 .ARM.attributes
                0x00000000000000f6       0x29 ./system/src/newlib/syscalls.o
 .ARM.attributes
                0x000000000000011f       0x29 ./system/src/cortexm/exception-handlers.o
 .ARM.attributes
                0x0000000000000148       0x29 ./system/src/cortexm/initialize-hardware.o
 .ARM.attributes
                0x0000000000000171       0x29 ./system/src/cortexm/reset-hardware.o
 .ARM.attributes
                0x000000000000019a       0x29 ./system/src/cmsis/system_stm32f1xx.o
 .ARM.attributes
                0x00000000000001c3       0x29 ./system/src/cmsis/vectors_stm32f103x6.o
 .ARM.attributes
                0x00000000000001ec       0x29 ./src/cdcacm.o
 .ARM.attributes
                0x0000000000000215       0x29 ./src/initialize-hardware.o
 .ARM.attributes
                0x000000000000023e       0x29 ./src/stm32f1xx_hal_msp.o
 .ARM.attributes
                0x0000000000000267       0x2d /home/src/eclipse-workspace/stm32f1_irdecode/libopencm3/lib/libopencm3_stm32f1.a(gpio.o)
 .ARM.attributes
                0x0000000000000294       0x2d /home/src/eclipse-workspace/stm32f1_irdecode/libopencm3/lib/libopencm3_stm32f1.a(gpio_common_all.o)
 .ARM.attributes
                0x00000000000002c1       0x2d /home/src/eclipse-workspace/stm32f1_irdecode/libopencm3/lib/libopencm3_stm32f1.a(rcc.o)
 .ARM.attributes
                0x00000000000002ee       0x2d /home/src/eclipse-workspace/stm32f1_irdecode/libopencm3/lib/libopencm3_stm32f1.a(rcc_common_all.o)
 .ARM.attributes
                0x000000000000031b       0x2d /home/src/eclipse-workspace/stm32f1_irdecode/libopencm3/lib/libopencm3_stm32f1.a(timer.o)
 .ARM.attributes
                0x0000000000000348       0x2d /home/src/eclipse-workspace/stm32f1_irdecode/libopencm3/lib/libopencm3_stm32f1.a(timer_common_all.o)
 .ARM.attributes
                0x0000000000000375       0x2d /home/src/eclipse-workspace/stm32f1_irdecode/libopencm3/lib/libopencm3_stm32f1.a(usb.o)
 .ARM.attributes
                0x00000000000003a2       0x2d /home/src/eclipse-workspace/stm32f1_irdecode/libopencm3/lib/libopencm3_stm32f1.a(usb_control.o)
 .ARM.attributes
                0x00000000000003cf       0x2d /home/src/eclipse-workspace/stm32f1_irdecode/libopencm3/lib/libopencm3_stm32f1.a(usb_standard.o)
 .ARM.attributes
                0x00000000000003fc       0x2d /home/src/eclipse-workspace/stm32f1_irdecode/libopencm3/lib/libopencm3_stm32f1.a(st_usbfs_v1.o)
 .ARM.attributes
                0x0000000000000429       0x2d /home/src/eclipse-workspace/stm32f1_irdecode/libopencm3/lib/libopencm3_stm32f1.a(nvic.o)
 .ARM.attributes
                0x0000000000000456       0x2d /home/src/eclipse-workspace/stm32f1_irdecode/libopencm3/lib/libopencm3_stm32f1.a(flash_common_all.o)
 .ARM.attributes
                0x0000000000000483       0x2d /home/src/eclipse-workspace/stm32f1_irdecode/libopencm3/lib/libopencm3_stm32f1.a(st_usbfs_core.o)
 .ARM.attributes
                0x00000000000004b0       0x2d /home/toolchain/gcc-arm-none-eabi-10.3-2021.10/bin/../lib/gcc/arm-none-eabi/10.3.1/../../../../arm-none-eabi/lib/thumb/v7-m/nofp/libg_nano.a(lib_a-errno.o)
 .ARM.attributes
                0x00000000000004dd       0x2d /home/toolchain/gcc-arm-none-eabi-10.3-2021.10/bin/../lib/gcc/arm-none-eabi/10.3.1/../../../../arm-none-eabi/lib/thumb/v7-m/nofp/libg_nano.a(lib_a-impure.o)
 .ARM.attributes
                0x000000000000050a       0x2d /home/toolchain/gcc-arm-none-eabi-10.3-2021.10/bin/../lib/gcc/arm-none-eabi/10.3.1/../../../../arm-none-eabi/lib/thumb/v7-m/nofp/libg_nano.a(lib_a-memcpy-stub.o)
 .ARM.attributes
                0x0000000000000537       0x2d /home/toolchain/gcc-arm-none-eabi-10.3-2021.10/bin/../lib/gcc/arm-none-eabi/10.3.1/../../../../arm-none-eabi/lib/thumb/v7-m/nofp/libg_nano.a(lib_a-sprintf.o)
 .ARM.attributes
                0x0000000000000564       0x17 /home/toolchain/gcc-arm-none-eabi-10.3-2021.10/bin/../lib/gcc/arm-none-eabi/10.3.1/../../../../arm-none-eabi/lib/thumb/v7-m/nofp/libg_nano.a(lib_a-strlen.o)
 .ARM.attributes
                0x000000000000057b       0x2d /home/toolchain/gcc-arm-none-eabi-10.3-2021.10/bin/../lib/gcc/arm-none-eabi/10.3.1/../../../../arm-none-eabi/lib/thumb/v7-m/nofp/libg_nano.a(lib_a-nano-svfprintf.o)
 .ARM.attributes
                0x00000000000005a8       0x2d /home/toolchain/gcc-arm-none-eabi-10.3-2021.10/bin/../lib/gcc/arm-none-eabi/10.3.1/../../../../arm-none-eabi/lib/thumb/v7-m/nofp/libg_nano.a(lib_a-nano-vfprintf_i.o)
 .ARM.attributes
                0x00000000000005d5       0x2d /home/toolchain/gcc-arm-none-eabi-10.3-2021.10/bin/../lib/gcc/arm-none-eabi/10.3.1/../../../../arm-none-eabi/lib/thumb/v7-m/nofp/libg_nano.a(lib_a-memchr-stub.o)
 .ARM.attributes
                0x0000000000000602       0x2d /home/toolchain/gcc-arm-none-eabi-10.3-2021.10/bin/../lib/gcc/arm-none-eabi/10.3.1/../../../../arm-none-eabi/lib/thumb/v7-m/nofp/libg_nano.a(lib_a-memmove.o)
 .ARM.attributes
                0x000000000000062f       0x2d /home/toolchain/gcc-arm-none-eabi-10.3-2021.10/bin/../lib/gcc/arm-none-eabi/10.3.1/../../../../arm-none-eabi/lib/thumb/v7-m/nofp/libg_nano.a(lib_a-nano-freer.o)
 .ARM.attributes
                0x000000000000065c       0x2d /home/toolchain/gcc-arm-none-eabi-10.3-2021.10/bin/../lib/gcc/arm-none-eabi/10.3.1/../../../../arm-none-eabi/lib/thumb/v7-m/nofp/libg_nano.a(lib_a-nano-mallocr.o)
 .ARM.attributes
                0x0000000000000689       0x2d /home/toolchain/gcc-arm-none-eabi-10.3-2021.10/bin/../lib/gcc/arm-none-eabi/10.3.1/../../../../arm-none-eabi/lib/thumb/v7-m/nofp/libg_nano.a(lib_a-nano-reallocr.o)
 .ARM.attributes
                0x00000000000006b6       0x2d /home/toolchain/gcc-arm-none-eabi-10.3-2021.10/bin/../lib/gcc/arm-none-eabi/10.3.1/../../../../arm-none-eabi/lib/thumb/v7-m/nofp/libg_nano.a(lib_a-sbrkr.o)
 .ARM.attributes
                0x00000000000006e3       0x2d /home/toolchain/gcc-arm-none-eabi-10.3-2021.10/bin/../lib/gcc/arm-none-eabi/10.3.1/../../../../arm-none-eabi/lib/thumb/v7-m/nofp/libg_nano.a(lib_a-mlock.o)
 .ARM.attributes
                0x0000000000000710       0x2d /home/toolchain/gcc-arm-none-eabi-10.3-2021.10/bin/../lib/gcc/arm-none-eabi/10.3.1/../../../../arm-none-eabi/lib/thumb/v7-m/nofp/libg_nano.a(lib_a-nano-msizer.o)
 .ARM.attributes
                0x000000000000073d       0x2d /home/toolchain/gcc-arm-none-eabi-10.3-2021.10/bin/../lib/gcc/arm-none-eabi/10.3.1/../../../../arm-none-eabi/lib/thumb/v7-m/nofp/libg_nano.a(lib_a-lock.o)

.debug
 *(.debug)

.line
 *(.line)

.debug_srcinfo
 *(.debug_srcinfo)

.debug_sfnames
 *(.debug_sfnames)

.debug_aranges  0x0000000000000000      0xc18
 *(.debug_aranges)
 .debug_aranges
                0x0000000000000000       0xd8 ./system/src/stm32f1-hal/stm32f1xx_hal.o
 .debug_aranges
                0x00000000000000d8       0x90 ./system/src/stm32f1-hal/stm32f1xx_hal_cortex.o
 .debug_aranges
                0x0000000000000168       0x88 ./system/src/stm32f1-hal/stm32f1xx_hal_rcc.o
 .debug_aranges
                0x00000000000001f0       0x28 ./system/src/newlib/exit.o
 .debug_aranges
                0x0000000000000218       0x20 ./system/src/newlib/sbrk.o
 .debug_aranges
                0x0000000000000238       0x40 ./system/src/newlib/startup.o
 .debug_aranges
                0x0000000000000278       0x30 ./system/src/newlib/syscalls.o
 .debug_aranges
                0x00000000000002a8       0x80 ./system/src/cortexm/exception-handlers.o
 .debug_aranges
                0x0000000000000328       0x28 ./system/src/cortexm/initialize-hardware.o
 .debug_aranges
                0x0000000000000350       0x20 ./system/src/cortexm/reset-hardware.o
 .debug_aranges
                0x0000000000000370       0x28 ./system/src/cmsis/system_stm32f1xx.o
 .debug_aranges
                0x0000000000000398       0x20 ./system/src/cmsis/vectors_stm32f103x6.o
 .debug_aranges
                0x00000000000003b8       0x60 ./src/cdcacm.o
 .debug_aranges
                0x0000000000000418       0x28 ./src/initialize-hardware.o
 .debug_aranges
                0x0000000000000440       0x20 ./src/stm32f1xx_hal_msp.o
 .debug_aranges
                0x0000000000000460       0x38 /home/src/eclipse-workspace/stm32f1_irdecode/libopencm3/lib/libopencm3_stm32f1.a(gpio.o)
 .debug_aranges
                0x0000000000000498       0x50 /home/src/eclipse-workspace/stm32f1_irdecode/libopencm3/lib/libopencm3_stm32f1.a(gpio_common_all.o)
 .debug_aranges
                0x00000000000004e8      0x178 /home/src/eclipse-workspace/stm32f1_irdecode/libopencm3/lib/libopencm3_stm32f1.a(rcc.o)
 .debug_aranges
                0x0000000000000660       0x70 /home/src/eclipse-workspace/stm32f1_irdecode/libopencm3/lib/libopencm3_stm32f1.a(rcc_common_all.o)
 .debug_aranges
                0x00000000000006d0       0x20 /home/src/eclipse-workspace/stm32f1_irdecode/libopencm3/lib/libopencm3_stm32f1.a(timer.o)
 .debug_aranges
                0x00000000000006f0      0x270 /home/src/eclipse-workspace/stm32f1_irdecode/libopencm3/lib/libopencm3_stm32f1.a(timer_common_all.o)
 .debug_aranges
                0x0000000000000960       0x90 /home/src/eclipse-workspace/stm32f1_irdecode/libopencm3/lib/libopencm3_stm32f1.a(usb.o)
 .debug_aranges
                0x00000000000009f0       0x60 /home/src/eclipse-workspace/stm32f1_irdecode/libopencm3/lib/libopencm3_stm32f1.a(usb_control.o)
 .debug_aranges
                0x0000000000000a50       0x98 /home/src/eclipse-workspace/stm32f1_irdecode/libopencm3/lib/libopencm3_stm32f1.a(usb_standard.o)
 .debug_aranges
                0x0000000000000ae8       0x30 /home/src/eclipse-workspace/stm32f1_irdecode/libopencm3/lib/libopencm3_stm32f1.a(st_usbfs_v1.o)
 .debug_aranges
                0x0000000000000b18       0x60 /home/src/eclipse-workspace/stm32f1_irdecode/libopencm3/lib/libopencm3_stm32f1.a(nvic.o)
 .debug_aranges
                0x0000000000000b78       0x38 /home/src/eclipse-workspace/stm32f1_irdecode/libopencm3/lib/libopencm3_stm32f1.a(flash_common_all.o)
 .debug_aranges
                0x0000000000000bb0       0x68 /home/src/eclipse-workspace/stm32f1_irdecode/libopencm3/lib/libopencm3_stm32f1.a(st_usbfs_core.o)

.debug_pubnames
 *(.debug_pubnames)

.debug_info     0x0000000000000000     0xfcfa
 *(.debug_info .gnu.linkonce.wi.*)
 .debug_info    0x0000000000000000      0x7b2 ./system/src/stm32f1-hal/stm32f1xx_hal.o
 .debug_info    0x00000000000007b2      0xd34 ./system/src/stm32f1-hal/stm32f1xx_hal_cortex.o
 .debug_info    0x00000000000014e6      0xac8 ./system/src/stm32f1-hal/stm32f1xx_hal_rcc.o
 .debug_info    0x0000000000001fae      0x107 ./system/src/newlib/exit.o
 .debug_info    0x00000000000020b5      0x10e ./system/src/newlib/sbrk.o
 .debug_info    0x00000000000021c3      0x44a ./system/src/newlib/startup.o
 .debug_info    0x000000000000260d      0x1d1 ./system/src/newlib/syscalls.o
 .debug_info    0x00000000000027de      0x283 ./system/src/cortexm/exception-handlers.o
 .debug_info    0x0000000000002a61      0x2af ./system/src/cortexm/initialize-hardware.o
 .debug_info    0x0000000000002d10      0x2b8 ./system/src/cortexm/reset-hardware.o
 .debug_info    0x0000000000002fc8      0x230 ./system/src/cmsis/system_stm32f1xx.o
 .debug_info    0x00000000000031f8       0xc9 ./system/src/cmsis/vectors_stm32f103x6.o
 .debug_info    0x00000000000032c1     0x1b05 ./src/cdcacm.o
 .debug_info    0x0000000000004dc6      0x124 ./src/initialize-hardware.o
 .debug_info    0x0000000000004eea       0xa3 ./src/stm32f1xx_hal_msp.o
 .debug_info    0x0000000000004f8d      0x216 /home/src/eclipse-workspace/stm32f1_irdecode/libopencm3/lib/libopencm3_stm32f1.a(gpio.o)
 .debug_info    0x00000000000051a3      0x266 /home/src/eclipse-workspace/stm32f1_irdecode/libopencm3/lib/libopencm3_stm32f1.a(gpio_common_all.o)
 .debug_info    0x0000000000005409     0x16d8 /home/src/eclipse-workspace/stm32f1_irdecode/libopencm3/lib/libopencm3_stm32f1.a(rcc.o)
 .debug_info    0x0000000000006ae1      0x7d2 /home/src/eclipse-workspace/stm32f1_irdecode/libopencm3/lib/libopencm3_stm32f1.a(rcc_common_all.o)
 .debug_info    0x00000000000072b3      0x115 /home/src/eclipse-workspace/stm32f1_irdecode/libopencm3/lib/libopencm3_stm32f1.a(timer.o)
 .debug_info    0x00000000000073c8     0x12cc /home/src/eclipse-workspace/stm32f1_irdecode/libopencm3/lib/libopencm3_stm32f1.a(timer_common_all.o)
 .debug_info    0x0000000000008694     0x1859 /home/src/eclipse-workspace/stm32f1_irdecode/libopencm3/lib/libopencm3_stm32f1.a(usb.o)
 .debug_info    0x0000000000009eed     0x194d /home/src/eclipse-workspace/stm32f1_irdecode/libopencm3/lib/libopencm3_stm32f1.a(usb_control.o)
 .debug_info    0x000000000000b83a     0x1fc9 /home/src/eclipse-workspace/stm32f1_irdecode/libopencm3/lib/libopencm3_stm32f1.a(usb_standard.o)
 .debug_info    0x000000000000d803      0xf5f /home/src/eclipse-workspace/stm32f1_irdecode/libopencm3/lib/libopencm3_stm32f1.a(st_usbfs_v1.o)
 .debug_info    0x000000000000e762      0x251 /home/src/eclipse-workspace/stm32f1_irdecode/libopencm3/lib/libopencm3_stm32f1.a(nvic.o)
 .debug_info    0x000000000000e9b3       0xfc /home/src/eclipse-workspace/stm32f1_irdecode/libopencm3/lib/libopencm3_stm32f1.a(flash_common_all.o)
 .debug_info    0x000000000000eaaf     0x124b /home/src/eclipse-workspace/stm32f1_irdecode/libopencm3/lib/libopencm3_stm32f1.a(st_usbfs_core.o)

.debug_abbrev   0x0000000000000000     0x33ba
 *(.debug_abbrev)
 .debug_abbrev  0x0000000000000000      0x256 ./system/src/stm32f1-hal/stm32f1xx_hal.o
 .debug_abbrev  0x0000000000000256      0x346 ./system/src/stm32f1-hal/stm32f1xx_hal_cortex.o
 .debug_abbrev  0x000000000000059c      0x315 ./system/src/stm32f1-hal/stm32f1xx_hal_rcc.o
 .debug_abbrev  0x00000000000008b1       0xc8 ./system/src/newlib/exit.o
 .debug_abbrev  0x0000000000000979       0xca ./system/src/newlib/sbrk.o
 .debug_abbrev  0x0000000000000a43      0x1bc ./system/src/newlib/startup.o
 .debug_abbrev  0x0000000000000bff      0x10b ./system/src/newlib/syscalls.o
 .debug_abbrev  0x0000000000000d0a       0xda ./system/src/cortexm/exception-handlers.o
 .debug_abbrev  0x0000000000000de4       0xf4 ./system/src/cortexm/initialize-hardware.o
 .debug_abbrev  0x0000000000000ed8      0x109 ./system/src/cortexm/reset-hardware.o
 .debug_abbrev  0x0000000000000fe1      0x13e ./system/src/cmsis/system_stm32f1xx.o
 .debug_abbrev  0x000000000000111f       0xa2 ./system/src/cmsis/vectors_stm32f103x6.o
 .debug_abbrev  0x00000000000011c1      0x37a ./src/cdcacm.o
 .debug_abbrev  0x000000000000153b       0x9f ./src/initialize-hardware.o
 .debug_abbrev  0x00000000000015da       0x5e ./src/stm32f1xx_hal_msp.o
 .debug_abbrev  0x0000000000001638       0xd0 /home/src/eclipse-workspace/stm32f1_irdecode/libopencm3/lib/libopencm3_stm32f1.a(gpio.o)
 .debug_abbrev  0x0000000000001708      0x116 /home/src/eclipse-workspace/stm32f1_irdecode/libopencm3/lib/libopencm3_stm32f1.a(gpio_common_all.o)
 .debug_abbrev  0x000000000000181e      0x2df /home/src/eclipse-workspace/stm32f1_irdecode/libopencm3/lib/libopencm3_stm32f1.a(rcc.o)
 .debug_abbrev  0x0000000000001afd      0x1c5 /home/src/eclipse-workspace/stm32f1_irdecode/libopencm3/lib/libopencm3_stm32f1.a(rcc_common_all.o)
 .debug_abbrev  0x0000000000001cc2       0xbf /home/src/eclipse-workspace/stm32f1_irdecode/libopencm3/lib/libopencm3_stm32f1.a(timer.o)
 .debug_abbrev  0x0000000000001d81      0x1ef /home/src/eclipse-workspace/stm32f1_irdecode/libopencm3/lib/libopencm3_stm32f1.a(timer_common_all.o)
 .debug_abbrev  0x0000000000001f70      0x347 /home/src/eclipse-workspace/stm32f1_irdecode/libopencm3/lib/libopencm3_stm32f1.a(usb.o)
 .debug_abbrev  0x00000000000022b7      0x48b /home/src/eclipse-workspace/stm32f1_irdecode/libopencm3/lib/libopencm3_stm32f1.a(usb_control.o)
 .debug_abbrev  0x0000000000002742      0x5a8 /home/src/eclipse-workspace/stm32f1_irdecode/libopencm3/lib/libopencm3_stm32f1.a(usb_standard.o)
 .debug_abbrev  0x0000000000002cea      0x28a /home/src/eclipse-workspace/stm32f1_irdecode/libopencm3/lib/libopencm3_stm32f1.a(st_usbfs_v1.o)
 .debug_abbrev  0x0000000000002f74       0xb5 /home/src/eclipse-workspace/stm32f1_irdecode/libopencm3/lib/libopencm3_stm32f1.a(nvic.o)
 .debug_abbrev  0x0000000000003029       0x9a /home/src/eclipse-workspace/stm32f1_irdecode/libopencm3/lib/libopencm3_stm32f1.a(flash_common_all.o)
 .debug_abbrev  0x00000000000030c3      0x2f7 /home/src/eclipse-workspace/stm32f1_irdecode/libopencm3/lib/libopencm3_stm32f1.a(st_usbfs_core.o)

.debug_line     0x0000000000000000     0x8a56
 *(.debug_line)
 .debug_line    0x0000000000000000      0x4bd ./system/src/stm32f1-hal/stm32f1xx_hal.o
 .debug_line    0x00000000000004bd      0x639 ./system/src/stm32f1-hal/stm32f1xx_hal_cortex.o
 .debug_line    0x0000000000000af6      0xd74 ./system/src/stm32f1-hal/stm32f1xx_hal_rcc.o
 .debug_line    0x000000000000186a      0x146 ./system/src/newlib/exit.o
 .debug_line    0x00000000000019b0      0x114 ./system/src/newlib/sbrk.o
 .debug_line    0x0000000000001ac4      0x40e ./system/src/newlib/startup.o
 .debug_line    0x0000000000001ed2      0x194 ./system/src/newlib/syscalls.o
 .debug_line    0x0000000000002066      0x24b ./system/src/cortexm/exception-handlers.o
 .debug_line    0x00000000000022b1      0x12a ./system/src/cortexm/initialize-hardware.o
 .debug_line    0x00000000000023db      0x13e ./system/src/cortexm/reset-hardware.o
 .debug_line    0x0000000000002519      0x1a0 ./system/src/cmsis/system_stm32f1xx.o
 .debug_line    0x00000000000026b9       0x6f ./system/src/cmsis/vectors_stm32f103x6.o
 .debug_line    0x0000000000002728      0x5d7 ./src/cdcacm.o
 .debug_line    0x0000000000002cff      0x11b ./src/initialize-hardware.o
 .debug_line    0x0000000000002e1a       0x4d ./src/stm32f1xx_hal_msp.o
 .debug_line    0x0000000000002e67      0x3c9 /home/src/eclipse-workspace/stm32f1_irdecode/libopencm3/lib/libopencm3_stm32f1.a(gpio.o)
 .debug_line    0x0000000000003230      0x3ec /home/src/eclipse-workspace/stm32f1_irdecode/libopencm3/lib/libopencm3_stm32f1.a(gpio_common_all.o)
 .debug_line    0x000000000000361c      0xe3e /home/src/eclipse-workspace/stm32f1_irdecode/libopencm3/lib/libopencm3_stm32f1.a(rcc.o)
 .debug_line    0x000000000000445a      0x4a7 /home/src/eclipse-workspace/stm32f1_irdecode/libopencm3/lib/libopencm3_stm32f1.a(rcc_common_all.o)
 .debug_line    0x0000000000004901      0x301 /home/src/eclipse-workspace/stm32f1_irdecode/libopencm3/lib/libopencm3_stm32f1.a(timer.o)
 .debug_line    0x0000000000004c02     0x10ef /home/src/eclipse-workspace/stm32f1_irdecode/libopencm3/lib/libopencm3_stm32f1.a(timer_common_all.o)
 .debug_line    0x0000000000005cf1      0x572 /home/src/eclipse-workspace/stm32f1_irdecode/libopencm3/lib/libopencm3_stm32f1.a(usb.o)
 .debug_line    0x0000000000006263      0x73d /home/src/eclipse-workspace/stm32f1_irdecode/libopencm3/lib/libopencm3_stm32f1.a(usb_control.o)
 .debug_line    0x00000000000069a0      0xc5d /home/src/eclipse-workspace/stm32f1_irdecode/libopencm3/lib/libopencm3_stm32f1.a(usb_standard.o)
 .debug_line    0x00000000000075fd      0x462 /home/src/eclipse-workspace/stm32f1_irdecode/libopencm3/lib/libopencm3_stm32f1.a(st_usbfs_v1.o)
 .debug_line    0x0000000000007a5f      0x40e /home/src/eclipse-workspace/stm32f1_irdecode/libopencm3/lib/libopencm3_stm32f1.a(nvic.o)
 .debug_line    0x0000000000007e6d      0x39d /home/src/eclipse-workspace/stm32f1_irdecode/libopencm3/lib/libopencm3_stm32f1.a(flash_common_all.o)
 .debug_line    0x000000000000820a      0x84c /home/src/eclipse-workspace/stm32f1_irdecode/libopencm3/lib/libopencm3_stm32f1.a(st_usbfs_core.o)

.debug_frame    0x0000000000000000     0x1e14
 *(.debug_frame)
 .debug_frame   0x0000000000000000      0x1d4 ./system/src/stm32f1-hal/stm32f1xx_hal.o
 .debug_frame   0x00000000000001d4      0x128 ./system/src/stm32f1-hal/stm32f1xx_hal_cortex.o
 .debug_frame   0x00000000000002fc      0x1b8 ./system/src/stm32f1-hal/stm32f1xx_hal_rcc.o
 .debug_frame   0x00000000000004b4       0x40 ./system/src/newlib/exit.o
 .debug_frame   0x00000000000004f4       0x28 ./system/src/newlib/sbrk.o
 .debug_frame   0x000000000000051c       0xa4 ./system/src/newlib/startup.o
 .debug_frame   0x00000000000005c0       0x50 ./system/src/newlib/syscalls.o
 .debug_frame   0x0000000000000610       0xe0 ./system/src/cortexm/exception-handlers.o
 .debug_frame   0x00000000000006f0       0x38 ./system/src/cortexm/initialize-hardware.o
 .debug_frame   0x0000000000000728       0x20 ./system/src/cortexm/reset-hardware.o
 .debug_frame   0x0000000000000748       0x30 ./system/src/cmsis/system_stm32f1xx.o
 .debug_frame   0x0000000000000778       0x20 ./system/src/cmsis/vectors_stm32f103x6.o
 .debug_frame   0x0000000000000798      0x130 ./src/cdcacm.o
 .debug_frame   0x00000000000008c8       0x48 ./src/initialize-hardware.o
 .debug_frame   0x0000000000000910       0x50 ./src/stm32f1xx_hal_msp.o
 .debug_frame   0x0000000000000960       0x60 /home/src/eclipse-workspace/stm32f1_irdecode/libopencm3/lib/libopencm3_stm32f1.a(gpio.o)
 .debug_frame   0x00000000000009c0       0x80 /home/src/eclipse-workspace/stm32f1_irdecode/libopencm3/lib/libopencm3_stm32f1.a(gpio_common_all.o)
 .debug_frame   0x0000000000000a40      0x328 /home/src/eclipse-workspace/stm32f1_irdecode/libopencm3/lib/libopencm3_stm32f1.a(rcc.o)
 .debug_frame   0x0000000000000d68       0xe0 /home/src/eclipse-workspace/stm32f1_irdecode/libopencm3/lib/libopencm3_stm32f1.a(rcc_common_all.o)
 .debug_frame   0x0000000000000e48       0x20 /home/src/eclipse-workspace/stm32f1_irdecode/libopencm3/lib/libopencm3_stm32f1.a(timer.o)
 .debug_frame   0x0000000000000e68      0x4e0 /home/src/eclipse-workspace/stm32f1_irdecode/libopencm3/lib/libopencm3_stm32f1.a(timer_common_all.o)
 .debug_frame   0x0000000000001348      0x14c /home/src/eclipse-workspace/stm32f1_irdecode/libopencm3/lib/libopencm3_stm32f1.a(usb.o)
 .debug_frame   0x0000000000001494      0x164 /home/src/eclipse-workspace/stm32f1_irdecode/libopencm3/lib/libopencm3_stm32f1.a(usb_control.o)
 .debug_frame   0x00000000000015f8      0x1e4 /home/src/eclipse-workspace/stm32f1_irdecode/libopencm3/lib/libopencm3_stm32f1.a(usb_standard.o)
 .debug_frame   0x00000000000017dc       0x54 /home/src/eclipse-workspace/stm32f1_irdecode/libopencm3/lib/libopencm3_stm32f1.a(st_usbfs_v1.o)
 .debug_frame   0x0000000000001830       0xa0 /home/src/eclipse-workspace/stm32f1_irdecode/libopencm3/lib/libopencm3_stm32f1.a(nvic.o)
 .debug_frame   0x00000000000018d0       0x50 /home/src/eclipse-workspace/stm32f1_irdecode/libopencm3/lib/libopencm3_stm32f1.a(flash_common_all.o)
 .debug_frame   0x0000000000001920      0x114 /home/src/eclipse-workspace/stm32f1_irdecode/libopencm3/lib/libopencm3_stm32f1.a(st_usbfs_core.o)
 .debug_frame   0x0000000000001a34       0x20 /home/toolchain/gcc-arm-none-eabi-10.3-2021.10/bin/../lib/gcc/arm-none-eabi/10.3.1/../../../../arm-none-eabi/lib/thumb/v7-m/nofp/libg_nano.a(lib_a-errno.o)
 .debug_frame   0x0000000000001a54       0x28 /home/toolchain/gcc-arm-none-eabi-10.3-2021.10/bin/../lib/gcc/arm-none-eabi/10.3.1/../../../../arm-none-eabi/lib/thumb/v7-m/nofp/libg_nano.a(lib_a-memcpy-stub.o)
 .debug_frame   0x0000000000001a7c       0x6c /home/toolchain/gcc-arm-none-eabi-10.3-2021.10/bin/../lib/gcc/arm-none-eabi/10.3.1/../../../../arm-none-eabi/lib/thumb/v7-m/nofp/libg_nano.a(lib_a-sprintf.o)
 .debug_frame   0x0000000000001ae8       0x90 /home/toolchain/gcc-arm-none-eabi-10.3-2021.10/bin/../lib/gcc/arm-none-eabi/10.3.1/../../../../arm-none-eabi/lib/thumb/v7-m/nofp/libg_nano.a(lib_a-nano-svfprintf.o)
 .debug_frame   0x0000000000001b78       0x60 /home/toolchain/gcc-arm-none-eabi-10.3-2021.10/bin/../lib/gcc/arm-none-eabi/10.3.1/../../../../arm-none-eabi/lib/thumb/v7-m/nofp/libg_nano.a(lib_a-nano-vfprintf_i.o)
 .debug_frame   0x0000000000001bd8       0x28 /home/toolchain/gcc-arm-none-eabi-10.3-2021.10/bin/../lib/gcc/arm-none-eabi/10.3.1/../../../../arm-none-eabi/lib/thumb/v7-m/nofp/libg_nano.a(lib_a-memchr-stub.o)
 .debug_frame   0x0000000000001c00       0x28 /home/toolchain/gcc-arm-none-eabi-10.3-2021.10/bin/../lib/gcc/arm-none-eabi/10.3.1/../../../../arm-none-eabi/lib/thumb/v7-m/nofp/libg_nano.a(lib_a-memmove.o)
 .debug_frame   0x0000000000001c28       0x38 /home/toolchain/gcc-arm-none-eabi-10.3-2021.10/bin/../lib/gcc/arm-none-eabi/10.3.1/../../../../arm-none-eabi/lib/thumb/v7-m/nofp/libg_nano.a(lib_a-nano-freer.o)
 .debug_frame   0x0000000000001c60       0x4c /home/toolchain/gcc-arm-none-eabi-10.3-2021.10/bin/../lib/gcc/arm-none-eabi/10.3.1/../../../../arm-none-eabi/lib/thumb/v7-m/nofp/libg_nano.a(lib_a-nano-mallocr.o)
 .debug_frame   0x0000000000001cac       0x3c /home/toolchain/gcc-arm-none-eabi-10.3-2021.10/bin/../lib/gcc/arm-none-eabi/10.3.1/../../../../arm-none-eabi/lib/thumb/v7-m/nofp/libg_nano.a(lib_a-nano-reallocr.o)
 .debug_frame   0x0000000000001ce8       0x2c /home/toolchain/gcc-arm-none-eabi-10.3-2021.10/bin/../lib/gcc/arm-none-eabi/10.3.1/../../../../arm-none-eabi/lib/thumb/v7-m/nofp/libg_nano.a(lib_a-sbrkr.o)
 .debug_frame   0x0000000000001d14       0x30 /home/toolchain/gcc-arm-none-eabi-10.3-2021.10/bin/../lib/gcc/arm-none-eabi/10.3.1/../../../../arm-none-eabi/lib/thumb/v7-m/nofp/libg_nano.a(lib_a-mlock.o)
 .debug_frame   0x0000000000001d44       0x20 /home/toolchain/gcc-arm-none-eabi-10.3-2021.10/bin/../lib/gcc/arm-none-eabi/10.3.1/../../../../arm-none-eabi/lib/thumb/v7-m/nofp/libg_nano.a(lib_a-nano-msizer.o)
 .debug_frame   0x0000000000001d64       0xb0 /home/toolchain/gcc-arm-none-eabi-10.3-2021.10/bin/../lib/gcc/arm-none-eabi/10.3.1/../../../../arm-none-eabi/lib/thumb/v7-m/nofp/libg_nano.a(lib_a-lock.o)

.debug_str      0x0000000000000000    0x19561
 *(.debug_str)
 .debug_str     0x0000000000000000      0x742 ./system/src/stm32f1-hal/stm32f1xx_hal.o
                                        0x7f2 (size before relaxing)
 .debug_str     0x0000000000000742      0x3b2 ./system/src/stm32f1-hal/stm32f1xx_hal_cortex.o
                                        0x88d (size before relaxing)
 .debug_str     0x0000000000000af4      0x38a ./system/src/stm32f1-hal/stm32f1xx_hal_rcc.o
                                        0x61e (size before relaxing)
 .debug_str     0x0000000000000e7e       0x49 ./system/src/newlib/exit.o
                                        0x1d6 (size before relaxing)
 .debug_str     0x0000000000000ec7       0x76 ./system/src/newlib/sbrk.o
                                        0x203 (size before relaxing)
 .debug_str     0x0000000000000f3d      0x16c ./system/src/newlib/startup.o
                                        0x31b (size before relaxing)
 .debug_str     0x00000000000010a9       0x4e ./system/src/newlib/syscalls.o
                                        0x20b (size before relaxing)
 .debug_str     0x00000000000010f7      0x11f ./system/src/cortexm/exception-handlers.o
                                        0x2b5 (size before relaxing)
 .debug_str     0x0000000000001216       0x5d ./system/src/cortexm/initialize-hardware.o
                                        0x286 (size before relaxing)
 .debug_str     0x0000000000001273       0x27 ./system/src/cortexm/reset-hardware.o
                                        0x248 (size before relaxing)
 .debug_str     0x000000000000129a       0x39 ./system/src/cmsis/system_stm32f1xx.o
                                        0x264 (size before relaxing)
 .debug_str     0x00000000000012d3       0x59 ./system/src/cmsis/vectors_stm32f103x6.o
                                        0x1d5 (size before relaxing)
 .debug_str     0x000000000000132c     0x1103 ./src/cdcacm.o
                                       0x1371 (size before relaxing)
 .debug_str     0x000000000000242f       0x30 ./src/initialize-hardware.o
                                        0x235 (size before relaxing)
 .debug_str     0x000000000000245f       0x3d ./src/stm32f1xx_hal_msp.o
                                        0x1df (size before relaxing)
 .debug_str     0x000000000000249c     0x8470 /home/src/eclipse-workspace/stm32f1_irdecode/libopencm3/lib/libopencm3_stm32f1.a(gpio.o)
                                       0x862f (size before relaxing)
 .debug_str     0x000000000000a90c       0x60 /home/src/eclipse-workspace/stm32f1_irdecode/libopencm3/lib/libopencm3_stm32f1.a(gpio_common_all.o)
                                       0x8623 (size before relaxing)
 .debug_str     0x000000000000a96c     0x3334 /home/src/eclipse-workspace/stm32f1_irdecode/libopencm3/lib/libopencm3_stm32f1.a(rcc.o)
                                       0x8284 (size before relaxing)
 .debug_str     0x000000000000dca0      0x186 /home/src/eclipse-workspace/stm32f1_irdecode/libopencm3/lib/libopencm3_stm32f1.a(rcc_common_all.o)
                                       0x7a9a (size before relaxing)
 .debug_str     0x000000000000de26     0x407a /home/src/eclipse-workspace/stm32f1_irdecode/libopencm3/lib/libopencm3_stm32f1.a(timer.o)
                                       0x8e1c (size before relaxing)
 .debug_str     0x0000000000011ea0      0x6b3 /home/src/eclipse-workspace/stm32f1_irdecode/libopencm3/lib/libopencm3_stm32f1.a(timer_common_all.o)
                                       0xc036 (size before relaxing)
 .debug_str     0x0000000000012553     0x3a74 /home/src/eclipse-workspace/stm32f1_irdecode/libopencm3/lib/libopencm3_stm32f1.a(usb.o)
                                       0x8059 (size before relaxing)
 .debug_str     0x0000000000015fc7      0x19b /home/src/eclipse-workspace/stm32f1_irdecode/libopencm3/lib/libopencm3_stm32f1.a(usb_control.o)
                                       0x807e (size before relaxing)
 .debug_str     0x0000000000016162      0x2b5 /home/src/eclipse-workspace/stm32f1_irdecode/libopencm3/lib/libopencm3_stm32f1.a(usb_standard.o)
                                       0x81b1 (size before relaxing)
 .debug_str     0x0000000000016417     0x1594 /home/src/eclipse-workspace/stm32f1_irdecode/libopencm3/lib/libopencm3_stm32f1.a(st_usbfs_v1.o)
                                       0x9c7b (size before relaxing)
 .debug_str     0x00000000000179ab     0x1a39 /home/src/eclipse-workspace/stm32f1_irdecode/libopencm3/lib/libopencm3_stm32f1.a(nvic.o)
                                       0x5c47 (size before relaxing)
 .debug_str     0x00000000000193e4       0x64 /home/src/eclipse-workspace/stm32f1_irdecode/libopencm3/lib/libopencm3_stm32f1.a(flash_common_all.o)
                                       0x5568 (size before relaxing)
 .debug_str     0x0000000000019448      0x119 /home/src/eclipse-workspace/stm32f1_irdecode/libopencm3/lib/libopencm3_stm32f1.a(st_usbfs_core.o)
                                       0x9b97 (size before relaxing)

.debug_loc      0x0000000000000000     0x54a2
 *(.debug_loc)
 .debug_loc     0x0000000000000000      0x168 ./system/src/stm32f1-hal/stm32f1xx_hal.o
 .debug_loc     0x0000000000000168      0x717 ./system/src/stm32f1-hal/stm32f1xx_hal_cortex.o
 .debug_loc     0x000000000000087f      0x753 ./system/src/stm32f1-hal/stm32f1xx_hal_rcc.o
 .debug_loc     0x0000000000000fd2       0x25 ./system/src/newlib/exit.o
 .debug_loc     0x0000000000000ff7       0xa2 ./system/src/newlib/sbrk.o
 .debug_loc     0x0000000000001099      0x4ff ./system/src/newlib/startup.o
 .debug_loc     0x0000000000001598       0x6f ./system/src/newlib/syscalls.o
 .debug_loc     0x0000000000001607       0x7e ./system/src/cortexm/exception-handlers.o
 .debug_loc     0x0000000000001685       0xe7 ./system/src/cmsis/system_stm32f1xx.o
 .debug_loc     0x000000000000176c      0x16f ./src/cdcacm.o
 .debug_loc     0x00000000000018db      0x170 /home/src/eclipse-workspace/stm32f1_irdecode/libopencm3/lib/libopencm3_stm32f1.a(gpio.o)
 .debug_loc     0x0000000000001a4b       0xbe /home/src/eclipse-workspace/stm32f1_irdecode/libopencm3/lib/libopencm3_stm32f1.a(gpio_common_all.o)
 .debug_loc     0x0000000000001b09      0x662 /home/src/eclipse-workspace/stm32f1_irdecode/libopencm3/lib/libopencm3_stm32f1.a(rcc.o)
 .debug_loc     0x000000000000216b      0x16a /home/src/eclipse-workspace/stm32f1_irdecode/libopencm3/lib/libopencm3_stm32f1.a(rcc_common_all.o)
 .debug_loc     0x00000000000022d5       0x25 /home/src/eclipse-workspace/stm32f1_irdecode/libopencm3/lib/libopencm3_stm32f1.a(timer.o)
 .debug_loc     0x00000000000022fa      0x48d /home/src/eclipse-workspace/stm32f1_irdecode/libopencm3/lib/libopencm3_stm32f1.a(timer_common_all.o)
 .debug_loc     0x0000000000002787      0x544 /home/src/eclipse-workspace/stm32f1_irdecode/libopencm3/lib/libopencm3_stm32f1.a(usb.o)
 .debug_loc     0x0000000000002ccb      0x81a /home/src/eclipse-workspace/stm32f1_irdecode/libopencm3/lib/libopencm3_stm32f1.a(usb_control.o)
 .debug_loc     0x00000000000034e5     0x13fc /home/src/eclipse-workspace/stm32f1_irdecode/libopencm3/lib/libopencm3_stm32f1.a(usb_standard.o)
 .debug_loc     0x00000000000048e1      0x1b5 /home/src/eclipse-workspace/stm32f1_irdecode/libopencm3/lib/libopencm3_stm32f1.a(st_usbfs_v1.o)
 .debug_loc     0x0000000000004a96      0x14d /home/src/eclipse-workspace/stm32f1_irdecode/libopencm3/lib/libopencm3_stm32f1.a(nvic.o)
 .debug_loc     0x0000000000004be3       0x47 /home/src/eclipse-workspace/stm32f1_irdecode/libopencm3/lib/libopencm3_stm32f1.a(flash_common_all.o)
 .debug_loc     0x0000000000004c2a      0x878 /home/src/eclipse-workspace/stm32f1_irdecode/libopencm3/lib/libopencm3_stm32f1.a(st_usbfs_core.o)

.debug_macinfo
 *(.debug_macinfo)

.debug_weaknames
 *(.debug_weaknames)

.debug_funcnames
 *(.debug_funcnames)

.debug_typenames
 *(.debug_typenames)

.debug_varnames
 *(.debug_varnames)
OUTPUT(stm32f1_irdecode.elf elf32-littlearm)
LOAD linker stubs

.debug_ranges   0x0000000000000000      0xf08
 .debug_ranges  0x0000000000000000       0xc8 ./system/src/stm32f1-hal/stm32f1xx_hal.o
 .debug_ranges  0x00000000000000c8      0x180 ./system/src/stm32f1-hal/stm32f1xx_hal_cortex.o
 .debug_ranges  0x0000000000000248      0x140 ./system/src/stm32f1-hal/stm32f1xx_hal_rcc.o
 .debug_ranges  0x0000000000000388       0x18 ./system/src/newlib/exit.o
 .debug_ranges  0x00000000000003a0       0x10 ./system/src/newlib/sbrk.o
 .debug_ranges  0x00000000000003b0       0x78 ./system/src/newlib/startup.o
 .debug_ranges  0x0000000000000428       0x20 ./system/src/newlib/syscalls.o
 .debug_ranges  0x0000000000000448       0x70 ./system/src/cortexm/exception-handlers.o
 .debug_ranges  0x00000000000004b8       0x18 ./system/src/cortexm/initialize-hardware.o
 .debug_ranges  0x00000000000004d0       0x10 ./system/src/cortexm/reset-hardware.o
 .debug_ranges  0x00000000000004e0       0x18 ./system/src/cmsis/system_stm32f1xx.o
 .debug_ranges  0x00000000000004f8       0x10 ./system/src/cmsis/vectors_stm32f103x6.o
 .debug_ranges  0x0000000000000508       0xd0 ./src/cdcacm.o
 .debug_ranges  0x00000000000005d8       0x18 ./src/initialize-hardware.o
 .debug_ranges  0x00000000000005f0       0x10 ./src/stm32f1xx_hal_msp.o
 .debug_ranges  0x0000000000000600       0x28 /home/src/eclipse-workspace/stm32f1_irdecode/libopencm3/lib/libopencm3_stm32f1.a(gpio.o)
 .debug_ranges  0x0000000000000628       0x40 /home/src/eclipse-workspace/stm32f1_irdecode/libopencm3/lib/libopencm3_stm32f1.a(gpio_common_all.o)
 .debug_ranges  0x0000000000000668      0x208 /home/src/eclipse-workspace/stm32f1_irdecode/libopencm3/lib/libopencm3_stm32f1.a(rcc.o)
 .debug_ranges  0x0000000000000870       0x60 /home/src/eclipse-workspace/stm32f1_irdecode/libopencm3/lib/libopencm3_stm32f1.a(rcc_common_all.o)
 .debug_ranges  0x00000000000008d0       0x10 /home/src/eclipse-workspace/stm32f1_irdecode/libopencm3/lib/libopencm3_stm32f1.a(timer.o)
 .debug_ranges  0x00000000000008e0      0x260 /home/src/eclipse-workspace/stm32f1_irdecode/libopencm3/lib/libopencm3_stm32f1.a(timer_common_all.o)
 .debug_ranges  0x0000000000000b40       0x80 /home/src/eclipse-workspace/stm32f1_irdecode/libopencm3/lib/libopencm3_stm32f1.a(usb.o)
 .debug_ranges  0x0000000000000bc0       0x90 /home/src/eclipse-workspace/stm32f1_irdecode/libopencm3/lib/libopencm3_stm32f1.a(usb_control.o)
 .debug_ranges  0x0000000000000c50      0x100 /home/src/eclipse-workspace/stm32f1_irdecode/libopencm3/lib/libopencm3_stm32f1.a(usb_standard.o)
 .debug_ranges  0x0000000000000d50       0x20 /home/src/eclipse-workspace/stm32f1_irdecode/libopencm3/lib/libopencm3_stm32f1.a(st_usbfs_v1.o)
 .debug_ranges  0x0000000000000d70       0x50 /home/src/eclipse-workspace/stm32f1_irdecode/libopencm3/lib/libopencm3_stm32f1.a(nvic.o)
 .debug_ranges  0x0000000000000dc0       0x28 /home/src/eclipse-workspace/stm32f1_irdecode/libopencm3/lib/libopencm3_stm32f1.a(flash_common_all.o)
 .debug_ranges  0x0000000000000de8      0x120 /home/src/eclipse-workspace/stm32f1_irdecode/libopencm3/lib/libopencm3_stm32f1.a(st_usbfs_core.o)

.debug_macro    0x0000000000000000     0x5d68
 .debug_macro   0x0000000000000000       0xb8 /home/src/eclipse-workspace/stm32f1_irdecode/libopencm3/lib/libopencm3_stm32f1.a(gpio.o)
 .debug_macro   0x00000000000000b8      0xa84 /home/src/eclipse-workspace/stm32f1_irdecode/libopencm3/lib/libopencm3_stm32f1.a(gpio.o)
 .debug_macro   0x0000000000000b3c       0x1c /home/src/eclipse-workspace/stm32f1_irdecode/libopencm3/lib/libopencm3_stm32f1.a(gpio.o)
 .debug_macro   0x0000000000000b58       0x22 /home/src/eclipse-workspace/stm32f1_irdecode/libopencm3/lib/libopencm3_stm32f1.a(gpio.o)
 .debug_macro   0x0000000000000b7a       0x56 /home/src/eclipse-workspace/stm32f1_irdecode/libopencm3/lib/libopencm3_stm32f1.a(gpio.o)
 .debug_macro   0x0000000000000bd0       0x51 /home/src/eclipse-workspace/stm32f1_irdecode/libopencm3/lib/libopencm3_stm32f1.a(gpio.o)
 .debug_macro   0x0000000000000c21      0x103 /home/src/eclipse-workspace/stm32f1_irdecode/libopencm3/lib/libopencm3_stm32f1.a(gpio.o)
 .debug_macro   0x0000000000000d24       0x6a /home/src/eclipse-workspace/stm32f1_irdecode/libopencm3/lib/libopencm3_stm32f1.a(gpio.o)
 .debug_macro   0x0000000000000d8e      0x1df /home/src/eclipse-workspace/stm32f1_irdecode/libopencm3/lib/libopencm3_stm32f1.a(gpio.o)
 .debug_macro   0x0000000000000f6d       0x22 /home/src/eclipse-workspace/stm32f1_irdecode/libopencm3/lib/libopencm3_stm32f1.a(gpio.o)
 .debug_macro   0x0000000000000f8f       0xe8 /home/src/eclipse-workspace/stm32f1_irdecode/libopencm3/lib/libopencm3_stm32f1.a(gpio.o)
 .debug_macro   0x0000000000001077       0x76 /home/src/eclipse-workspace/stm32f1_irdecode/libopencm3/lib/libopencm3_stm32f1.a(gpio.o)
 .debug_macro   0x00000000000010ed      0x1b4 /home/src/eclipse-workspace/stm32f1_irdecode/libopencm3/lib/libopencm3_stm32f1.a(gpio.o)
 .debug_macro   0x00000000000012a1       0x76 /home/src/eclipse-workspace/stm32f1_irdecode/libopencm3/lib/libopencm3_stm32f1.a(gpio.o)
 .debug_macro   0x0000000000001317      0xe2e /home/src/eclipse-workspace/stm32f1_irdecode/libopencm3/lib/libopencm3_stm32f1.a(gpio.o)